Archive member included to satisfy reference by file (symbol)

/opt/st/stm32cubeide_1.17.0/plugins/com.st.stm32cube.ide.mcu.externaltools.gnu-tools-for-stm32.12.3.rel1.linux64_1.1.0.202410170702/tools/bin/../lib/gcc/arm-none-eabi/12.3.1/../../../../arm-none-eabi/lib/thumb/v7e-m+dp/hard/libc_nano.a(libc_a-exit.o)
                              /opt/st/stm32cubeide_1.17.0/plugins/com.st.stm32cube.ide.mcu.externaltools.gnu-tools-for-stm32.12.3.rel1.linux64_1.1.0.202410170702/tools/bin/../lib/gcc/arm-none-eabi/12.3.1/../../../../arm-none-eabi/lib/thumb/v7e-m+dp/hard/crt0.o (exit)
/opt/st/stm32cubeide_1.17.0/plugins/com.st.stm32cube.ide.mcu.externaltools.gnu-tools-for-stm32.12.3.rel1.linux64_1.1.0.202410170702/tools/bin/../lib/gcc/arm-none-eabi/12.3.1/../../../../arm-none-eabi/lib/thumb/v7e-m+dp/hard/libc_nano.a(libc_a-findfp.o)
                              ./Middlewares/Third_Party/FreeRTOS/Source/tasks.o (__sf)
/opt/st/stm32cubeide_1.17.0/plugins/com.st.stm32cube.ide.mcu.externaltools.gnu-tools-for-stm32.12.3.rel1.linux64_1.1.0.202410170702/tools/bin/../lib/gcc/arm-none-eabi/12.3.1/../../../../arm-none-eabi/lib/thumb/v7e-m+dp/hard/libc_nano.a(libc_a-fwalk.o)
                              /opt/st/stm32cubeide_1.17.0/plugins/com.st.stm32cube.ide.mcu.externaltools.gnu-tools-for-stm32.12.3.rel1.linux64_1.1.0.202410170702/tools/bin/../lib/gcc/arm-none-eabi/12.3.1/../../../../arm-none-eabi/lib/thumb/v7e-m+dp/hard/libc_nano.a(libc_a-findfp.o) (_fwalk_sglue)
/opt/st/stm32cubeide_1.17.0/plugins/com.st.stm32cube.ide.mcu.externaltools.gnu-tools-for-stm32.12.3.rel1.linux64_1.1.0.202410170702/tools/bin/../lib/gcc/arm-none-eabi/12.3.1/../../../../arm-none-eabi/lib/thumb/v7e-m+dp/hard/libc_nano.a(libc_a-stdio.o)
                              /opt/st/stm32cubeide_1.17.0/plugins/com.st.stm32cube.ide.mcu.externaltools.gnu-tools-for-stm32.12.3.rel1.linux64_1.1.0.202410170702/tools/bin/../lib/gcc/arm-none-eabi/12.3.1/../../../../arm-none-eabi/lib/thumb/v7e-m+dp/hard/libc_nano.a(libc_a-findfp.o) (__sread)
/opt/st/stm32cubeide_1.17.0/plugins/com.st.stm32cube.ide.mcu.externaltools.gnu-tools-for-stm32.12.3.rel1.linux64_1.1.0.202410170702/tools/bin/../lib/gcc/arm-none-eabi/12.3.1/../../../../arm-none-eabi/lib/thumb/v7e-m+dp/hard/libc_nano.a(libc_a-memmove.o)
                              ./Core/Src/freertos.o (memmove)
/opt/st/stm32cubeide_1.17.0/plugins/com.st.stm32cube.ide.mcu.externaltools.gnu-tools-for-stm32.12.3.rel1.linux64_1.1.0.202410170702/tools/bin/../lib/gcc/arm-none-eabi/12.3.1/../../../../arm-none-eabi/lib/thumb/v7e-m+dp/hard/libc_nano.a(libc_a-memset.o)
                              /opt/st/stm32cubeide_1.17.0/plugins/com.st.stm32cube.ide.mcu.externaltools.gnu-tools-for-stm32.12.3.rel1.linux64_1.1.0.202410170702/tools/bin/../lib/gcc/arm-none-eabi/12.3.1/../../../../arm-none-eabi/lib/thumb/v7e-m+dp/hard/crt0.o (memset)
/opt/st/stm32cubeide_1.17.0/plugins/com.st.stm32cube.ide.mcu.externaltools.gnu-tools-for-stm32.12.3.rel1.linux64_1.1.0.202410170702/tools/bin/../lib/gcc/arm-none-eabi/12.3.1/../../../../arm-none-eabi/lib/thumb/v7e-m+dp/hard/libc_nano.a(libc_a-closer.o)
                              /opt/st/stm32cubeide_1.17.0/plugins/com.st.stm32cube.ide.mcu.externaltools.gnu-tools-for-stm32.12.3.rel1.linux64_1.1.0.202410170702/tools/bin/../lib/gcc/arm-none-eabi/12.3.1/../../../../arm-none-eabi/lib/thumb/v7e-m+dp/hard/libc_nano.a(libc_a-stdio.o) (_close_r)
/opt/st/stm32cubeide_1.17.0/plugins/com.st.stm32cube.ide.mcu.externaltools.gnu-tools-for-stm32.12.3.rel1.linux64_1.1.0.202410170702/tools/bin/../lib/gcc/arm-none-eabi/12.3.1/../../../../arm-none-eabi/lib/thumb/v7e-m+dp/hard/libc_nano.a(libc_a-reent.o)
                              ./Middlewares/Third_Party/FreeRTOS/Source/tasks.o (_reclaim_reent)
/opt/st/stm32cubeide_1.17.0/plugins/com.st.stm32cube.ide.mcu.externaltools.gnu-tools-for-stm32.12.3.rel1.linux64_1.1.0.202410170702/tools/bin/../lib/gcc/arm-none-eabi/12.3.1/../../../../arm-none-eabi/lib/thumb/v7e-m+dp/hard/libc_nano.a(libc_a-impure.o)
                              ./Middlewares/Third_Party/FreeRTOS/Source/tasks.o (_impure_ptr)
/opt/st/stm32cubeide_1.17.0/plugins/com.st.stm32cube.ide.mcu.externaltools.gnu-tools-for-stm32.12.3.rel1.linux64_1.1.0.202410170702/tools/bin/../lib/gcc/arm-none-eabi/12.3.1/../../../../arm-none-eabi/lib/thumb/v7e-m+dp/hard/libc_nano.a(libc_a-lseekr.o)
                              /opt/st/stm32cubeide_1.17.0/plugins/com.st.stm32cube.ide.mcu.externaltools.gnu-tools-for-stm32.12.3.rel1.linux64_1.1.0.202410170702/tools/bin/../lib/gcc/arm-none-eabi/12.3.1/../../../../arm-none-eabi/lib/thumb/v7e-m+dp/hard/libc_nano.a(libc_a-stdio.o) (_lseek_r)
/opt/st/stm32cubeide_1.17.0/plugins/com.st.stm32cube.ide.mcu.externaltools.gnu-tools-for-stm32.12.3.rel1.linux64_1.1.0.202410170702/tools/bin/../lib/gcc/arm-none-eabi/12.3.1/../../../../arm-none-eabi/lib/thumb/v7e-m+dp/hard/libc_nano.a(libc_a-readr.o)
[...]
Memory Configuration

Name             Origin             Length             Attributes
ITCMRAM          0x00000000         0x00010000         xrw
FLASH            0x08000000         0x00200000         xr
DTCMRAM1         0x20000000         0x00010000         xrw
DTCMRAM2         0x20010000         0x00010000         xrw
RAM              0x24000000         0x00100000         xrw
RAM_CD           0x30000000         0x00020000         xrw
RAM_SRD          0x38000000         0x00008000         xrw
*default*        0x00000000         0xffffffff

Linker script and memory map

LOAD /opt/st/stm32cubeide_1.17.0/plugins/com.st.stm32cube.ide.mcu.externaltools.gnu-tools-for-stm32.12.3.rel1.linux64_1.1.0.202410170702/tools/bin/../lib/gcc/arm-none-eabi/12.3.1/thumb/v7e-m+dp/hard/crti.o
LOAD /opt/st/stm32cubeide_1.17.0/plugins/com.st.stm32cube.ide.mcu.externaltools.gnu-tools-for-stm32.12.3.rel1.linux64_1.1.0.202410170702/tools/bin/../lib/gcc/arm-none-eabi/12.3.1/thumb/v7e-m+dp/hard/crtbegin.o
LOAD /opt/st/stm32cubeide_1.17.0/plugins/com.st.stm32cube.ide.mcu.externaltools.gnu-tools-for-stm32.12.3.rel1.linux64_1.1.0.202410170702/tools/bin/../lib/gcc/arm-none-eabi/12.3.1/../../../../arm-none-eabi/lib/thumb/v7e-m+dp/hard/crt0.o
LOAD ./Core/Src/ads1292r.o
LOAD ./Core/Src/dma.o
LOAD ./Core/Src/emg_features.o
LOAD ./Core/Src/emg_filter.o
LOAD ./Core/Src/freertos.o
LOAD ./Core/Src/gpio.o
LOAD ./Core/Src/i2c.o
LOAD ./Core/Src/imu_interpolation.o
LOAD ./Core/Src/lsm6dso_imu.o
LOAD ./Core/Src/main.o
LOAD ./Core/Src/max86141.o
LOAD ./Core/Src/memorymap.o
LOAD ./Core/Src/nlms_filter.o
LOAD ./Core/Src/ppg_features.o
LOAD ./Core/Src/ppg_filter.o
LOAD ./Core/Src/shtc3.o
LOAD ./Core/Src/spi.o
LOAD ./Core/Src/stm32h7xx_hal_msp.o
LOAD ./Core/Src/stm32h7xx_hal_timebase_tim.o
LOAD ./Core/Src/stm32h7xx_it.o
LOAD ./Core/Src/syscalls.o
LOAD ./Core/Src/sysmem.o
LOAD ./Core/Src/system_stm32h7xx.o
LOAD ./Core/Src/temp_features.o
LOAD ./Core/Src/tim.o
LOAD ./Core/Src/tmp117.o
LOAD ./Core/Startup/startup_stm32h7a3zitxq.o
LOAD ./Drivers/BSP/Components/lsm6dso/lsm6dso.o
LOAD ./Drivers/BSP/Components/lsm6dso/lsm6dso_reg.o
LOAD ./Drivers/BSP/STM32H7xx_Nucleo/stm32h7xx_nucleo.o
LOAD ./Drivers/STM32H7xx_HAL_Driver/Src/stm32h7xx_hal.o
LOAD ./Drivers/STM32H7xx_HAL_Driver/Src/stm32h7xx_hal_cortex.o
LOAD ./Drivers/STM32H7xx_HAL_Driver/Src/stm32h7xx_hal_dma.o
LOAD ./Drivers/STM32H7xx_HAL_Driver/Src/stm32h7xx_hal_dma_ex.o
LOAD ./Drivers/STM32H7xx_HAL_Driver/Src/stm32h7xx_hal_exti.o
LOAD ./Drivers/STM32H7xx_HAL_Driver/Src/stm32h7xx_hal_flash.o
LOAD ./Drivers/STM32H7xx_HAL_Driver/Src/stm32h7xx_hal_flash_ex.o
LOAD ./Drivers/STM32H7xx_HAL_Driver/Src/stm32h7xx_hal_gpio.o
LOAD ./Drivers/STM32H7xx_HAL_Driver/Src/stm32h7xx_hal_hsem.o
LOAD ./Drivers/STM32H7xx_HAL_Driver/Src/stm32h7xx_hal_i2c.o
LOAD ./Drivers/STM32H7xx_HAL_Driver/Src/stm32h7xx_hal_i2c_ex.o
LOAD ./Drivers/STM32H7xx_HAL_Driver/Src/stm32h7xx_hal_mdma.o
LOAD ./Drivers/STM32H7xx_HAL_Driver/Src/stm32h7xx_hal_pwr.o
LOAD ./Drivers/STM32H7xx_HAL_Driver/Src/stm32h7xx_hal_pwr_ex.o
LOAD ./Drivers/STM32H7xx_HAL_Driver/Src/stm32h7xx_hal_rcc.o
LOAD ./Drivers/STM32H7xx_HAL_Driver/Src/stm32h7xx_hal_rcc_ex.o
LOAD ./Drivers/STM32H7xx_HAL_Driver/Src/stm32h7xx_hal_spi.o
LOAD ./Drivers/STM32H7xx_HAL_Driver/Src/stm32h7xx_hal_spi_ex.o
LOAD ./Drivers/STM32H7xx_HAL_Driver/Src/stm32h7xx_hal_tim.o
LOAD ./Drivers/STM32H7xx_HAL_Driver/Src/stm32h7xx_hal_tim_ex.o
LOAD ./Drivers/STM32H7xx_HAL_Driver/Src/stm32h7xx_hal_uart.o
LOAD ./Drivers/STM32H7xx_HAL_Driver/Src/stm32h7xx_hal_uart_ex.o
LOAD ./Drivers/STM32H7xx_HAL_Driver/Src/stm32h7xx_hal_usart.o
LOAD ./Drivers/STM32H7xx_HAL_Driver/Src/stm32h7xx_hal_usart_ex.o
LOAD ./Middlewares/Third_Party/FreeRTOS/Source/CMSIS_RTOS_V2/cmsis_os2.o
LOAD ./Middlewares/Third_Party/FreeRTOS/Source/croutine.o
LOAD ./Middlewares/Third_Party/FreeRTOS/Source/event_groups.o
LOAD ./Middlewares/Third_Party/FreeRTOS/Source/list.o
LOAD ./Middlewares/Third_Party/FreeRTOS/Source/queue.o
LOAD ./Middlewares/Third_Party/FreeRTOS/Source/stream_buffer.o
LOAD ./Middlewares/Third_Party/FreeRTOS/Source/tasks.o
LOAD ./Middlewares/Third_Party/FreeRTOS/Source/timers.o
LOAD ./Middlewares/Third_Party/FreeRTOS/Source/portable/GCC/ARM_CM4F/port.o
LOAD ./Middlewares/Third_Party/FreeRTOS/Source/portable/MemMang/heap_4.o
START GROUP
LOAD /opt/st/stm32cubeide_1.17.0/plugins/com.st.stm32cube.ide.mcu.externaltools.gnu-tools-for-stm32.12.3.rel1.linux64_1.1.0.202410170702/tools/bin/../lib/gcc/arm-none-eabi/12.3.1/../../../../arm-none-eabi/lib/thumb/v7e-m+dp/hard/libc_nano.a
LOAD /opt/st/stm32cubeide_1.17.0/plugins/com.st.stm32cube.ide.mcu.externaltools.gnu-tools-for-stm32.12.3.rel1.linux64_1.1.0.202410170702/tools/bin/../lib/gcc/arm-none-eabi/12.3.1/../../../../arm-none-eabi/lib/thumb/v7e-m+dp/hard/libm.a
END GROUP
START GROUP
LOAD /opt/st/stm32cubeide_1.17.0/plugins/com.st.stm32cube.ide.mcu.externaltools.gnu-tools-for-stm32.12.3.rel1.linux64_1.1.0.202410170702/tools/bin/../lib/gcc/arm-none-eabi/12.3.1/thumb/v7e-m+dp/hard/libgcc.a
LOAD /opt/st/stm32cubeide_1.17.0/plugins/com.st.stm32cube.ide.mcu.externaltools.gnu-tools-for-stm32.12.3.rel1.linux64_1.1.0.202410170702/tools/bin/../lib/gcc/arm-none-eabi/12.3.1/../../../../arm-none-eabi/lib/thumb/v7e-m+dp/hard/libc_nano.a
END GROUP
START GROUP
LOAD /opt/st/stm32cubeide_1.17.0/plugins/com.st.stm32cube.ide.mcu.externaltools.gnu-tools-for-stm32.12.3.rel1.linux64_1.1.0.202410170702/tools/bin/../lib/gcc/arm-none-eabi/12.3.1/thumb/v7e-m+dp/hard/libgcc.a
LOAD /opt/st/stm32cubeide_1.17.0/plugins/com.st.stm32cube.ide.mcu.externaltools.gnu-tools-for-stm32.12.3.rel1.linux64_1.1.0.202410170702/tools/bin/../lib/gcc/arm-none-eabi/12.3.1/../../../../arm-none-eabi/lib/thumb/v7e-m+dp/hard/libc_nano.a
LOAD /opt/st/stm32cubeide_1.17.0/plugins/com.st.stm32cube.ide.mcu.externaltools.gnu-tools-for-stm32.12.3.rel1.linux64_1.1.0.202410170702/tools/bin/../lib/gcc/arm-none-eabi/12.3.1/../../../../arm-none-eabi/lib/thumb/v7e-m+dp/hard/libnosys.a
END GROUP
START GROUP
LOAD /opt/st/stm32cubeide_1.17.0/plugins/com.st.stm32cube.ide.mcu.externaltools.gnu-tools-for-stm32.12.3.rel1.linux64_1.1.0.202410170702/tools/bin/../lib/gcc/arm-none-eabi/12.3.1/thumb/v7e-m+dp/hard/libgcc.a
LOAD /opt/st/stm32cubeide_1.17.0/plugins/com.st.stm32cube.ide.mcu.externaltools.gnu-tools-for-stm32.12.3.rel1.linux64_1.1.0.202410170702/tools/bin/../lib/gcc/arm-none-eabi/12.3.1/../../../../arm-none-eabi/lib/thumb/v7e-m+dp/hard/libc_nano.a
LOAD /opt/st/stm32cubeide_1.17.0/plugins/com.st.stm32cube.ide.mcu.externaltools.gnu-tools-for-stm32.12.3.rel1.linux64_1.1.0.202410170702/tools/bin/../lib/gcc/arm-none-eabi/12.3.1/../../../../arm-none-eabi/lib/thumb/v7e-m+dp/hard/libnosys.a
END GROUP
LOAD /opt/st/stm32cubeide_1.17.0/plugins/com.st.stm32cube.ide.mcu.externaltools.gnu-tools-for-stm32.12.3.rel1.linux64_1.1.0.202410170702/tools/bin/../lib/gcc/arm-none-eabi/12.3.1/thumb/v7e-m+dp/hard/crtend.o
LOAD /opt/st/stm32cubeide_1.17.0/plugins/com.st.stm32cube.ide.mcu.externaltools.gnu-tools-for-stm32.12.3.rel1.linux64_1.1.0.202410170702/tools/bin/../lib/gcc/arm-none-eabi/12.3.1/thumb/v7e-m+dp/hard/crtn.o
                0x24100000                        _estack = (ORIGIN (RAM) + LENGTH (RAM))
                0x00000200                        _Min_Heap_Size = 0x200
                0x00000400                        _Min_Stack_Size = 0x400

.isr_vector     0x08000000      0x2ac
                0x08000000                        . = ALIGN (0x4)
 *(.isr_vector)
 .isr_vector    0x08000000      0x2ac ./Core/Startup/startup_stm32h7a3zitxq.o
                0x08000000                g_pfnVectors
                0x080002ac                        . = ALIGN (0x4)

.text           0x080002b0    0x16388
                0x080002b0                        . = ALIGN (0x4)
 *(.text)
 .text          0x080002b0       0x40 /opt/st/stm32cubeide_1.17.0/plugins/com.st.stm32cube.ide.mcu.externaltools.gnu-tools-for-stm32.12.3.rel1.linux64_1.1.0.202410170702/tools/bin/../lib/gcc/arm-none-eabi/12.3.1/thumb/v7e-m+dp/hard/crtbegin.o
 .text          0x080002f0      0x378 /opt/st/stm32cubeide_1.17.0/plugins/com.st.stm32cube.ide.mcu.externaltools.gnu-tools-for-stm32.12.3.rel1.linux64_1.1.0.202410170702/tools/bin/../lib/gcc/arm-none-eabi/12.3.1/thumb/v7e-m+dp/hard/libgcc.a(_arm_addsubdf3.o)
                0x080002f0                __aeabi_drsub
                0x080002f8                __aeabi_dsub
                0x080002f8                __subdf3
                0x080002fc                __adddf3
                0x080002fc                __aeabi_dadd
                0x08000574                __aeabi_ui2d
                0x08000574                __floatunsidf
                0x08000594                __floatsidf
                0x08000594                __aeabi_i2d
                0x080005b8                __extendsfdf2
                0x080005b8                __aeabi_f2d
                0x080005fc                __aeabi_ul2d
                0x080005fc                __floatundidf
                0x0800060c                __floatdidf
                0x0800060c                __aeabi_l2d
 .text          0x08000668       0x30 /opt/st/stm32cubeide_1.17.0/plugins/com.st.stm32cube.ide.mcu.externaltools.gnu-tools-for-stm32.12.3.rel1.linux64_1.1.0.202410170702/tools/bin/../lib/gcc/arm-none-eabi/12.3.1/thumb/v7e-m+dp/hard/libgcc.a(_aeabi_uldivmod.o)
                0x08000668                __aeabi_uldivmod
 .text          0x08000698      0x2bc /opt/st/stm32cubeide_1.17.0/plugins/com.st.stm32cube.ide.mcu.externaltools.gnu-tools-for-stm32.12.3.rel1.linux64_1.1.0.202410170702/tools/bin/../lib/gcc/arm-none-eabi/12.3.1/thumb/v7e-m+dp/hard/libgcc.a(_udivmoddi4.o)
                0x08000698                __udivmoddi4
 .text          0x08000954        0x4 /opt/st/stm32cubeide_1.17.0/plugins/com.st.stm32cube.ide.mcu.externaltools.gnu-tools-for-stm32.12.3.rel1.linux64_1.1.0.202410170702/tools/bin/../lib/gcc/arm-none-eabi/12.3.1/thumb/v7e-m+dp/hard/libgcc.a(_dvmd_tls.o)
                0x08000954                __aeabi_ldiv0
                0x08000954                __aeabi_idiv0
 *(.text*)
 .text.ADS1292R_SetBuffer
                0x08000958      0x3bc ./Core/Src/ads1292r.o
                0x08000958                ADS1292R_SetBuffer
 .text.ADS1292R_SPI_TransmitReceive
                0x08000d14       0x30 ./Core/Src/ads1292r.o
                0x08000d14                ADS1292R_SPI_TransmitReceive
 .text.ADS1292R_SendCmd
                0x08000d44       0x48 ./Core/Src/ads1292r.o
                0x08000d44                ADS1292R_SendCmd
 .text.ADS1292R_RwReg
                0x08000d8c       0x78 ./Core/Src/ads1292r.o
                0x08000d8c                ADS1292R_RwReg
 .text.ADS1292R_WriteMultiRegs
                0x08000e04       0x8c ./Core/Src/ads1292r.o
                0x08000e04                ADS1292R_WriteMultiRegs
 .text.ADS1292R_GetValue
                0x08000e90        0xe ./Core/Src/ads1292r.o
                0x08000e90                ADS1292R_GetValue
 *fill*         0x08000e9e        0x2 
 .text.ADS1292R_Init
                0x08000ea0       0xfc ./Core/Src/ads1292r.o
                0x08000ea0                ADS1292R_Init
 .text.ADS1292R_ADCStartNormal
                0x08000f9c       0x48 ./Core/Src/ads1292r.o
                0x08000f9c                ADS1292R_ADCStartNormal
 .text.ADS1292R_Decode
                0x08000fe4       0x86 ./Core/Src/ads1292r.o
                0x08000fe4                ADS1292R_Decode
 *fill*         0x0800106a        0x2 
 .text.MX_DMA_Init
                0x0800106c       0x50 ./Core/Src/dma.o
                0x0800106c                MX_DMA_Init
 .text.EMG_Calc_RMS
                0x080010bc       0x8c ./Core/Src/emg_features.o
                0x080010bc                EMG_Calc_RMS
 .text.EMG_Calc_MAV
                0x08001148       0x7c ./Core/Src/emg_features.o
                0x08001148                EMG_Calc_MAV
 .text.EMG_Calc_iEMG
                0x080011c4       0x7c ./Core/Src/emg_features.o
                0x080011c4                EMG_Calc_iEMG
 .text.calc_psd_simple
                0x08001240      0x1bc ./Core/Src/emg_features.o
 .text.EMG_Calc_MDF
                0x080013fc      0x1e0 ./Core/Src/emg_features.o
                0x080013fc                EMG_Calc_MDF
 .text.EMG_Calc_MNF
                0x080015dc      0x188 ./Core/Src/emg_features.o
                0x080015dc                EMG_Calc_MNF
 .text.EMG_Filter_Init
                0x08001764       0x74 ./Core/Src/emg_filter.o
                0x08001764                EMG_Filter_Init
 .text.EMG_Filter_Apply
                0x080017d8      0x1ac ./Core/Src/emg_filter.o
                0x080017d8                EMG_Filter_Apply
 .text.MX_FREERTOS_Init
                0x08001984      0x1f8 ./Core/Src/freertos.o
                0x08001984                MX_FREERTOS_Init
 .text.StartTaskEMG
                0x08001b7c       0x94 ./Core/Src/freertos.o
                0x08001b7c                StartTaskEMG
 .text.StartTaskPPG
                0x08001c10      0x1a8 ./Core/Src/freertos.o
                0x08001c10                StartTaskPPG
 .text.StartTaskIMU
                0x08001db8       0xac ./Core/Src/freertos.o
                0x08001db8                StartTaskIMU
 .text.StartTaskTemp
                0x08001e64      0x134 ./Core/Src/freertos.o
                0x08001e64                StartTaskTemp
 .text.StartTaskDSP
                0x08001f98      0x4dc ./Core/Src/freertos.o
                0x08001f98                StartTaskDSP
 .text.StartTempProcess
                0x08002474       0xb8 ./Core/Src/freertos.o
                0x08002474                StartTempProcess
 .text.StartTaskFeatures
                0x0800252c      0x39c ./Core/Src/freertos.o
                0x0800252c                StartTaskFeatures
 .text.StartTaskEMGProcess
                0x080028c8      0x138 ./Core/Src/freertos.o
                0x080028c8                StartTaskEMGProcess
 .text.MX_GPIO_Init
                0x08002a00      0x198 ./Core/Src/gpio.o
                0x08002a00                MX_GPIO_Init
 .text.MX_I2C1_Init
                0x08002b98       0x80 ./Core/Src/i2c.o
                0x08002b98                MX_I2C1_Init
 .text.HAL_I2C_MspInit
                0x08002c18       0xd0 ./Core/Src/i2c.o
                0x08002c18                HAL_I2C_MspInit
 .text.IMU_Interp_Init
                0x08002ce8       0x54 ./Core/Src/imu_interpolation.o
                0x08002ce8                IMU_Interp_Init
 .text.IMU_Interp_SetBatch
                0x08002d3c       0xec ./Core/Src/imu_interpolation.o
                0x08002d3c                IMU_Interp_SetBatch
 .text.IMU_Interp_GetMag
                0x08002e28      0x1d8 ./Core/Src/imu_interpolation.o
                0x08002e28                IMU_Interp_GetMag
 .text.IMU_Interp_Normalize
                0x08003000       0x34 ./Core/Src/imu_interpolation.o
                0x08003000                IMU_Interp_Normalize
 .text.LSM6DSO_SPI_Write
                0x08003034       0x84 ./Core/Src/lsm6dso_imu.o
 .text.LSM6DSO_SPI_Read
                0x080030b8       0x8c ./Core/Src/lsm6dso_imu.o
 .text.LSM6DSO_IMU_Init
                0x08003144      0x140 ./Core/Src/lsm6dso_imu.o
                0x08003144                LSM6DSO_IMU_Init
 .text.LSM6DSO_IMU_Start
                0x08003284       0x5c ./Core/Src/lsm6dso_imu.o
                0x08003284                LSM6DSO_IMU_Start
 .text.LSM6DSO_IMU_ReadFIFO_Raw
                0x080032e0      0x178 ./Core/Src/lsm6dso_imu.o
                0x080032e0                LSM6DSO_IMU_ReadFIFO_Raw
 .text.main     0x08003458      0x154 ./Core/Src/main.o
                0x08003458                main
 .text.SystemClock_Config
                0x080035ac       0xec ./Core/Src/main.o
                0x080035ac                SystemClock_Config
 .text.MX_NVIC_Init
                0x08003698       0x18 ./Core/Src/main.o
 .text.MPU_Config
                0x080036b0       0x58 ./Core/Src/main.o
 .text.HAL_TIM_PeriodElapsedCallback
                0x08003708       0x24 ./Core/Src/main.o
                0x08003708                HAL_TIM_PeriodElapsedCallback
 .text.Error_Handler
                0x0800372c        0xc ./Core/Src/main.o
                0x0800372c                Error_Handler
 .text.CS_LOW   0x08003738       0x20 ./Core/Src/max86141.o
 .text.CS_HIGH  0x08003758       0x20 ./Core/Src/max86141.o
 .text.MAX86141_WriteReg
                0x08003778       0x4a ./Core/Src/max86141.o
                0x08003778                MAX86141_WriteReg
 .text.MAX86141_ReadReg
                0x080037c2       0x56 ./Core/Src/max86141.o
                0x080037c2                MAX86141_ReadReg
 .text.MAX86141_Init
                0x08003818      0x110 ./Core/Src/max86141.o
                0x08003818                MAX86141_Init
 .text.MAX86141_GetFIFOCount
                0x08003928       0x2c ./Core/Src/max86141.o
                0x08003928                MAX86141_GetFIFOCount
 .text.MAX86141_DecodeFIFO
                0x08003954      0x158 ./Core/Src/max86141.o
                0x08003954                MAX86141_DecodeFIFO
 .text.NLMS_Init
                0x08003aac       0x26 ./Core/Src/nlms_filter.o
                0x08003aac                NLMS_Init
 .text.NLMS_Apply
                0x08003ad2       0x80 ./Core/Src/nlms_filter.o
                0x08003ad2                NLMS_Apply
 *fill*         0x08003b52        0x2 
 .text.calc_mean
                0x08003b54       0x74 ./Core/Src/ppg_features.o
 .text.calc_variance
                0x08003bc8       0x90 ./Core/Src/ppg_features.o
 .text.calc_std
                0x08003c58       0x30 ./Core/Src/ppg_features.o
 .text.PPG_DetectPeaks
                0x08003c88      0x1f0 ./Core/Src/ppg_features.o
                0x08003c88                PPG_DetectPeaks
 .text.PPG_CalcRR
                0x08003e78      0x104 ./Core/Src/ppg_features.o
                0x08003e78                PPG_CalcRR
 .text.PPG_CalcBPM
                0x08003f7c       0xb0 ./Core/Src/ppg_features.o
                0x08003f7c                PPG_CalcBPM
 .text.PPG_CalcSDNN
                0x0800402c       0x44 ./Core/Src/ppg_features.o
                0x0800402c                PPG_CalcSDNN
 .text.PPG_CalcRMSSD
                0x08004070       0xa8 ./Core/Src/ppg_features.o
                0x08004070                PPG_CalcRMSSD
 .text.PPG_CalcPNN50
                0x08004118       0xbc ./Core/Src/ppg_features.o
                0x08004118                PPG_CalcPNN50
 .text.PPG_CalcLFHF
                0x080041d4      0x27c ./Core/Src/ppg_features.o
                0x080041d4                PPG_CalcLFHF
 .text.PPG_CalcSpO2
                0x08004450      0x24c ./Core/Src/ppg_features.o
                0x08004450                PPG_CalcSpO2
 .text.PPG_CalcAmplitude
                0x0800469c       0xa8 ./Core/Src/ppg_features.o
                0x0800469c                PPG_CalcAmplitude
 .text.PPG_CalcSkewness
                0x08004744      0x188 ./Core/Src/ppg_features.o
                0x08004744                PPG_CalcSkewness
 .text.PPG_Filter_Init
                0x080048cc       0x54 ./Core/Src/ppg_filter.o
                0x080048cc                PPG_Filter_Init
 .text.PPG_Filter_Apply
                0x08004920      0x128 ./Core/Src/ppg_filter.o
                0x08004920                PPG_Filter_Apply
 .text.shtc3_read_id
                0x08004a48       0x8c ./Core/Src/shtc3.o
                0x08004a48                shtc3_read_id
 .text.shtc3_sleep
                0x08004ad4       0x38 ./Core/Src/shtc3.o
                0x08004ad4                shtc3_sleep
 .text.shtc3_wakeup
                0x08004b0c       0x38 ./Core/Src/shtc3.o
                0x08004b0c                shtc3_wakeup
 .text.checkCRC
                0x08004b44       0x96 ./Core/Src/shtc3.o
 *fill*         0x08004bda        0x2 
 .text._read_values
                0x08004bdc       0xb8 ./Core/Src/shtc3.o
 .text._perform_measurements
                0x08004c94       0x68 ./Core/Src/shtc3.o
 .text.shtc3_perform_measurements
                0x08004cfc       0x24 ./Core/Src/shtc3.o
                0x08004cfc                shtc3_perform_measurements
 .text.MX_SPI2_Init
                0x08004d20       0xac ./Core/Src/spi.o
                0x08004d20                MX_SPI2_Init
 .text.HAL_SPI_MspInit
                0x08004dcc      0x1f4 ./Core/Src/spi.o
                0x08004dcc                HAL_SPI_MspInit
 .text.HAL_MspInit
                0x08004fc0       0x3c ./Core/Src/stm32h7xx_hal_msp.o
                0x08004fc0                HAL_MspInit
 .text.HAL_InitTick
                0x08004ffc       0xd8 ./Core/Src/stm32h7xx_hal_timebase_tim.o
                0x08004ffc                HAL_InitTick
 .text.NMI_Handler
                0x080050d4        0x8 ./Core/Src/stm32h7xx_it.o
                0x080050d4                NMI_Handler
 .text.HardFault_Handler
                0x080050dc        0x8 ./Core/Src/stm32h7xx_it.o
                0x080050dc                HardFault_Handler
 .text.MemManage_Handler
                0x080050e4        0x8 ./Core/Src/stm32h7xx_it.o
                0x080050e4                MemManage_Handler
 .text.BusFault_Handler
                0x080050ec        0x8 ./Core/Src/stm32h7xx_it.o
                0x080050ec                BusFault_Handler
 .text.UsageFault_Handler
                0x080050f4        0x8 ./Core/Src/stm32h7xx_it.o
                0x080050f4                UsageFault_Handler
 .text.DebugMon_Handler
                0x080050fc        0xe ./Core/Src/stm32h7xx_it.o
                0x080050fc                DebugMon_Handler
 *fill*         0x0800510a        0x2 
 .text.DMA1_Stream3_IRQHandler
                0x0800510c       0x14 ./Core/Src/stm32h7xx_it.o
                0x0800510c                DMA1_Stream3_IRQHandler
 .text.DMA1_Stream4_IRQHandler
                0x08005120       0x14 ./Core/Src/stm32h7xx_it.o
                0x08005120                DMA1_Stream4_IRQHandler
 .text.TIM2_IRQHandler
                0x08005134       0x14 ./Core/Src/stm32h7xx_it.o
                0x08005134                TIM2_IRQHandler
 .text.SPI2_IRQHandler
                0x08005148       0x14 ./Core/Src/stm32h7xx_it.o
                0x08005148                SPI2_IRQHandler
 .text.EXTI15_10_IRQHandler
                0x0800515c       0x3c ./Core/Src/stm32h7xx_it.o
                0x0800515c                EXTI15_10_IRQHandler
 .text.TIM7_IRQHandler
                0x08005198       0x14 ./Core/Src/stm32h7xx_it.o
                0x08005198                TIM7_IRQHandler
 .text.HAL_GPIO_EXTI_Callback
                0x080051ac       0xb4 ./Core/Src/stm32h7xx_it.o
                0x080051ac                HAL_GPIO_EXTI_Callback
 .text.HAL_SPI_RxCpltCallback
                0x08005260       0x60 ./Core/Src/stm32h7xx_it.o
                0x08005260                HAL_SPI_RxCpltCallback
 .text.SystemInit
                0x080052c0        0xe ./Core/Src/system_stm32h7xx.o
                0x080052c0                SystemInit
 *fill*         0x080052ce        0x2 
 .text.ExitRun0Mode
                0x080052d0       0x30 ./Core/Src/system_stm32h7xx.o
                0x080052d0                ExitRun0Mode
 .text.Temp_Calc_Mean
                0x08005300       0x78 ./Core/Src/temp_features.o
                0x08005300                Temp_Calc_Mean
 .text.Temp_Calc_Delta
                0x08005378       0xc0 ./Core/Src/temp_features.o
                0x08005378                Temp_Calc_Delta
 .text.Temp_Calc_Drift
                0x08005438       0xa4 ./Core/Src/temp_features.o
                0x08005438                Temp_Calc_Drift
 .text.Temp_Calc_Var
                0x080054dc       0xd4 ./Core/Src/temp_features.o
                0x080054dc                Temp_Calc_Var
 .text.MX_TIM2_Init
                0x080055b0       0x9c ./Core/Src/tim.o
                0x080055b0                MX_TIM2_Init
 .text.HAL_TIM_Base_MspInit
                0x0800564c       0x4c ./Core/Src/tim.o
                0x0800564c                HAL_TIM_Base_MspInit
 .text.init     0x08005698       0x52 ./Core/Src/tmp117.o
                0x08005698                init
 .text.getResultTemperature
                0x080056ea       0x22 ./Core/Src/tmp117.o
                0x080056ea                getResultTemperature
 .text.getConfig
                0x0800570c       0x22 ./Core/Src/tmp117.o
                0x0800570c                getConfig
 .text.setConfig
                0x0800572e       0x24 ./Core/Src/tmp117.o
 .text.setAveraging
                0x08005752       0x62 ./Core/Src/tmp117.o
                0x08005752                setAveraging
 .text.setAlertMode
                0x080057b4       0x88 ./Core/Src/tmp117.o
                0x080057b4                setAlertMode
 .text.setConversionMode
                0x0800583c       0x68 ./Core/Src/tmp117.o
                0x0800583c                setConversionMode
 .text.setAlertPolarity
                0x080058a4       0x66 ./Core/Src/tmp117.o
                0x080058a4                setAlertPolarity
 .text.setConversionTime
                0x0800590a       0x68 ./Core/Src/tmp117.o
                0x0800590a                setConversionTime
 .text.twosCompToInt
                0x08005972       0x32 ./Core/Src/tmp117.o
 .text.readReg2B
                0x080059a4       0xb4 ./Core/Src/tmp117.o
 .text.writeReg2B
                0x08005a58       0x7c ./Core/Src/tmp117.o
 *fill*         0x08005ad4        0x4 
 .text.getTemperature
                0x08005ad8       0x70 ./Core/Src/tmp117.o
 .text.Reset_Handler
                0x08005b48       0x54 ./Core/Startup/startup_stm32h7a3zitxq.o
                0x08005b48                Reset_Handler
 .text.Default_Handler
                0x08005b9c        0x2 ./Core/Startup/startup_stm32h7a3zitxq.o
                0x08005b9c                RTC_Alarm_IRQHandler
                0x08005b9c                EXTI2_IRQHandler
                0x08005b9c                TIM8_CC_IRQHandler
                0x08005b9c                UART8_IRQHandler
                0x08005b9c                BDMA2_Channel1_IRQHandler
                0x08005b9c                SPI4_IRQHandler
                0x08005b9c                BDMA2_Channel0_IRQHandler
                0x08005b9c                TIM1_CC_IRQHandler
                0x08005b9c                DMA2_Stream5_IRQHandler
                0x08005b9c                JPEG_IRQHandler
                0x08005b9c                DMA1_Stream5_IRQHandler
                0x08005b9c                EXTI3_IRQHandler
                0x08005b9c                LPTIM4_IRQHandler
                0x08005b9c                TIM8_TRG_COM_TIM14_IRQHandler
                0x08005b9c                LPTIM2_IRQHandler
                0x08005b9c                DFSDM1_FLT1_IRQHandler
                0x08005b9c                DMAMUX2_OVR_IRQHandler
                0x08005b9c                GFXMMU_IRQHandler
                0x08005b9c                TIM8_UP_TIM13_IRQHandler
                0x08005b9c                I2C3_ER_IRQHandler
                0x08005b9c                DFSDM1_FLT2_IRQHandler
                0x08005b9c                USART10_IRQHandler
                0x08005b9c                MDMA_IRQHandler
                0x08005b9c                LPTIM3_IRQHandler
                0x08005b9c                BDMA2_Channel3_IRQHandler
                0x08005b9c                HSEM1_IRQHandler
                0x08005b9c                EXTI0_IRQHandler
                0x08005b9c                I2C2_EV_IRQHandler
                0x08005b9c                DAC2_IRQHandler
                0x08005b9c                DMA1_Stream2_IRQHandler
                0x08005b9c                FPU_IRQHandler
                0x08005b9c                OTG_HS_WKUP_IRQHandler
                0x08005b9c                FDCAN1_IT1_IRQHandler
                0x08005b9c                LTDC_ER_IRQHandler
                0x08005b9c                DMA2_Stream2_IRQHandler
                0x08005b9c                SPI1_IRQHandler
                0x08005b9c                OCTOSPI1_IRQHandler
                0x08005b9c                TIM6_DAC_IRQHandler
                0x08005b9c                BDMA2_Channel6_IRQHandler
                0x08005b9c                DMA2_Stream3_IRQHandler
                0x08005b9c                OCTOSPI2_IRQHandler
                0x08005b9c                SAI2_IRQHandler
                0x08005b9c                BDMA1_IRQHandler
                0x08005b9c                DFSDM1_FLT3_IRQHandler
                0x08005b9c                USART6_IRQHandler
                0x08005b9c                TIM17_IRQHandler
                0x08005b9c                USART3_IRQHandler
                0x08005b9c                LPTIM5_IRQHandler
                0x08005b9c                UART5_IRQHandler
                0x08005b9c                DMA2_Stream0_IRQHandler
                0x08005b9c                TIM4_IRQHandler
                0x08005b9c                I2C1_EV_IRQHandler
                0x08005b9c                DMA1_Stream6_IRQHandler
                0x08005b9c                DMAMUX1_OVR_IRQHandler
                0x08005b9c                DMA1_Stream1_IRQHandler
                0x08005b9c                TIM16_IRQHandler
                0x08005b9c                UART4_IRQHandler
                0x08005b9c                TIM3_IRQHandler
                0x08005b9c                RCC_IRQHandler
                0x08005b9c                UART9_IRQHandler
                0x08005b9c                TIM8_BRK_TIM12_IRQHandler
                0x08005b9c                TIM1_TRG_COM_IRQHandler
                0x08005b9c                Default_Handler
                0x08005b9c                ECC_IRQHandler
                0x08005b9c                BDMA2_Channel2_IRQHandler
                0x08005b9c                CEC_IRQHandler
                0x08005b9c                DFSDM1_FLT4_IRQHandler
                0x08005b9c                ADC_IRQHandler
                0x08005b9c                DMA1_Stream7_IRQHandler
                0x08005b9c                SPI5_IRQHandler
                0x08005b9c                SDMMC1_IRQHandler
                0x08005b9c                TIM5_IRQHandler
                0x08005b9c                DMA2_Stream7_IRQHandler
                0x08005b9c                TIM15_IRQHandler
                0x08005b9c                I2C3_EV_IRQHandler
                0x08005b9c                DFSDM2_IRQHandler
                0x08005b9c                EXTI9_5_IRQHandler
                0x08005b9c                RTC_WKUP_IRQHandler
                0x08005b9c                LTDC_IRQHandler
                0x08005b9c                SPDIF_RX_IRQHandler
                0x08005b9c                PVD_PVM_IRQHandler
                0x08005b9c                OTG_HS_EP1_IN_IRQHandler
                0x08005b9c                DFSDM1_FLT5_IRQHandler
                0x08005b9c                DMA1_Stream0_IRQHandler
                0x08005b9c                CRS_IRQHandler
                0x08005b9c                EXTI4_IRQHandler
                0x08005b9c                DFSDM1_FLT6_IRQHandler
                0x08005b9c                RNG_IRQHandler
                0x08005b9c                FDCAN2_IT1_IRQHandler
                0x08005b9c                COMP_IRQHandler
                0x08005b9c                TIM1_UP_IRQHandler
                0x08005b9c                OTG_HS_EP1_OUT_IRQHandler
                0x08005b9c                WWDG_IRQHandler
                0x08005b9c                SPI6_IRQHandler
                0x08005b9c                MDIOS_IRQHandler
                0x08005b9c                I2C4_EV_IRQHandler
                0x08005b9c                FDCAN2_IT0_IRQHandler
                0x08005b9c                LPUART1_IRQHandler
                0x08005b9c                FDCAN1_IT0_IRQHandler
                0x08005b9c                BDMA2_Channel5_IRQHandler
                0x08005b9c                OTG_HS_IRQHandler
                0x08005b9c                DMA2D_IRQHandler
                0x08005b9c                TIM1_BRK_IRQHandler
                0x08005b9c                EXTI1_IRQHandler
                0x08005b9c                SDMMC2_IRQHandler
                0x08005b9c                DTS_IRQHandler
                0x08005b9c                UART7_IRQHandler
                0x08005b9c                MDIOS_WKUP_IRQHandler
                0x08005b9c                USART2_IRQHandler
                0x08005b9c                DFSDM1_FLT0_IRQHandler
                0x08005b9c                I2C2_ER_IRQHandler
                0x08005b9c                DMA2_Stream1_IRQHandler
                0x08005b9c                DFSDM1_FLT7_IRQHandler
                0x08005b9c                FLASH_IRQHandler
                0x08005b9c                DMA2_Stream4_IRQHandler
                0x08005b9c                USART1_IRQHandler
                0x08005b9c                SPI3_IRQHandler
                0x08005b9c                WAKEUP_PIN_IRQHandler
                0x08005b9c                I2C1_ER_IRQHandler
                0x08005b9c                FMC_IRQHandler
                0x08005b9c                BDMA2_Channel7_IRQHandler
                0x08005b9c                FDCAN_CAL_IRQHandler
                0x08005b9c                SWPMI1_IRQHandler
                0x08005b9c                LPTIM1_IRQHandler
                0x08005b9c                DCMI_PSSI_IRQHandler
                0x08005b9c                I2C4_ER_IRQHandler
                0x08005b9c                DMA2_Stream6_IRQHandler
                0x08005b9c                SAI1_IRQHandler
                0x08005b9c                RTC_TAMP_STAMP_CSS_LSE_IRQHandler
                0x08005b9c                BDMA2_Channel4_IRQHandler
 .text.lsm6dso_read_reg
                0x08005b9e       0x3c ./Drivers/BSP/Components/lsm6dso/lsm6dso_reg.o
                0x08005b9e                lsm6dso_read_reg
 .text.lsm6dso_write_reg
                0x08005bda       0x3c ./Drivers/BSP/Components/lsm6dso/lsm6dso_reg.o
                0x08005bda                lsm6dso_write_reg
 *fill*         0x08005c16        0x2 
 .text.lsm6dso_from_fs4_to_mg
                0x08005c18       0x30 ./Drivers/BSP/Components/lsm6dso/lsm6dso_reg.o
                0x08005c18                lsm6dso_from_fs4_to_mg
 .text.lsm6dso_xl_full_scale_set
                0x08005c48       0x4c ./Drivers/BSP/Components/lsm6dso/lsm6dso_reg.o
                0x08005c48                lsm6dso_xl_full_scale_set
 .text.lsm6dso_xl_data_rate_set
                0x08005c94      0x1f4 ./Drivers/BSP/Components/lsm6dso/lsm6dso_reg.o
                0x08005c94                lsm6dso_xl_data_rate_set
 .text.lsm6dso_gy_full_scale_set
                0x08005e88       0x4c ./Drivers/BSP/Components/lsm6dso/lsm6dso_reg.o
                0x08005e88                lsm6dso_gy_full_scale_set
 .text.lsm6dso_gy_data_rate_set
                0x08005ed4      0x1f4 ./Drivers/BSP/Components/lsm6dso/lsm6dso_reg.o
                0x08005ed4                lsm6dso_gy_data_rate_set
 .text.lsm6dso_block_data_update_set
                0x080060c8       0x4c ./Drivers/BSP/Components/lsm6dso/lsm6dso_reg.o
                0x080060c8                lsm6dso_block_data_update_set
 .text.lsm6dso_fifo_out_raw_get
                0x08006114       0x22 ./Drivers/BSP/Components/lsm6dso/lsm6dso_reg.o
                0x08006114                lsm6dso_fifo_out_raw_get
 .text.lsm6dso_mem_bank_set
                0x08006136       0x3a ./Drivers/BSP/Components/lsm6dso/lsm6dso_reg.o
                0x08006136                lsm6dso_mem_bank_set
 .text.lsm6dso_device_id_get
                0x08006170       0x22 ./Drivers/BSP/Components/lsm6dso/lsm6dso_reg.o
                0x08006170                lsm6dso_device_id_get
 .text.lsm6dso_reset_set
                0x08006192       0x4c ./Drivers/BSP/Components/lsm6dso/lsm6dso_reg.o
                0x08006192                lsm6dso_reset_set
 .text.lsm6dso_reset_get
                0x080061de       0x32 ./Drivers/BSP/Components/lsm6dso/lsm6dso_reg.o
                0x080061de                lsm6dso_reset_get
 .text.lsm6dso_auto_increment_set
                0x08006210       0x4c ./Drivers/BSP/Components/lsm6dso/lsm6dso_reg.o
                0x08006210                lsm6dso_auto_increment_set
 .text.lsm6dso_fifo_watermark_set
                0x0800625c       0x70 ./Drivers/BSP/Components/lsm6dso/lsm6dso_reg.o
                0x0800625c                lsm6dso_fifo_watermark_set
 .text.lsm6dso_fifo_xl_batch_set
                0x080062cc       0x4c ./Drivers/BSP/Components/lsm6dso/lsm6dso_reg.o
                0x080062cc                lsm6dso_fifo_xl_batch_set
 .text.lsm6dso_fifo_gy_batch_set
                0x08006318       0x4c ./Drivers/BSP/Components/lsm6dso/lsm6dso_reg.o
                0x08006318                lsm6dso_fifo_gy_batch_set
 .text.lsm6dso_fifo_mode_set
                0x08006364       0x4c ./Drivers/BSP/Components/lsm6dso/lsm6dso_reg.o
                0x08006364                lsm6dso_fifo_mode_set
 .text.lsm6dso_fifo_data_level_get
                0x080063b0       0x50 ./Drivers/BSP/Components/lsm6dso/lsm6dso_reg.o
                0x080063b0                lsm6dso_fifo_data_level_get
 .text.lsm6dso_fifo_sensor_tag_get
                0x08006400      0x158 ./Drivers/BSP/Components/lsm6dso/lsm6dso_reg.o
                0x08006400                lsm6dso_fifo_sensor_tag_get
 .text.lsm6dso_fsm_enable_get
                0x08006558       0x42 ./Drivers/BSP/Components/lsm6dso/lsm6dso_reg.o
                0x08006558                lsm6dso_fsm_enable_get
 *fill*         0x0800659a        0x2 
 .text.lsm6dso_fsm_data_rate_get
                0x0800659c       0x9c ./Drivers/BSP/Components/lsm6dso/lsm6dso_reg.o
                0x0800659c                lsm6dso_fsm_data_rate_get
 .text.lsm6dso_pin_int1_route_set
                0x08006638      0x74c ./Drivers/BSP/Components/lsm6dso/lsm6dso_reg.o
                0x08006638                lsm6dso_pin_int1_route_set
 .text.lsm6dso_pin_int2_route_get
                0x08006d84      0x3d8 ./Drivers/BSP/Components/lsm6dso/lsm6dso_reg.o
                0x08006d84                lsm6dso_pin_int2_route_get
 .text.BSP_LED_Init
                0x0800715c       0xec ./Drivers/BSP/STM32H7xx_Nucleo/stm32h7xx_nucleo.o
                0x0800715c                BSP_LED_Init
 .text.BSP_LED_On
                0x08007248       0x54 ./Drivers/BSP/STM32H7xx_Nucleo/stm32h7xx_nucleo.o
                0x08007248                BSP_LED_On
 .text.BSP_PB_Init
                0x0800729c       0xe4 ./Drivers/BSP/STM32H7xx_Nucleo/stm32h7xx_nucleo.o
                0x0800729c                BSP_PB_Init
 .text.BSP_PB_Callback
                0x08007380       0x16 ./Drivers/BSP/STM32H7xx_Nucleo/stm32h7xx_nucleo.o
                0x08007380                BSP_PB_Callback
 *fill*         0x08007396        0x2 
 .text.BSP_COM_Init
                0x08007398       0x60 ./Drivers/BSP/STM32H7xx_Nucleo/stm32h7xx_nucleo.o
                0x08007398                BSP_COM_Init
 .text.MX_USART3_Init
                0x080073f8       0x64 ./Drivers/BSP/STM32H7xx_Nucleo/stm32h7xx_nucleo.o
                0x080073f8                MX_USART3_Init
 .text.BUTTON_USER_EXTI_Callback
                0x0800745c        0xe ./Drivers/BSP/STM32H7xx_Nucleo/stm32h7xx_nucleo.o
 *fill*         0x0800746a        0x2 
 .text.COM1_MspInit
                0x0800746c       0xb0 ./Drivers/BSP/STM32H7xx_Nucleo/stm32h7xx_nucleo.o
 .text.HAL_Init
                0x0800751c       0x78 ./Drivers/STM32H7xx_HAL_Driver/Src/stm32h7xx_hal.o
                0x0800751c                HAL_Init
 .text.HAL_IncTick
                0x08007594       0x28 ./Drivers/STM32H7xx_HAL_Driver/Src/stm32h7xx_hal.o
                0x08007594                HAL_IncTick
 .text.HAL_GetTick
                0x080075bc       0x18 ./Drivers/STM32H7xx_HAL_Driver/Src/stm32h7xx_hal.o
                0x080075bc                HAL_GetTick
 .text.HAL_Delay
                0x080075d4       0x48 ./Drivers/STM32H7xx_HAL_Driver/Src/stm32h7xx_hal.o
                0x080075d4                HAL_Delay
 .text.__NVIC_SetPriorityGrouping
                0x0800761c       0x48 ./Drivers/STM32H7xx_HAL_Driver/Src/stm32h7xx_hal_cortex.o
 .text.__NVIC_GetPriorityGrouping
                0x08007664       0x1c ./Drivers/STM32H7xx_HAL_Driver/Src/stm32h7xx_hal_cortex.o
 .text.__NVIC_EnableIRQ
                0x08007680       0x3c ./Drivers/STM32H7xx_HAL_Driver/Src/stm32h7xx_hal_cortex.o
 .text.__NVIC_SetPriority
                0x080076bc       0x54 ./Drivers/STM32H7xx_HAL_Driver/Src/stm32h7xx_hal_cortex.o
 .text.NVIC_EncodePriority
                0x08007710       0x66 ./Drivers/STM32H7xx_HAL_Driver/Src/stm32h7xx_hal_cortex.o
 .text.HAL_NVIC_SetPriorityGrouping
                0x08007776       0x16 ./Drivers/STM32H7xx_HAL_Driver/Src/stm32h7xx_hal_cortex.o
                0x08007776                HAL_NVIC_SetPriorityGrouping
 .text.HAL_NVIC_SetPriority
                0x0800778c       0x34 ./Drivers/STM32H7xx_HAL_Driver/Src/stm32h7xx_hal_cortex.o
                0x0800778c                HAL_NVIC_SetPriority
 .text.HAL_NVIC_EnableIRQ
                0x080077c0       0x1c ./Drivers/STM32H7xx_HAL_Driver/Src/stm32h7xx_hal_cortex.o
                0x080077c0                HAL_NVIC_EnableIRQ
 .text.HAL_MPU_Disable
                0x080077dc       0x30 ./Drivers/STM32H7xx_HAL_Driver/Src/stm32h7xx_hal_cortex.o
                0x080077dc                HAL_MPU_Disable
 .text.HAL_MPU_Enable
                0x0800780c       0x40 ./Drivers/STM32H7xx_HAL_Driver/Src/stm32h7xx_hal_cortex.o
                0x0800780c                HAL_MPU_Enable
 .text.HAL_MPU_ConfigRegion
                0x0800784c       0x80 ./Drivers/STM32H7xx_HAL_Driver/Src/stm32h7xx_hal_cortex.o
                0x0800784c                HAL_MPU_ConfigRegion
 .text.HAL_DMA_Init
                0x080078cc      0x71c ./Drivers/STM32H7xx_HAL_Driver/Src/stm32h7xx_hal_dma.o
                0x080078cc                HAL_DMA_Init
 .text.HAL_DMA_Start_IT
                0x08007fe8      0x4d4 ./Drivers/STM32H7xx_HAL_Driver/Src/stm32h7xx_hal_dma.o
                0x08007fe8                HAL_DMA_Start_IT
 .text.HAL_DMA_Abort
                0x080084bc      0x63c ./Drivers/STM32H7xx_HAL_Driver/Src/stm32h7xx_hal_dma.o
                0x080084bc                HAL_DMA_Abort
 .text.HAL_DMA_Abort_IT
                0x08008af8      0x48c ./Drivers/STM32H7xx_HAL_Driver/Src/stm32h7xx_hal_dma.o
                0x08008af8                HAL_DMA_Abort_IT
 .text.HAL_DMA_IRQHandler
                0x08008f84      0xec4 ./Drivers/STM32H7xx_HAL_Driver/Src/stm32h7xx_hal_dma.o
                0x08008f84                HAL_DMA_IRQHandler
 .text.HAL_DMA_GetError
                0x08009e48       0x18 ./Drivers/STM32H7xx_HAL_Driver/Src/stm32h7xx_hal_dma.o
                0x08009e48                HAL_DMA_GetError
 .text.DMA_SetConfig
                0x08009e60      0x3c8 ./Drivers/STM32H7xx_HAL_Driver/Src/stm32h7xx_hal_dma.o
 .text.DMA_CalcBaseAndBitshift
                0x0800a228      0x164 ./Drivers/STM32H7xx_HAL_Driver/Src/stm32h7xx_hal_dma.o
 .text.DMA_CheckFifoParam
                0x0800a38c       0xf8 ./Drivers/STM32H7xx_HAL_Driver/Src/stm32h7xx_hal_dma.o
 .text.DMA_CalcDMAMUXChannelBaseAndMask
                0x0800a484      0x134 ./Drivers/STM32H7xx_HAL_Driver/Src/stm32h7xx_hal_dma.o
 .text.DMA_CalcDMAMUXRequestGenBaseAndMask
                0x0800a5b8       0xe8 ./Drivers/STM32H7xx_HAL_Driver/Src/stm32h7xx_hal_dma.o
 .text.HAL_EXTI_RegisterCallback
                0x0800a6a0       0x3e ./Drivers/STM32H7xx_HAL_Driver/Src/stm32h7xx_hal_exti.o
                0x0800a6a0                HAL_EXTI_RegisterCallback
 .text.HAL_EXTI_GetHandle
                0x0800a6de       0x28 ./Drivers/STM32H7xx_HAL_Driver/Src/stm32h7xx_hal_exti.o
                0x0800a6de                HAL_EXTI_GetHandle
 *fill*         0x0800a706        0x2 
 .text.HAL_EXTI_IRQHandler
                0x0800a708       0x60 ./Drivers/STM32H7xx_HAL_Driver/Src/stm32h7xx_hal_exti.o
                0x0800a708                HAL_EXTI_IRQHandler
 .text.HAL_GPIO_Init
                0x0800a768      0x360 ./Drivers/STM32H7xx_HAL_Driver/Src/stm32h7xx_hal_gpio.o
                0x0800a768                HAL_GPIO_Init
 .text.HAL_GPIO_WritePin
                0x0800aac8       0x32 ./Drivers/STM32H7xx_HAL_Driver/Src/stm32h7xx_hal_gpio.o
                0x0800aac8                HAL_GPIO_WritePin
 .text.HAL_GPIO_EXTI_IRQHandler
                0x0800aafa       0x34 ./Drivers/STM32H7xx_HAL_Driver/Src/stm32h7xx_hal_gpio.o
                0x0800aafa                HAL_GPIO_EXTI_IRQHandler
 *fill*         0x0800ab2e        0x2 
 .text.HAL_I2C_Init
                0x0800ab30      0x138 ./Drivers/STM32H7xx_HAL_Driver/Src/stm32h7xx_hal_i2c.o
                0x0800ab30                HAL_I2C_Init
 .text.HAL_I2C_Master_Transmit
                0x0800ac68      0x230 ./Drivers/STM32H7xx_HAL_Driver/Src/stm32h7xx_hal_i2c.o
                0x0800ac68                HAL_I2C_Master_Transmit
 .text.HAL_I2C_Master_Receive
                0x0800ae98      0x1ec ./Drivers/STM32H7xx_HAL_Driver/Src/stm32h7xx_hal_i2c.o
                0x0800ae98                HAL_I2C_Master_Receive
 .text.I2C_Flush_TXDR
                0x0800b084       0x48 ./Drivers/STM32H7xx_HAL_Driver/Src/stm32h7xx_hal_i2c.o
 .text.I2C_WaitOnFlagUntilTimeout
                0x0800b0cc       0xb2 ./Drivers/STM32H7xx_HAL_Driver/Src/stm32h7xx_hal_i2c.o
 .text.I2C_WaitOnTXISFlagUntilTimeout
                0x0800b17e       0x8e ./Drivers/STM32H7xx_HAL_Driver/Src/stm32h7xx_hal_i2c.o
 .text.I2C_WaitOnSTOPFlagUntilTimeout
                0x0800b20c       0x86 ./Drivers/STM32H7xx_HAL_Driver/Src/stm32h7xx_hal_i2c.o
 *fill*         0x0800b292        0x2 
 .text.I2C_WaitOnRXNEFlagUntilTimeout
                0x0800b294      0x118 ./Drivers/STM32H7xx_HAL_Driver/Src/stm32h7xx_hal_i2c.o
 .text.I2C_IsErrorOccurred
                0x0800b3ac      0x1c0 ./Drivers/STM32H7xx_HAL_Driver/Src/stm32h7xx_hal_i2c.o
 .text.I2C_TransferConfig
                0x0800b56c       0x64 ./Drivers/STM32H7xx_HAL_Driver/Src/stm32h7xx_hal_i2c.o
 .text.HAL_I2CEx_ConfigAnalogFilter
                0x0800b5d0       0x96 ./Drivers/STM32H7xx_HAL_Driver/Src/stm32h7xx_hal_i2c_ex.o
                0x0800b5d0                HAL_I2CEx_ConfigAnalogFilter
 .text.HAL_I2CEx_ConfigDigitalFilter
                0x0800b666       0x98 ./Drivers/STM32H7xx_HAL_Driver/Src/stm32h7xx_hal_i2c_ex.o
                0x0800b666                HAL_I2CEx_ConfigDigitalFilter
 *fill*         0x0800b6fe        0x2 
 .text.HAL_PWREx_ConfigSupply
                0x0800b700       0xb4 ./Drivers/STM32H7xx_HAL_Driver/Src/stm32h7xx_hal_pwr_ex.o
                0x0800b700                HAL_PWREx_ConfigSupply
 .text.HAL_RCC_OscConfig
                0x0800b7b4      0x864 ./Drivers/STM32H7xx_HAL_Driver/Src/stm32h7xx_hal_rcc.o
                0x0800b7b4                HAL_RCC_OscConfig
 .text.HAL_RCC_ClockConfig
                0x0800c018      0x36c ./Drivers/STM32H7xx_HAL_Driver/Src/stm32h7xx_hal_rcc.o
                0x0800c018                HAL_RCC_ClockConfig
 .text.HAL_RCC_GetSysClockFreq
                0x0800c384      0x2f4 ./Drivers/STM32H7xx_HAL_Driver/Src/stm32h7xx_hal_rcc.o
                0x0800c384                HAL_RCC_GetSysClockFreq
 .text.HAL_RCC_GetHCLKFreq
                0x0800c678       0x60 ./Drivers/STM32H7xx_HAL_Driver/Src/stm32h7xx_hal_rcc.o
                0x0800c678                HAL_RCC_GetHCLKFreq
 .text.HAL_RCC_GetPCLK1Freq
                0x0800c6d8       0x2c ./Drivers/STM32H7xx_HAL_Driver/Src/stm32h7xx_hal_rcc.o
                0x0800c6d8                HAL_RCC_GetPCLK1Freq
 .text.HAL_RCC_GetPCLK2Freq
                0x0800c704       0x2c ./Drivers/STM32H7xx_HAL_Driver/Src/stm32h7xx_hal_rcc.o
                0x0800c704                HAL_RCC_GetPCLK2Freq
 .text.HAL_RCC_GetClockConfig
                0x0800c730       0x84 ./Drivers/STM32H7xx_HAL_Driver/Src/stm32h7xx_hal_rcc.o
                0x0800c730                HAL_RCC_GetClockConfig
 .text.HAL_RCCEx_PeriphCLKConfig
                0x0800c7b4     0x137c ./Drivers/STM32H7xx_HAL_Driver/Src/stm32h7xx_hal_rcc_ex.o
                0x0800c7b4                HAL_RCCEx_PeriphCLKConfig
 .text.HAL_RCCEx_GetD3PCLK1Freq
                0x0800db30       0x2c ./Drivers/STM32H7xx_HAL_Driver/Src/stm32h7xx_hal_rcc_ex.o
                0x0800db30                HAL_RCCEx_GetD3PCLK1Freq
 .text.HAL_RCCEx_GetPLL2ClockFreq
                0x0800db5c      0x2a8 ./Drivers/STM32H7xx_HAL_Driver/Src/stm32h7xx_hal_rcc_ex.o
                0x0800db5c                HAL_RCCEx_GetPLL2ClockFreq
 .text.HAL_RCCEx_GetPLL3ClockFreq
                0x0800de04      0x2a8 ./Drivers/STM32H7xx_HAL_Driver/Src/stm32h7xx_hal_rcc_ex.o
                0x0800de04                HAL_RCCEx_GetPLL3ClockFreq
 .text.RCCEx_PLL2_Config
                0x0800e0ac      0x164 ./Drivers/STM32H7xx_HAL_Driver/Src/stm32h7xx_hal_rcc_ex.o
 .text.RCCEx_PLL3_Config
                0x0800e210      0x164 ./Drivers/STM32H7xx_HAL_Driver/Src/stm32h7xx_hal_rcc_ex.o
 .text.HAL_SPI_Init
                0x0800e374      0x248 ./Drivers/STM32H7xx_HAL_Driver/Src/stm32h7xx_hal_spi.o
                0x0800e374                HAL_SPI_Init
 .text.HAL_SPI_Transmit
                0x0800e5bc      0x3dc ./Drivers/STM32H7xx_HAL_Driver/Src/stm32h7xx_hal_spi.o
                0x0800e5bc                HAL_SPI_Transmit
 .text.HAL_SPI_Receive
                0x0800e998      0x4e4 ./Drivers/STM32H7xx_HAL_Driver/Src/stm32h7xx_hal_spi.o
                0x0800e998                HAL_SPI_Receive
 .text.HAL_SPI_TransmitReceive
                0x0800ee7c      0x674 ./Drivers/STM32H7xx_HAL_Driver/Src/stm32h7xx_hal_spi.o
                0x0800ee7c                HAL_SPI_TransmitReceive
 .text.HAL_SPI_TransmitReceive_DMA
                0x0800f4f0      0x370 ./Drivers/STM32H7xx_HAL_Driver/Src/stm32h7xx_hal_spi.o
                0x0800f4f0                HAL_SPI_TransmitReceive_DMA
 .text.HAL_SPI_IRQHandler
                0x0800f860      0x39c ./Drivers/STM32H7xx_HAL_Driver/Src/stm32h7xx_hal_spi.o
                0x0800f860                HAL_SPI_IRQHandler
 .text.HAL_SPI_TxCpltCallback
                0x0800fbfc       0x14 ./Drivers/STM32H7xx_HAL_Driver/Src/stm32h7xx_hal_spi.o
                0x0800fbfc                HAL_SPI_TxCpltCallback
 .text.HAL_SPI_TxRxCpltCallback
                0x0800fc10       0x14 ./Drivers/STM32H7xx_HAL_Driver/Src/stm32h7xx_hal_spi.o
                0x0800fc10                HAL_SPI_TxRxCpltCallback
 .text.HAL_SPI_TxRxHalfCpltCallback
                0x0800fc24       0x14 ./Drivers/STM32H7xx_HAL_Driver/Src/stm32h7xx_hal_spi.o
                0x0800fc24                HAL_SPI_TxRxHalfCpltCallback
 .text.HAL_SPI_ErrorCallback
                0x0800fc38       0x14 ./Drivers/STM32H7xx_HAL_Driver/Src/stm32h7xx_hal_spi.o
                0x0800fc38                HAL_SPI_ErrorCallback
 .text.HAL_SPI_SuspendCallback
                0x0800fc4c       0x14 ./Drivers/STM32H7xx_HAL_Driver/Src/stm32h7xx_hal_spi.o
                0x0800fc4c                HAL_SPI_SuspendCallback
 .text.SPI_DMATransmitReceiveCplt
                0x0800fc60       0x46 ./Drivers/STM32H7xx_HAL_Driver/Src/stm32h7xx_hal_spi.o
 .text.SPI_DMAHalfTransmitReceiveCplt
                0x0800fca6       0x1c ./Drivers/STM32H7xx_HAL_Driver/Src/stm32h7xx_hal_spi.o
 .text.SPI_DMAError
                0x0800fcc2       0x46 ./Drivers/STM32H7xx_HAL_Driver/Src/stm32h7xx_hal_spi.o
 .text.SPI_DMAAbortOnError
                0x0800fd08       0x34 ./Drivers/STM32H7xx_HAL_Driver/Src/stm32h7xx_hal_spi.o
 .text.SPI_CloseTransfer
                0x0800fd3c      0x140 ./Drivers/STM32H7xx_HAL_Driver/Src/stm32h7xx_hal_spi.o
 .text.SPI_WaitOnFlagUntilTimeout
                0x0800fe7c       0x5c ./Drivers/STM32H7xx_HAL_Driver/Src/stm32h7xx_hal_spi.o
 .text.SPI_GetPacketSize
                0x0800fed8       0x36 ./Drivers/STM32H7xx_HAL_Driver/Src/stm32h7xx_hal_spi.o
 .text.HAL_TIM_Base_Init
                0x0800ff0e       0xae ./Drivers/STM32H7xx_HAL_Driver/Src/stm32h7xx_hal_tim.o
                0x0800ff0e                HAL_TIM_Base_Init
 .text.HAL_TIM_Base_Start
                0x0800ffbc       0xe0 ./Drivers/STM32H7xx_HAL_Driver/Src/stm32h7xx_hal_tim.o
                0x0800ffbc                HAL_TIM_Base_Start
 .text.HAL_TIM_Base_Start_IT
                0x0801009c       0xf0 ./Drivers/STM32H7xx_HAL_Driver/Src/stm32h7xx_hal_tim.o
                0x0801009c                HAL_TIM_Base_Start_IT
 .text.HAL_TIM_IRQHandler
                0x0801018c      0x20e ./Drivers/STM32H7xx_HAL_Driver/Src/stm32h7xx_hal_tim.o
                0x0801018c                HAL_TIM_IRQHandler
 *fill*         0x0801039a        0x2 
 .text.HAL_TIM_ConfigClockSource
                0x0801039c      0x1f0 ./Drivers/STM32H7xx_HAL_Driver/Src/stm32h7xx_hal_tim.o
                0x0801039c                HAL_TIM_ConfigClockSource
 .text.HAL_TIM_OC_DelayElapsedCallback
                0x0801058c       0x14 ./Drivers/STM32H7xx_HAL_Driver/Src/stm32h7xx_hal_tim.o
                0x0801058c                HAL_TIM_OC_DelayElapsedCallback
 .text.HAL_TIM_IC_CaptureCallback
                0x080105a0       0x14 ./Drivers/STM32H7xx_HAL_Driver/Src/stm32h7xx_hal_tim.o
                0x080105a0                HAL_TIM_IC_CaptureCallback
 .text.HAL_TIM_PWM_PulseFinishedCallback
                0x080105b4       0x14 ./Drivers/STM32H7xx_HAL_Driver/Src/stm32h7xx_hal_tim.o
                0x080105b4                HAL_TIM_PWM_PulseFinishedCallback
 .text.HAL_TIM_TriggerCallback
                0x080105c8       0x14 ./Drivers/STM32H7xx_HAL_Driver/Src/stm32h7xx_hal_tim.o
                0x080105c8                HAL_TIM_TriggerCallback
 .text.TIM_Base_SetConfig
                0x080105dc      0x140 ./Drivers/STM32H7xx_HAL_Driver/Src/stm32h7xx_hal_tim.o
                0x080105dc                TIM_Base_SetConfig
 .text.TIM_TI1_ConfigInputStage
                0x0801071c       0x5e ./Drivers/STM32H7xx_HAL_Driver/Src/stm32h7xx_hal_tim.o
 .text.TIM_TI2_ConfigInputStage
                0x0801077a       0x60 ./Drivers/STM32H7xx_HAL_Driver/Src/stm32h7xx_hal_tim.o
 *fill*         0x080107da        0x2 
 .text.TIM_ITRx_SetConfig
                0x080107dc       0x3c ./Drivers/STM32H7xx_HAL_Driver/Src/stm32h7xx_hal_tim.o
 .text.TIM_ETR_SetConfig
                0x08010818       0x40 ./Drivers/STM32H7xx_HAL_Driver/Src/stm32h7xx_hal_tim.o
                0x08010818                TIM_ETR_SetConfig
 .text.HAL_TIMEx_MasterConfigSynchronization
                0x08010858      0x11c ./Drivers/STM32H7xx_HAL_Driver/Src/stm32h7xx_hal_tim_ex.o
                0x08010858                HAL_TIMEx_MasterConfigSynchronization
 .text.HAL_TIMEx_CommutCallback
                0x08010974       0x14 ./Drivers/STM32H7xx_HAL_Driver/Src/stm32h7xx_hal_tim_ex.o
                0x08010974                HAL_TIMEx_CommutCallback
 .text.HAL_TIMEx_BreakCallback
                0x08010988       0x14 ./Drivers/STM32H7xx_HAL_Driver/Src/stm32h7xx_hal_tim_ex.o
                0x08010988                HAL_TIMEx_BreakCallback
 .text.HAL_TIMEx_Break2Callback
                0x0801099c       0x14 ./Drivers/STM32H7xx_HAL_Driver/Src/stm32h7xx_hal_tim_ex.o
                0x0801099c                HAL_TIMEx_Break2Callback
 .text.HAL_UART_Init
                0x080109b0       0xa0 ./Drivers/STM32H7xx_HAL_Driver/Src/stm32h7xx_hal_uart.o
                0x080109b0                HAL_UART_Init
 .text.HAL_UART_MspInit
                0x08010a50       0x14 ./Drivers/STM32H7xx_HAL_Driver/Src/stm32h7xx_hal_uart.o
                0x08010a50                HAL_UART_MspInit
 .text.UART_SetConfig
                0x08010a64      0xcd8 ./Drivers/STM32H7xx_HAL_Driver/Src/stm32h7xx_hal_uart.o
                0x08010a64                UART_SetConfig
 .text.UART_AdvFeatureConfig
                0x0801173c      0x144 ./Drivers/STM32H7xx_HAL_Driver/Src/stm32h7xx_hal_uart.o
                0x0801173c                UART_AdvFeatureConfig
 .text.UART_CheckIdleState
                0x08011880      0x154 ./Drivers/STM32H7xx_HAL_Driver/Src/stm32h7xx_hal_uart.o
                0x08011880                UART_CheckIdleState
 .text.UART_WaitOnFlagUntilTimeout
                0x080119d4       0xda ./Drivers/STM32H7xx_HAL_Driver/Src/stm32h7xx_hal_uart.o
                0x080119d4                UART_WaitOnFlagUntilTimeout
 *fill*         0x08011aae        0x2 
 .text.UART_EndRxTransfer
                0x08011ab0       0xcc ./Drivers/STM32H7xx_HAL_Driver/Src/stm32h7xx_hal_uart.o
 .text.__NVIC_SetPriority
                0x08011b7c       0x54 ./Middlewares/Third_Party/FreeRTOS/Source/CMSIS_RTOS_V2/cmsis_os2.o
 .text.SysTick_Handler
                0x08011bd0       0x20 ./Middlewares/Third_Party/FreeRTOS/Source/CMSIS_RTOS_V2/cmsis_os2.o
                0x08011bd0                SysTick_Handler
 .text.SVC_Setup
                0x08011bf0       0x12 ./Middlewares/Third_Party/FreeRTOS/Source/CMSIS_RTOS_V2/cmsis_os2.o
 *fill*         0x08011c02        0x2 
 .text.osKernelInitialize
                0x08011c04       0x48 ./Middlewares/Third_Party/FreeRTOS/Source/CMSIS_RTOS_V2/cmsis_os2.o
                0x08011c04                osKernelInitialize
 .text.osKernelStart
                0x08011c4c       0x4c ./Middlewares/Third_Party/FreeRTOS/Source/CMSIS_RTOS_V2/cmsis_os2.o
                0x08011c4c                osKernelStart
 .text.osThreadNew
                0x08011c98      0x124 ./Middlewares/Third_Party/FreeRTOS/Source/CMSIS_RTOS_V2/cmsis_os2.o
                0x08011c98                osThreadNew
 .text.osDelay  0x08011dbc       0x36 ./Middlewares/Third_Party/FreeRTOS/Source/CMSIS_RTOS_V2/cmsis_os2.o
                0x08011dbc                osDelay
 .text.osMutexNew
                0x08011df2      0x10c ./Middlewares/Third_Party/FreeRTOS/Source/CMSIS_RTOS_V2/cmsis_os2.o
                0x08011df2                osMutexNew
 .text.osMutexAcquire
                0x08011efe       0x96 ./Middlewares/Third_Party/FreeRTOS/Source/CMSIS_RTOS_V2/cmsis_os2.o
                0x08011efe                osMutexAcquire
 .text.osMutexRelease
                0x08011f94       0x7a ./Middlewares/Third_Party/FreeRTOS/Source/CMSIS_RTOS_V2/cmsis_os2.o
                0x08011f94                osMutexRelease
 .text.osMessageQueueNew
                0x0801200e       0xe6 ./Middlewares/Third_Party/FreeRTOS/Source/CMSIS_RTOS_V2/cmsis_os2.o
                0x0801200e                osMessageQueueNew
 .text.osMessageQueuePut
                0x080120f4       0xc0 ./Middlewares/Third_Party/FreeRTOS/Source/CMSIS_RTOS_V2/cmsis_os2.o
                0x080120f4                osMessageQueuePut
 .text.osMessageQueueGet
                0x080121b4       0xbc ./Middlewares/Third_Party/FreeRTOS/Source/CMSIS_RTOS_V2/cmsis_os2.o
                0x080121b4                osMessageQueueGet
 .text.osMessageQueueReset
                0x08012270       0x44 ./Middlewares/Third_Party/FreeRTOS/Source/CMSIS_RTOS_V2/cmsis_os2.o
                0x08012270                osMessageQueueReset
 .text.vApplicationGetIdleTaskMemory
                0x080122b4       0x34 ./Middlewares/Third_Party/FreeRTOS/Source/CMSIS_RTOS_V2/cmsis_os2.o
                0x080122b4                vApplicationGetIdleTaskMemory
 .text.vApplicationGetTimerTaskMemory
                0x080122e8       0x34 ./Middlewares/Third_Party/FreeRTOS/Source/CMSIS_RTOS_V2/cmsis_os2.o
                0x080122e8                vApplicationGetTimerTaskMemory
 .text.vListInitialise
                0x0801231c       0x40 ./Middlewares/Third_Party/FreeRTOS/Source/list.o
                0x0801231c                vListInitialise
 .text.vListInitialiseItem
                0x0801235c       0x1a ./Middlewares/Third_Party/FreeRTOS/Source/list.o
                0x0801235c                vListInitialiseItem
 .text.vListInsertEnd
                0x08012376       0x48 ./Middlewares/Third_Party/FreeRTOS/Source/list.o
                0x08012376                vListInsertEnd
 .text.vListInsert
                0x080123be       0x72 ./Middlewares/Third_Party/FreeRTOS/Source/list.o
                0x080123be                vListInsert
 .text.uxListRemove
                0x08012430       0x54 ./Middlewares/Third_Party/FreeRTOS/Source/list.o
                0x08012430                uxListRemove
 .text.xQueueGenericReset
                0x08012484       0xd4 ./Middlewares/Third_Party/FreeRTOS/Source/queue.o
                0x08012484                xQueueGenericReset
 .text.xQueueGenericCreateStatic
                0x08012558       0xfa ./Middlewares/Third_Party/FreeRTOS/Source/queue.o
                0x08012558                xQueueGenericCreateStatic
 .text.xQueueGenericCreate
                0x08012652       0x76 ./Middlewares/Third_Party/FreeRTOS/Source/queue.o
                0x08012652                xQueueGenericCreate
 .text.prvInitialiseNewQueue
                0x080126c8       0x46 ./Middlewares/Third_Party/FreeRTOS/Source/queue.o
 .text.prvInitialiseMutex
                0x0801270e       0x34 ./Middlewares/Third_Party/FreeRTOS/Source/queue.o
 .text.xQueueCreateMutex
                0x08012742       0x30 ./Middlewares/Third_Party/FreeRTOS/Source/queue.o
                0x08012742                xQueueCreateMutex
 .text.xQueueCreateMutexStatic
                0x08012772       0x36 ./Middlewares/Third_Party/FreeRTOS/Source/queue.o
                0x08012772                xQueueCreateMutexStatic
 .text.xQueueGiveMutexRecursive
                0x080127a8       0x6a ./Middlewares/Third_Party/FreeRTOS/Source/queue.o
                0x080127a8                xQueueGiveMutexRecursive
 .text.xQueueTakeMutexRecursive
                0x08012812       0x6e ./Middlewares/Third_Party/FreeRTOS/Source/queue.o
                0x08012812                xQueueTakeMutexRecursive
 .text.xQueueGenericSend
                0x08012880      0x204 ./Middlewares/Third_Party/FreeRTOS/Source/queue.o
                0x08012880                xQueueGenericSend
 .text.xQueueGenericSendFromISR
                0x08012a84      0x13c ./Middlewares/Third_Party/FreeRTOS/Source/queue.o
                0x08012a84                xQueueGenericSendFromISR
 .text.xQueueGiveFromISR
                0x08012bc0      0x120 ./Middlewares/Third_Party/FreeRTOS/Source/queue.o
                0x08012bc0                xQueueGiveFromISR
 .text.xQueueReceive
                0x08012ce0      0x1c4 ./Middlewares/Third_Party/FreeRTOS/Source/queue.o
                0x08012ce0                xQueueReceive
 .text.xQueueSemaphoreTake
                0x08012ea4      0x220 ./Middlewares/Third_Party/FreeRTOS/Source/queue.o
                0x08012ea4                xQueueSemaphoreTake
 .text.xQueueReceiveFromISR
                0x080130c4      0x104 ./Middlewares/Third_Party/FreeRTOS/Source/queue.o
                0x080130c4                xQueueReceiveFromISR
 .text.prvGetDisinheritPriorityAfterTimeout
                0x080131c8       0x30 ./Middlewares/Third_Party/FreeRTOS/Source/queue.o
 .text.prvCopyDataToQueue
                0x080131f8       0xd4 ./Middlewares/Third_Party/FreeRTOS/Source/queue.o
 .text.prvCopyDataFromQueue
                0x080132cc       0x4c ./Middlewares/Third_Party/FreeRTOS/Source/queue.o
 .text.prvUnlockQueue
                0x08013318       0xa4 ./Middlewares/Third_Party/FreeRTOS/Source/queue.o
 .text.prvIsQueueEmpty
                0x080133bc       0x2c ./Middlewares/Third_Party/FreeRTOS/Source/queue.o
 .text.prvIsQueueFull
                0x080133e8       0x30 ./Middlewares/Third_Party/FreeRTOS/Source/queue.o
 .text.vQueueAddToRegistry
                0x08013418       0x54 ./Middlewares/Third_Party/FreeRTOS/Source/queue.o
                0x08013418                vQueueAddToRegistry
 .text.vQueueWaitForMessageRestricted
                0x0801346c       0x68 ./Middlewares/Third_Party/FreeRTOS/Source/queue.o
                0x0801346c                vQueueWaitForMessageRestricted
 .text.xStreamBufferGenericCreate
                0x080134d4       0xbc ./Middlewares/Third_Party/FreeRTOS/Source/stream_buffer.o
                0x080134d4                xStreamBufferGenericCreate
 .text.xStreamBufferSpacesAvailable
                0x08013590       0x68 ./Middlewares/Third_Party/FreeRTOS/Source/stream_buffer.o
                0x08013590                xStreamBufferSpacesAvailable
 .text.xStreamBufferSend
                0x080135f8      0x172 ./Middlewares/Third_Party/FreeRTOS/Source/stream_buffer.o
                0x080135f8                xStreamBufferSend
 .text.prvWriteMessageToBuffer
                0x0801376a       0x7a ./Middlewares/Third_Party/FreeRTOS/Source/stream_buffer.o
 .text.xStreamBufferReceive
                0x080137e4      0x130 ./Middlewares/Third_Party/FreeRTOS/Source/stream_buffer.o
                0x080137e4                xStreamBufferReceive
 .text.prvReadMessageFromBuffer
                0x08013914       0x64 ./Middlewares/Third_Party/FreeRTOS/Source/stream_buffer.o
 .text.prvWriteBytesToBuffer
                0x08013978       0xea ./Middlewares/Third_Party/FreeRTOS/Source/stream_buffer.o
 .text.prvReadBytesFromBuffer
                0x08013a62       0xfa ./Middlewares/Third_Party/FreeRTOS/Source/stream_buffer.o
 .text.prvBytesInBuffer
                0x08013b5c       0x40 ./Middlewares/Third_Party/FreeRTOS/Source/stream_buffer.o
 .text.prvInitialiseNewStreamBuffer
                0x08013b9c       0x68 ./Middlewares/Third_Party/FreeRTOS/Source/stream_buffer.o
 .text.xTaskCreateStatic
                0x08013c04       0xc0 ./Middlewares/Third_Party/FreeRTOS/Source/tasks.o
                0x08013c04                xTaskCreateStatic
 .text.xTaskCreate
                0x08013cc4       0x8a ./Middlewares/Third_Party/FreeRTOS/Source/tasks.o
                0x08013cc4                xTaskCreate
 *fill*         0x08013d4e        0x2 
 .text.prvInitialiseNewTask
                0x08013d50      0x150 ./Middlewares/Third_Party/FreeRTOS/Source/tasks.o
 .text.prvAddNewTaskToReadyList
                0x08013ea0       0xe0 ./Middlewares/Third_Party/FreeRTOS/Source/tasks.o
 .text.vTaskDelay
                0x08013f80       0x6c ./Middlewares/Third_Party/FreeRTOS/Source/tasks.o
                0x08013f80                vTaskDelay
 .text.vTaskStartScheduler
                0x08013fec       0xe0 ./Middlewares/Third_Party/FreeRTOS/Source/tasks.o
                0x08013fec                vTaskStartScheduler
 .text.vTaskSuspendAll
                0x080140cc       0x1c ./Middlewares/Third_Party/FreeRTOS/Source/tasks.o
                0x080140cc                vTaskSuspendAll
 .text.xTaskResumeAll
                0x080140e8      0x13c ./Middlewares/Third_Party/FreeRTOS/Source/tasks.o
                0x080140e8                xTaskResumeAll
 .text.xTaskGetTickCount
                0x08014224       0x20 ./Middlewares/Third_Party/FreeRTOS/Source/tasks.o
                0x08014224                xTaskGetTickCount
 .text.xTaskIncrementTick
                0x08014244      0x174 ./Middlewares/Third_Party/FreeRTOS/Source/tasks.o
                0x08014244                xTaskIncrementTick
 .text.vTaskSwitchContext
                0x080143b8       0xcc ./Middlewares/Third_Party/FreeRTOS/Source/tasks.o
                0x080143b8                vTaskSwitchContext
 .text.vTaskPlaceOnEventList
                0x08014484       0x4c ./Middlewares/Third_Party/FreeRTOS/Source/tasks.o
                0x08014484                vTaskPlaceOnEventList
 .text.vTaskPlaceOnEventListRestricted
                0x080144d0       0x58 ./Middlewares/Third_Party/FreeRTOS/Source/tasks.o
                0x080144d0                vTaskPlaceOnEventListRestricted
 .text.xTaskRemoveFromEventList
                0x08014528       0xc8 ./Middlewares/Third_Party/FreeRTOS/Source/tasks.o
                0x08014528                xTaskRemoveFromEventList
 .text.vTaskSetTimeOutState
                0x080145f0       0x50 ./Middlewares/Third_Party/FreeRTOS/Source/tasks.o
                0x080145f0                vTaskSetTimeOutState
 .text.vTaskInternalSetTimeOutState
                0x08014640       0x2c ./Middlewares/Third_Party/FreeRTOS/Source/tasks.o
                0x08014640                vTaskInternalSetTimeOutState
 .text.xTaskCheckForTimeOut
                0x0801466c       0xc8 ./Middlewares/Third_Party/FreeRTOS/Source/tasks.o
                0x0801466c                xTaskCheckForTimeOut
 .text.vTaskMissedYield
                0x08014734       0x18 ./Middlewares/Third_Party/FreeRTOS/Source/tasks.o
                0x08014734                vTaskMissedYield
 .text.prvIdleTask
                0x0801474c       0x30 ./Middlewares/Third_Party/FreeRTOS/Source/tasks.o
 .text.prvInitialiseTaskLists
                0x0801477c       0x80 ./Middlewares/Third_Party/FreeRTOS/Source/tasks.o
 .text.prvCheckTasksWaitingTermination
                0x080147fc       0x5c ./Middlewares/Third_Party/FreeRTOS/Source/tasks.o
 .text.prvDeleteTCB
                0x08014858       0x6a ./Middlewares/Third_Party/FreeRTOS/Source/tasks.o
 *fill*         0x080148c2        0x2 
 .text.prvResetNextTaskUnblockTime
                0x080148c4       0x40 ./Middlewares/Third_Party/FreeRTOS/Source/tasks.o
 .text.xTaskGetCurrentTaskHandle
                0x08014904       0x20 ./Middlewares/Third_Party/FreeRTOS/Source/tasks.o
                0x08014904                xTaskGetCurrentTaskHandle
 .text.xTaskGetSchedulerState
                0x08014924       0x3c ./Middlewares/Third_Party/FreeRTOS/Source/tasks.o
                0x08014924                xTaskGetSchedulerState
 .text.xTaskPriorityInherit
                0x08014960       0xd0 ./Middlewares/Third_Party/FreeRTOS/Source/tasks.o
                0x08014960                xTaskPriorityInherit
 .text.xTaskPriorityDisinherit
                0x08014a30       0xe0 ./Middlewares/Third_Party/FreeRTOS/Source/tasks.o
                0x08014a30                xTaskPriorityDisinherit
 .text.vTaskPriorityDisinheritAfterTimeout
                0x08014b10      0x108 ./Middlewares/Third_Party/FreeRTOS/Source/tasks.o
                0x08014b10                vTaskPriorityDisinheritAfterTimeout
 .text.pvTaskIncrementMutexHeldCount
                0x08014c18       0x28 ./Middlewares/Third_Party/FreeRTOS/Source/tasks.o
                0x08014c18                pvTaskIncrementMutexHeldCount
 .text.ulTaskNotifyTake
                0x08014c40       0x98 ./Middlewares/Third_Party/FreeRTOS/Source/tasks.o
                0x08014c40                ulTaskNotifyTake
 .text.xTaskNotifyWait
                0x08014cd8       0xc0 ./Middlewares/Third_Party/FreeRTOS/Source/tasks.o
                0x08014cd8                xTaskNotifyWait
 .text.xTaskGenericNotify
                0x08014d98      0x184 ./Middlewares/Third_Party/FreeRTOS/Source/tasks.o
                0x08014d98                xTaskGenericNotify
 .text.vTaskNotifyGiveFromISR
                0x08014f1c      0x12c ./Middlewares/Third_Party/FreeRTOS/Source/tasks.o
                0x08014f1c                vTaskNotifyGiveFromISR
 .text.xTaskNotifyStateClear
                0x08015048       0x4c ./Middlewares/Third_Party/FreeRTOS/Source/tasks.o
                0x08015048                xTaskNotifyStateClear
 .text.prvAddCurrentTaskToDelayedList
                0x08015094       0xa8 ./Middlewares/Third_Party/FreeRTOS/Source/tasks.o
 .text.xTimerCreateTimerTask
                0x0801513c       0x94 ./Middlewares/Third_Party/FreeRTOS/Source/timers.o
                0x0801513c                xTimerCreateTimerTask
 .text.xTimerGenericCommand
                0x080151d0       0x9c ./Middlewares/Third_Party/FreeRTOS/Source/timers.o
                0x080151d0                xTimerGenericCommand
 .text.prvProcessExpiredTimer
                0x0801526c       0x9c ./Middlewares/Third_Party/FreeRTOS/Source/timers.o
 .text.prvTimerTask
                0x08015308       0x26 ./Middlewares/Third_Party/FreeRTOS/Source/timers.o
 *fill*         0x0801532e        0x2 
 .text.prvProcessTimerOrBlockTask
                0x08015330       0x9c ./Middlewares/Third_Party/FreeRTOS/Source/timers.o
 .text.prvGetNextExpireTime
                0x080153cc       0x48 ./Middlewares/Third_Party/FreeRTOS/Source/timers.o
 .text.prvSampleTimeNow
                0x08015414       0x40 ./Middlewares/Third_Party/FreeRTOS/Source/timers.o
 .text.prvInsertTimerInActiveList
                0x08015454       0x84 ./Middlewares/Third_Party/FreeRTOS/Source/timers.o
 .text.prvProcessReceivedCommands
                0x080154d8      0x1cc ./Middlewares/Third_Party/FreeRTOS/Source/timers.o
 .text.prvSwitchTimerLists
                0x080156a4       0xcc ./Middlewares/Third_Party/FreeRTOS/Source/timers.o
 .text.prvCheckForValidListAndQueue
                0x08015770       0x80 ./Middlewares/Third_Party/FreeRTOS/Source/timers.o
 .text.pxPortInitialiseStack
                0x080157f0       0x68 ./Middlewares/Third_Party/FreeRTOS/Source/portable/GCC/ARM_CM4F/port.o
                0x080157f0                pxPortInitialiseStack
 .text.prvTaskExitError
                0x08015858       0x5c ./Middlewares/Third_Party/FreeRTOS/Source/portable/GCC/ARM_CM4F/port.o
 *fill*         0x080158b4        0xc 
 .text.SVC_Handler
                0x080158c0       0x28 ./Middlewares/Third_Party/FreeRTOS/Source/portable/GCC/ARM_CM4F/port.o
                0x080158c0                SVC_Handler
 .text.prvPortStartFirstTask
                0x080158e8       0x28 ./Middlewares/Third_Party/FreeRTOS/Source/portable/GCC/ARM_CM4F/port.o
 .text.xPortStartScheduler
                0x08015910      0x148 ./Middlewares/Third_Party/FreeRTOS/Source/portable/GCC/ARM_CM4F/port.o
                0x08015910                xPortStartScheduler
 .text.vPortEnterCritical
                0x08015a58       0x64 ./Middlewares/Third_Party/FreeRTOS/Source/portable/GCC/ARM_CM4F/port.o
                0x08015a58                vPortEnterCritical
 .text.vPortExitCritical
                0x08015abc       0x54 ./Middlewares/Third_Party/FreeRTOS/Source/portable/GCC/ARM_CM4F/port.o
                0x08015abc                vPortExitCritical
 .text.PendSV_Handler
                0x08015b10       0x68 ./Middlewares/Third_Party/FreeRTOS/Source/portable/GCC/ARM_CM4F/port.o
                0x08015b10                PendSV_Handler
 .text.xPortSysTickHandler
                0x08015b78       0x44 ./Middlewares/Third_Party/FreeRTOS/Source/portable/GCC/ARM_CM4F/port.o
                0x08015b78                xPortSysTickHandler
 .text.vPortSetupTimerInterrupt
                0x08015bbc       0x48 ./Middlewares/Third_Party/FreeRTOS/Source/portable/GCC/ARM_CM4F/port.o
                0x08015bbc                vPortSetupTimerInterrupt
 .text.vPortEnableVFP
                0x08015c04       0x14 ./Middlewares/Third_Party/FreeRTOS/Source/portable/GCC/ARM_CM4F/port.o
 .text.vPortValidateInterruptPriority
                0x08015c18       0x84 ./Middlewares/Third_Party/FreeRTOS/Source/portable/GCC/ARM_CM4F/port.o
                0x08015c18                vPortValidateInterruptPriority
 .text.pvPortMalloc
                0x08015c9c      0x19c ./Middlewares/Third_Party/FreeRTOS/Source/portable/MemMang/heap_4.o
                0x08015c9c                pvPortMalloc
 .text.vPortFree
                0x08015e38       0xc8 ./Middlewares/Third_Party/FreeRTOS/Source/portable/MemMang/heap_4.o
                0x08015e38                vPortFree
 .text.prvHeapInit
                0x08015f00       0xc4 ./Middlewares/Third_Party/FreeRTOS/Source/portable/MemMang/heap_4.o
 .text.prvInsertBlockIntoFreeList
                0x08015fc4       0xb4 ./Middlewares/Third_Party/FreeRTOS/Source/portable/MemMang/heap_4.o
 .text.memmove  0x08016078       0x34 /opt/st/stm32cubeide_1.17.0/plugins/com.st.stm32cube.ide.mcu.externaltools.gnu-tools-for-stm32.12.3.rel1.linux64_1.1.0.202410170702/tools/bin/../lib/gcc/arm-none-eabi/12.3.1/../../../../arm-none-eabi/lib/thumb/v7e-m+dp/hard/libc_nano.a(libc_a-memmove.o)
                0x08016078                memmove
 .text.memset   0x080160ac       0x10 /opt/st/stm32cubeide_1.17.0/plugins/com.st.stm32cube.ide.mcu.externaltools.gnu-tools-for-stm32.12.3.rel1.linux64_1.1.0.202410170702/tools/bin/../lib/gcc/arm-none-eabi/12.3.1/../../../../arm-none-eabi/lib/thumb/v7e-m+dp/hard/libc_nano.a(libc_a-memset.o)
                0x080160ac                memset
 .text._reclaim_reent
                0x080160bc       0xac /opt/st/stm32cubeide_1.17.0/plugins/com.st.stm32cube.ide.mcu.externaltools.gnu-tools-for-stm32.12.3.rel1.linux64_1.1.0.202410170702/tools/bin/../lib/gcc/arm-none-eabi/12.3.1/../../../../arm-none-eabi/lib/thumb/v7e-m+dp/hard/libc_nano.a(libc_a-reent.o)
                0x080160bc                _reclaim_reent
 .text.__errno  0x08016168        0xc /opt/st/stm32cubeide_1.17.0/plugins/com.st.stm32cube.ide.mcu.externaltools.gnu-tools-for-stm32.12.3.rel1.linux64_1.1.0.202410170702/tools/bin/../lib/gcc/arm-none-eabi/12.3.1/../../../../arm-none-eabi/lib/thumb/v7e-m+dp/hard/libc_nano.a(libc_a-errno.o)
                0x08016168                __errno
 .text.__libc_init_array
                0x08016174       0x48 /opt/st/stm32cubeide_1.17.0/plugins/com.st.stm32cube.ide.mcu.externaltools.gnu-tools-for-stm32.12.3.rel1.linux64_1.1.0.202410170702/tools/bin/../lib/gcc/arm-none-eabi/12.3.1/../../../../arm-none-eabi/lib/thumb/v7e-m+dp/hard/libc_nano.a(libc_a-init.o)
                0x08016174                __libc_init_array
 .text.__retarget_lock_acquire_recursive
                0x080161bc        0x2 /opt/st/stm32cubeide_1.17.0/plugins/com.st.stm32cube.ide.mcu.externaltools.gnu-tools-for-stm32.12.3.rel1.linux64_1.1.0.202410170702/tools/bin/../lib/gcc/arm-none-eabi/12.3.1/../../../../arm-none-eabi/lib/thumb/v7e-m+dp/hard/libc_nano.a(libc_a-lock.o)
                0x080161bc                __retarget_lock_acquire_recursive
 .text.__retarget_lock_release_recursive
                0x080161be        0x2 /opt/st/stm32cubeide_1.17.0/plugins/com.st.stm32cube.ide.mcu.externaltools.gnu-tools-for-stm32.12.3.rel1.linux64_1.1.0.202410170702/tools/bin/../lib/gcc/arm-none-eabi/12.3.1/../../../../arm-none-eabi/lib/thumb/v7e-m+dp/hard/libc_nano.a(libc_a-lock.o)
                0x080161be                __retarget_lock_release_recursive
 .text.memcpy   0x080161c0       0x1c /opt/st/stm32cubeide_1.17.0/plugins/com.st.stm32cube.ide.mcu.externaltools.gnu-tools-for-stm32.12.3.rel1.linux64_1.1.0.202410170702/tools/bin/../lib/gcc/arm-none-eabi/12.3.1/../../../../arm-none-eabi/lib/thumb/v7e-m+dp/hard/libc_nano.a(libc_a-memcpy-stub.o)
                0x080161c0                memcpy
 .text._free_r  0x080161dc       0x94 /opt/st/stm32cubeide_1.17.0/plugins/com.st.stm32cube.ide.mcu.externaltools.gnu-tools-for-stm32.12.3.rel1.linux64_1.1.0.202410170702/tools/bin/../lib/gcc/arm-none-eabi/12.3.1/../../../../arm-none-eabi/lib/thumb/v7e-m+dp/hard/libc_nano.a(libc_a-freer.o)
                0x080161dc                _free_r
 .text.__malloc_lock
                0x08016270        0xc /opt/st/stm32cubeide_1.17.0/plugins/com.st.stm32cube.ide.mcu.externaltools.gnu-tools-for-stm32.12.3.rel1.linux64_1.1.0.202410170702/tools/bin/../lib/gcc/arm-none-eabi/12.3.1/../../../../arm-none-eabi/lib/thumb/v7e-m+dp/hard/libc_nano.a(libc_a-mlock.o)
                0x08016270                __malloc_lock
 .text.__malloc_unlock
                0x0801627c        0xc /opt/st/stm32cubeide_1.17.0/plugins/com.st.stm32cube.ide.mcu.externaltools.gnu-tools-for-stm32.12.3.rel1.linux64_1.1.0.202410170702/tools/bin/../lib/gcc/arm-none-eabi/12.3.1/../../../../arm-none-eabi/lib/thumb/v7e-m+dp/hard/libc_nano.a(libc_a-mlock.o)
                0x0801627c                __malloc_unlock
 .text.sqrtf    0x08016288       0x3c /opt/st/stm32cubeide_1.17.0/plugins/com.st.stm32cube.ide.mcu.externaltools.gnu-tools-for-stm32.12.3.rel1.linux64_1.1.0.202410170702/tools/bin/../lib/gcc/arm-none-eabi/12.3.1/../../../../arm-none-eabi/lib/thumb/v7e-m+dp/hard/libm.a(libm_a-wf_sqrt.o)
                0x08016288                sqrtf
 .text.sinf_poly
                0x080162c4       0x54 /opt/st/stm32cubeide_1.17.0/plugins/com.st.stm32cube.ide.mcu.externaltools.gnu-tools-for-stm32.12.3.rel1.linux64_1.1.0.202410170702/tools/bin/../lib/gcc/arm-none-eabi/12.3.1/../../../../arm-none-eabi/lib/thumb/v7e-m+dp/hard/libm.a(libm_a-sinf.o)
 .text.sinf     0x08016318      0x130 /opt/st/stm32cubeide_1.17.0/plugins/com.st.stm32cube.ide.mcu.externaltools.gnu-tools-for-stm32.12.3.rel1.linux64_1.1.0.202410170702/tools/bin/../lib/gcc/arm-none-eabi/12.3.1/../../../../arm-none-eabi/lib/thumb/v7e-m+dp/hard/libm.a(libm_a-sinf.o)
                0x08016318                sinf
 .text.sinf_poly
                0x08016448       0x54 /opt/st/stm32cubeide_1.17.0/plugins/com.st.stm32cube.ide.mcu.externaltools.gnu-tools-for-stm32.12.3.rel1.linux64_1.1.0.202410170702/tools/bin/../lib/gcc/arm-none-eabi/12.3.1/../../../../arm-none-eabi/lib/thumb/v7e-m+dp/hard/libm.a(libm_a-cosf.o)
 *fill*         0x0801649c        0x4 
 .text.cosf     0x080164a0      0x140 /opt/st/stm32cubeide_1.17.0/plugins/com.st.stm32cube.ide.mcu.externaltools.gnu-tools-for-stm32.12.3.rel1.linux64_1.1.0.202410170702/tools/bin/../lib/gcc/arm-none-eabi/12.3.1/../../../../arm-none-eabi/lib/thumb/v7e-m+dp/hard/libm.a(libm_a-cosf.o)
                0x080164a0                cosf
 .text.with_errnof
                0x080165e0       0x1c /opt/st/stm32cubeide_1.17.0/plugins/com.st.stm32cube.ide.mcu.externaltools.gnu-tools-for-stm32.12.3.rel1.linux64_1.1.0.202410170702/tools/bin/../lib/gcc/arm-none-eabi/12.3.1/../../../../arm-none-eabi/lib/thumb/v7e-m+dp/hard/libm.a(libm_a-math_errf.o)
 .text.__math_invalidf
                0x080165fc       0x1e /opt/st/stm32cubeide_1.17.0/plugins/com.st.stm32cube.ide.mcu.externaltools.gnu-tools-for-stm32.12.3.rel1.linux64_1.1.0.202410170702/tools/bin/../lib/gcc/arm-none-eabi/12.3.1/../../../../arm-none-eabi/lib/thumb/v7e-m+dp/hard/libm.a(libm_a-math_errf.o)
                0x080165fc                __math_invalidf
 .text.__ieee754_sqrtf
                0x0801661a        0x6 /opt/st/stm32cubeide_1.17.0/plugins/com.st.stm32cube.ide.mcu.externaltools.gnu-tools-for-stm32.12.3.rel1.linux64_1.1.0.202410170702/tools/bin/../lib/gcc/arm-none-eabi/12.3.1/../../../../arm-none-eabi/lib/thumb/v7e-m+dp/hard/libm.a(libm_a-ef_sqrt.o)
                0x0801661a                __ieee754_sqrtf
 *(.glue_7)
 .glue_7        0x08016620        0x0 linker stubs
 *(.glue_7t)
 .glue_7t       0x08016620        0x0 linker stubs
 *(.eh_frame)
 .eh_frame      0x08016620        0x0 /opt/st/stm32cubeide_1.17.0/plugins/com.st.stm32cube.ide.mcu.externaltools.gnu-tools-for-stm32.12.3.rel1.linux64_1.1.0.202410170702/tools/bin/../lib/gcc/arm-none-eabi/12.3.1/thumb/v7e-m+dp/hard/crtbegin.o
 *(.init)
 .init          0x08016620        0x4 /opt/st/stm32cubeide_1.17.0/plugins/com.st.stm32cube.ide.mcu.externaltools.gnu-tools-for-stm32.12.3.rel1.linux64_1.1.0.202410170702/tools/bin/../lib/gcc/arm-none-eabi/12.3.1/thumb/v7e-m+dp/hard/crti.o
                0x08016620                _init
 .init          0x08016624        0x8 /opt/st/stm32cubeide_1.17.0/plugins/com.st.stm32cube.ide.mcu.externaltools.gnu-tools-for-stm32.12.3.rel1.linux64_1.1.0.202410170702/tools/bin/../lib/gcc/arm-none-eabi/12.3.1/thumb/v7e-m+dp/hard/crtn.o
 *(.fini)
 .fini          0x0801662c        0x4 /opt/st/stm32cubeide_1.17.0/plugins/com.st.stm32cube.ide.mcu.externaltools.gnu-tools-for-stm32.12.3.rel1.linux64_1.1.0.202410170702/tools/bin/../lib/gcc/arm-none-eabi/12.3.1/thumb/v7e-m+dp/hard/crti.o
                0x0801662c                _fini
 .fini          0x08016630        0x8 /opt/st/stm32cubeide_1.17.0/plugins/com.st.stm32cube.ide.mcu.externaltools.gnu-tools-for-stm32.12.3.rel1.linux64_1.1.0.202410170702/tools/bin/../lib/gcc/arm-none-eabi/12.3.1/thumb/v7e-m+dp/hard/crtn.o
                0x08016638                        . = ALIGN (0x4)
                0x08016638                        _etext = .

.vfp11_veneer   0x08016638        0x0
 .vfp11_veneer  0x08016638        0x0 linker stubs

.v4_bx          0x08016638        0x0
 .v4_bx         0x08016638        0x0 linker stubs

.iplt           0x08016638        0x0
 .iplt          0x08016638        0x0 /opt/st/stm32cubeide_1.17.0/plugins/com.st.stm32cube.ide.mcu.externaltools.gnu-tools-for-stm32.12.3.rel1.linux64_1.1.0.202410170702/tools/bin/../lib/gcc/arm-none-eabi/12.3.1/thumb/v7e-m+dp/hard/crtbegin.o

.rodata         0x08016638      0x420
                0x08016638                        . = ALIGN (0x4)
 *(.rodata)
 .rodata        0x08016638       0xc0 ./Core/Src/freertos.o
 .rodata        0x080166f8       0x1f ./Core/Src/tmp117.o
 *fill*         0x08016717        0x1 
 .rodata        0x08016718        0x5 ./Middlewares/Third_Party/FreeRTOS/Source/tasks.o
 *fill*         0x0801671d        0x3 
 .rodata        0x08016720        0xd ./Middlewares/Third_Party/FreeRTOS/Source/timers.o
 *(.rodata*)
 *fill*         0x0801672d        0x3 
 .rodata.vTaskEMGAcq_attributes
                0x08016730       0x24 ./Core/Src/freertos.o
                0x08016730                vTaskEMGAcq_attributes
 .rodata.vTaskPPGAcq_attributes
                0x08016754       0x24 ./Core/Src/freertos.o
                0x08016754                vTaskPPGAcq_attributes
 .rodata.vTaskIMUAcq_attributes
                0x08016778       0x24 ./Core/Src/freertos.o
                0x08016778                vTaskIMUAcq_attributes
 .rodata.vTaskTempAcq_attributes
                0x0801679c       0x24 ./Core/Src/freertos.o
                0x0801679c                vTaskTempAcq_attributes
 .rodata.vTaskDSP_attributes
                0x080167c0       0x24 ./Core/Src/freertos.o
                0x080167c0                vTaskDSP_attributes
 .rodata.TempProcessTask_attributes
                0x080167e4       0x24 ./Core/Src/freertos.o
                0x080167e4                TempProcessTask_attributes
 .rodata.TaskFeatures_attributes
                0x08016808       0x24 ./Core/Src/freertos.o
                0x08016808                TaskFeatures_attributes
 .rodata.vTaskEMGProcess_attributes
                0x0801682c       0x24 ./Core/Src/freertos.o
                0x0801682c                vTaskEMGProcess_attributes
 .rodata.Q_TEMP_attributes
                0x08016850       0x18 ./Core/Src/freertos.o
                0x08016850                Q_TEMP_attributes
 .rodata.Q_RESULTS_attributes
                0x08016868       0x18 ./Core/Src/freertos.o
                0x08016868                Q_RESULTS_attributes
 .rodata.Q_FEATURES_attributes
                0x08016880       0x18 ./Core/Src/freertos.o
                0x08016880                Q_FEATURES_attributes
 .rodata.MTX_SPI2_attributes
                0x08016898       0x10 ./Core/Src/freertos.o
                0x08016898                MTX_SPI2_attributes
 .rodata.MTX_I2C1_attributes
                0x080168a8       0x10 ./Core/Src/freertos.o
                0x080168a8                MTX_I2C1_attributes
 .rodata.MTX_PPG_BUF_attributes
                0x080168b8       0x10 ./Core/Src/freertos.o
                0x080168b8                MTX_PPG_BUF_attributes
 .rodata.MTX_EMG_BUF_attributes
                0x080168c8       0x10 ./Core/Src/freertos.o
                0x080168c8                MTX_EMG_BUF_attributes
 .rodata.D1CorePrescTable
                0x080168d8       0x10 ./Core/Src/system_stm32h7xx.o
                0x080168d8                D1CorePrescTable
 .rodata.LED_PIN
                0x080168e8        0x6 ./Drivers/BSP/STM32H7xx_Nucleo/stm32h7xx_nucleo.o
 *fill*         0x080168ee        0x2 
 .rodata.BUTTON_EXTI_LINE.2
                0x080168f0        0x4 ./Drivers/BSP/STM32H7xx_Nucleo/stm32h7xx_nucleo.o
 .rodata.flagBitshiftOffset.0
                0x080168f4        0x8 ./Drivers/STM32H7xx_HAL_Driver/Src/stm32h7xx_hal_dma.o
 .rodata.UARTPrescTable
                0x080168fc       0x18 ./Drivers/STM32H7xx_HAL_Driver/Src/stm32h7xx_hal_uart.o
                0x080168fc                UARTPrescTable
 .rodata.__inv_pio4
                0x08016914       0x60 /opt/st/stm32cubeide_1.17.0/plugins/com.st.stm32cube.ide.mcu.externaltools.gnu-tools-for-stm32.12.3.rel1.linux64_1.1.0.202410170702/tools/bin/../lib/gcc/arm-none-eabi/12.3.1/../../../../arm-none-eabi/lib/thumb/v7e-m+dp/hard/libm.a(libm_a-sincosf_data.o)
                0x08016914                __inv_pio4
 *fill*         0x08016974        0x4 
 .rodata.__sincosf_table
                0x08016978       0xe0 /opt/st/stm32cubeide_1.17.0/plugins/com.st.stm32cube.ide.mcu.externaltools.gnu-tools-for-stm32.12.3.rel1.linux64_1.1.0.202410170702/tools/bin/../lib/gcc/arm-none-eabi/12.3.1/../../../../arm-none-eabi/lib/thumb/v7e-m+dp/hard/libm.a(libm_a-sincosf_data.o)
                0x08016978                __sincosf_table
                0x08016a58                        . = ALIGN (0x4)

.ARM.extab
 *(.ARM.extab* .gnu.linkonce.armextab.*)

.ARM            0x08016a58        0x8
                0x08016a58                        __exidx_start = .
 *(.ARM.exidx*)
 .ARM.exidx     0x08016a58        0x8 /opt/st/stm32cubeide_1.17.0/plugins/com.st.stm32cube.ide.mcu.externaltools.gnu-tools-for-stm32.12.3.rel1.linux64_1.1.0.202410170702/tools/bin/../lib/gcc/arm-none-eabi/12.3.1/thumb/v7e-m+dp/hard/libgcc.a(_udivmoddi4.o)
                0x08016a60                        __exidx_end = .

.preinit_array  0x08016a60        0x0
                0x08016a60                        PROVIDE (__preinit_array_start = .)
 *(.preinit_array*)
                0x08016a60                        PROVIDE (__preinit_array_end = .)

.init_array     0x08016a60        0x4
                0x08016a60                        PROVIDE (__init_array_start = .)
 *(SORT_BY_NAME(.init_array.*))
 *(.init_array*)
 .init_array    0x08016a60        0x4 /opt/st/stm32cubeide_1.17.0/plugins/com.st.stm32cube.ide.mcu.externaltools.gnu-tools-for-stm32.12.3.rel1.linux64_1.1.0.202410170702/tools/bin/../lib/gcc/arm-none-eabi/12.3.1/thumb/v7e-m+dp/hard/crtbegin.o
                0x08016a64                        PROVIDE (__init_array_end = .)

.fini_array     0x08016a64        0x4
                [!provide]                        PROVIDE (__fini_array_start = .)
 *(SORT_BY_NAME(.fini_array.*))
 *(.fini_array*)
 .fini_array    0x08016a64        0x4 /opt/st/stm32cubeide_1.17.0/plugins/com.st.stm32cube.ide.mcu.externaltools.gnu-tools-for-stm32.12.3.rel1.linux64_1.1.0.202410170702/tools/bin/../lib/gcc/arm-none-eabi/12.3.1/thumb/v7e-m+dp/hard/crtbegin.o
                [!provide]                        PROVIDE (__fini_array_end = .)
                0x08016a68                        _sidata = LOADADDR (.data)

.rel.dyn        0x08016a68        0x0
 .rel.iplt      0x08016a68        0x0 /opt/st/stm32cubeide_1.17.0/plugins/com.st.stm32cube.ide.mcu.externaltools.gnu-tools-for-stm32.12.3.rel1.linux64_1.1.0.202410170702/tools/bin/../lib/gcc/arm-none-eabi/12.3.1/thumb/v7e-m+dp/hard/crtbegin.o

.data           0x24000000       0xac load address 0x08016a68
                0x24000000                        . = ALIGN (0x4)
                0x24000000                        _sdata = .
 *(.data)
 *(.data*)
 .data.ADS1292R_config1
                0x24000000        0x1 ./Core/Src/ads1292r.o
                0x24000000                ADS1292R_config1
 *fill*         0x24000001        0x3 
 .data.ADS1292R_config2
                0x24000004        0x6 ./Core/Src/ads1292r.o
                0x24000004                ADS1292R_config2
 *fill*         0x2400000a        0x2 
 .data.ADS1292R_ch1set
                0x2400000c        0x3 ./Core/Src/ads1292r.o
                0x2400000c                ADS1292R_ch1set
 *fill*         0x2400000f        0x1 
 .data.ADS1292R_ch2set
                0x24000010        0x3 ./Core/Src/ads1292r.o
                0x24000010                ADS1292R_ch2set
 *fill*         0x24000013        0x1 
 .data.ADS1292R_rld_sens
                0x24000014        0x6 ./Core/Src/ads1292r.o
                0x24000014                ADS1292R_rld_sens
 *fill*         0x2400001a        0x2 
 .data.ADS1292R_loff_sens
                0x2400001c        0x6 ./Core/Src/ads1292r.o
                0x2400001c                ADS1292R_loff_sens
 *fill*         0x24000022        0x2 
 .data.ADS1292R_resp1
                0x24000024        0x4 ./Core/Src/ads1292r.o
                0x24000024                ADS1292R_resp1
 .data.ADS1292R_resp2
                0x24000028        0x3 ./Core/Src/ads1292r.o
                0x24000028                ADS1292R_resp2
 *fill*         0x2400002b        0x1 
 .data.SystemCoreClock
                0x2400002c        0x4 ./Core/Src/system_stm32h7xx.o
                0x2400002c                SystemCoreClock
 .data.SystemD2Clock
                0x24000030        0x4 ./Core/Src/system_stm32h7xx.o
                0x24000030                SystemD2Clock
 .data.COM_USART
                0x24000034        0x4 ./Drivers/BSP/STM32H7xx_Nucleo/stm32h7xx_nucleo.o
                0x24000034                COM_USART
 .data.LED_PORT
                0x24000038        0xc ./Drivers/BSP/STM32H7xx_Nucleo/stm32h7xx_nucleo.o
 .data.BUTTON_PORT
                0x24000044        0x4 ./Drivers/BSP/STM32H7xx_Nucleo/stm32h7xx_nucleo.o
 .data.ButtonCallback.1
                0x24000048        0x4 ./Drivers/BSP/STM32H7xx_Nucleo/stm32h7xx_nucleo.o
 .data.BSP_BUTTON_PRIO.0
                0x2400004c        0x4 ./Drivers/BSP/STM32H7xx_Nucleo/stm32h7xx_nucleo.o
 .data.uwTickPrio
                0x24000050        0x4 ./Drivers/STM32H7xx_HAL_Driver/Src/stm32h7xx_hal.o
                0x24000050                uwTickPrio
 .data.uwTickFreq
                0x24000054        0x1 ./Drivers/STM32H7xx_HAL_Driver/Src/stm32h7xx_hal.o
                0x24000054                uwTickFreq
 *fill*         0x24000055        0x3 
 .data.uxCriticalNesting
                0x24000058        0x4 ./Middlewares/Third_Party/FreeRTOS/Source/portable/GCC/ARM_CM4F/port.o
 .data._impure_ptr
                0x2400005c        0x4 /opt/st/stm32cubeide_1.17.0/plugins/com.st.stm32cube.ide.mcu.externaltools.gnu-tools-for-stm32.12.3.rel1.linux64_1.1.0.202410170702/tools/bin/../lib/gcc/arm-none-eabi/12.3.1/../../../../arm-none-eabi/lib/thumb/v7e-m+dp/hard/libc_nano.a(libc_a-impure.o)
                0x2400005c                _impure_ptr
 .data._impure_data
                0x24000060       0x4c /opt/st/stm32cubeide_1.17.0/plugins/com.st.stm32cube.ide.mcu.externaltools.gnu-tools-for-stm32.12.3.rel1.linux64_1.1.0.202410170702/tools/bin/../lib/gcc/arm-none-eabi/12.3.1/../../../../arm-none-eabi/lib/thumb/v7e-m+dp/hard/libc_nano.a(libc_a-impure.o)
                0x24000060                _impure_data
 *(.RamFunc)
 *(.RamFunc*)
                0x240000ac                        . = ALIGN (0x4)