Archive member included to satisfy reference by file (symbol)

/opt/st/stm32cubeide_1.17.0/plugins/com.st.stm32cube.ide.mcu.externaltools.gnu-tools-for-stm32.12.3.rel1.linux64_1.1.0.202410170702/tools/bin/../lib/gcc/arm-none-eabi/12.3.1/../../../../arm-none-eabi/lib/thumb/v7e-m+dp/hard/libc_nano.a(libc_a-exit.o)
                              /opt/st/stm32cubeide_1.17.0/plugins/com.st.stm32cube.ide.mcu.externaltools.gnu-tools-for-stm32.12.3.rel1.linux64_1.1.0.202410170702/tools/bin/../lib/gcc/arm-none-eabi/12.3.1/../../../../arm-none-eabi/lib/thumb/v7e-m+dp/hard/crt0.o (exit)
/opt/st/stm32cubeide_1.17.0/plugins/com.st.stm32cube.ide.mcu.externaltools.gnu-tools-for-stm32.12.3.rel1.linux64_1.1.0.202410170702/tools/bin/../lib/gcc/arm-none-eabi/12.3.1/../../../../arm-none-eabi/lib/thumb/v7e-m+dp/hard/libc_nano.a(libc_a-findfp.o)
                              ./Middlewares/Third_Party/FreeRTOS/Source/tasks.o (__sf)
/opt/st/stm32cubeide_1.17.0/plugins/com.st.stm32cube.ide.mcu.externaltools.gnu-tools-for-stm32.12.3.rel1.linux64_1.1.0.202410170702/tools/bin/../lib/gcc/arm-none-eabi/12.3.1/../../../../arm-none-eabi/lib/thumb/v7e-m+dp/hard/libc_nano.a(libc_a-fwalk.o)
                              /opt/st/stm32cubeide_1.17.0/plugins/com.st.stm32cube.ide.mcu.externaltools.gnu-tools-for-stm32.12.3.rel1.linux64_1.1.0.202410170702/tools/bin/../lib/gcc/arm-none-eabi/12.3.1/../../../../arm-none-eabi/lib/thumb/v7e-m+dp/hard/libc_nano.a(libc_a-findfp.o) (_fwalk_sglue)
/opt/st/stm32cubeide_1.17.0/plugins/com.st.stm32cube.ide.mcu.externaltools.gnu-tools-for-stm32.12.3.rel1.linux64_1.1.0.202410170702/tools/bin/../lib/gcc/arm-none-eabi/12.3.1/../../../../arm-none-eabi/lib/thumb/v7e-m+dp/hard/libc_nano.a(libc_a-stdio.o)
                              /opt/st/stm32cubeide_1.17.0/plugins/com.st.stm32cube.ide.mcu.externaltools.gnu-tools-for-stm32.12.3.rel1.linux64_1.1.0.202410170702/tools/bin/../lib/gcc/arm-none-eabi/12.3.1/../../../../arm-none-eabi/lib/thumb/v7e-m+dp/hard/libc_nano.a(libc_a-findfp.o) (__sread)
/opt/st/stm32cubeide_1.17.0/plugins/com.st.stm32cube.ide.mcu.externaltools.gnu-tools-for-stm32.12.3.rel1.linux64_1.1.0.202410170702/tools/bin/../lib/gcc/arm-none-eabi/12.3.1/../../../../arm-none-eabi/lib/thumb/v7e-m+dp/hard/libc_nano.a(libc_a-memset.o)
                              /opt/st/stm32cubeide_1.17.0/plugins/com.st.stm32cube.ide.mcu.externaltools.gnu-tools-for-stm32.12.3.rel1.linux64_1.1.0.202410170702/tools/bin/../lib/gcc/arm-none-eabi/12.3.1/../../../../arm-none-eabi/lib/thumb/v7e-m+dp/hard/crt0.o (memset)
/opt/st/stm32cubeide_1.17.0/plugins/com.st.stm32cube.ide.mcu.externaltools.gnu-tools-for-stm32.12.3.rel1.linux64_1.1.0.202410170702/tools/bin/../lib/gcc/arm-none-eabi/12.3.1/../../../../arm-none-eabi/lib/thumb/v7e-m+dp/hard/libc_nano.a(libc_a-closer.o)
                              /opt/st/stm32cubeide_1.17.0/plugins/com.st.stm32cube.ide.mcu.externaltools.gnu-tools-for-stm32.12.3.rel1.linux64_1.1.0.202410170702/tools/bin/../lib/gcc/arm-none-eabi/12.3.1/../../../../arm-none-eabi/lib/thumb/v7e-m+dp/hard/libc_nano.a(libc_a-stdio.o) (_close_r)
/opt/st/stm32cubeide_1.17.0/plugins/com.st.stm32cube.ide.mcu.externaltools.gnu-tools-for-stm32.12.3.rel1.linux64_1.1.0.202410170702/tools/bin/../lib/gcc/arm-none-eabi/12.3.1/../../../../arm-none-eabi/lib/thumb/v7e-m+dp/hard/libc_nano.a(libc_a-reent.o)
                              ./Middlewares/Third_Party/FreeRTOS/Source/tasks.o (_reclaim_reent)
/opt/st/stm32cubeide_1.17.0/plugins/com.st.stm32cube.ide.mcu.externaltools.gnu-tools-for-stm32.12.3.rel1.linux64_1.1.0.202410170702/tools/bin/../lib/gcc/arm-none-eabi/12.3.1/../../../../arm-none-eabi/lib/thumb/v7e-m+dp/hard/libc_nano.a(libc_a-impure.o)
                              ./Middlewares/Third_Party/FreeRTOS/Source/tasks.o (_impure_ptr)
/opt/st/stm32cubeide_1.17.0/plugins/com.st.stm32cube.ide.mcu.externaltools.gnu-tools-for-stm32.12.3.rel1.linux64_1.1.0.202410170702/tools/bin/../lib/gcc/arm-none-eabi/12.3.1/../../../../arm-none-eabi/lib/thumb/v7e-m+dp/hard/libc_nano.a(libc_a-lseekr.o)
                              /opt/st/stm32cubeide_1.17.0/plugins/com.st.stm32cube.ide.mcu.externaltools.gnu-tools-for-stm32.12.3.rel1.linux64_1.1.0.202410170702/tools/bin/../lib/gcc/arm-none-eabi/12.3.1/../../../../arm-none-eabi/lib/thumb/v7e-m+dp/hard/libc_nano.a(libc_a-stdio.o) (_lseek_r)
/opt/st/stm32cubeide_1.17.0/plugins/com.st.stm32cube.ide.mcu.externaltools.gnu-tools-for-stm32.12.3.rel1.linux64_1.1.0.202410170702/tools/bin/../lib/gcc/arm-none-eabi/12.3.1/../../../../arm-none-eabi/lib/thumb/v7e-m+dp/hard/libc_nano.a(libc_a-readr.o)
                              /opt/st/stm32cubeide_1.17.0/plugins/com.st.stm32cube.ide.mcu.externaltools.gnu-tools-for-stm32.12.3.rel1.linux64_1.1.0.202410170702/tools/bin/../lib/gcc/arm-none-eabi/12.3.1/../../../../arm-none-eabi/lib/thumb/v7e-m+dp/hard/libc_nano.a(libc_a-stdio.o) (_read_r)
[...]
Memory Configuration

Name             Origin             Length             Attributes
ITCMRAM          0x00000000         0x00010000         xrw
FLASH            0x08000000         0x00200000         xr
DTCMRAM1         0x20000000         0x00010000         xrw
DTCMRAM2         0x20010000         0x00010000         xrw
RAM              0x24000000         0x00100000         xrw
RAM_CD           0x30000000         0x00020000         xrw
RAM_SRD          0x38000000         0x00008000         xrw
*default*        0x00000000         0xffffffff

Linker script and memory map

LOAD /opt/st/stm32cubeide_1.17.0/plugins/com.st.stm32cube.ide.mcu.externaltools.gnu-tools-for-stm32.12.3.rel1.linux64_1.1.0.202410170702/tools/bin/../lib/gcc/arm-none-eabi/12.3.1/thumb/v7e-m+dp/hard/crti.o
LOAD /opt/st/stm32cubeide_1.17.0/plugins/com.st.stm32cube.ide.mcu.externaltools.gnu-tools-for-stm32.12.3.rel1.linux64_1.1.0.202410170702/tools/bin/../lib/gcc/arm-none-eabi/12.3.1/thumb/v7e-m+dp/hard/crtbegin.o
LOAD /opt/st/stm32cubeide_1.17.0/plugins/com.st.stm32cube.ide.mcu.externaltools.gnu-tools-for-stm32.12.3.rel1.linux64_1.1.0.202410170702/tools/bin/../lib/gcc/arm-none-eabi/12.3.1/../../../../arm-none-eabi/lib/thumb/v7e-m+dp/hard/crt0.o
LOAD ./Core/Src/ads1292r.o
LOAD ./Core/Src/dma.o
LOAD ./Core/Src/freertos.o
LOAD ./Core/Src/gpio.o
LOAD ./Core/Src/i2c.o
LOAD ./Core/Src/lsm6dso_imu.o
LOAD ./Core/Src/main.o
LOAD ./Core/Src/max86141.o
LOAD ./Core/Src/memorymap.o
LOAD ./Core/Src/shtc3.o
LOAD ./Core/Src/spi.o
LOAD ./Core/Src/stm32h7xx_hal_msp.o
LOAD ./Core/Src/stm32h7xx_hal_timebase_tim.o
LOAD ./Core/Src/stm32h7xx_it.o
LOAD ./Core/Src/syscalls.o
LOAD ./Core/Src/sysmem.o
LOAD ./Core/Src/system_stm32h7xx.o
LOAD ./Core/Src/tim.o
LOAD ./Core/Src/tmp117.o
LOAD ./Core/Startup/startup_stm32h7a3zitxq.o
LOAD ./Drivers/BSP/Components/lsm6dso/lsm6dso.o
LOAD ./Drivers/BSP/Components/lsm6dso/lsm6dso_reg.o
LOAD ./Drivers/BSP/STM32H7xx_Nucleo/stm32h7xx_nucleo.o
LOAD ./Drivers/STM32H7xx_HAL_Driver/Src/stm32h7xx_hal.o
LOAD ./Drivers/STM32H7xx_HAL_Driver/Src/stm32h7xx_hal_cortex.o
LOAD ./Drivers/STM32H7xx_HAL_Driver/Src/stm32h7xx_hal_dma.o
LOAD ./Drivers/STM32H7xx_HAL_Driver/Src/stm32h7xx_hal_dma_ex.o
LOAD ./Drivers/STM32H7xx_HAL_Driver/Src/stm32h7xx_hal_exti.o
LOAD ./Drivers/STM32H7xx_HAL_Driver/Src/stm32h7xx_hal_flash.o
LOAD ./Drivers/STM32H7xx_HAL_Driver/Src/stm32h7xx_hal_flash_ex.o
LOAD ./Drivers/STM32H7xx_HAL_Driver/Src/stm32h7xx_hal_gpio.o
LOAD ./Drivers/STM32H7xx_HAL_Driver/Src/stm32h7xx_hal_hsem.o
LOAD ./Drivers/STM32H7xx_HAL_Driver/Src/stm32h7xx_hal_i2c.o
LOAD ./Drivers/STM32H7xx_HAL_Driver/Src/stm32h7xx_hal_i2c_ex.o
LOAD ./Drivers/STM32H7xx_HAL_Driver/Src/stm32h7xx_hal_mdma.o
LOAD ./Drivers/STM32H7xx_HAL_Driver/Src/stm32h7xx_hal_pwr.o
LOAD ./Drivers/STM32H7xx_HAL_Driver/Src/stm32h7xx_hal_pwr_ex.o
LOAD ./Drivers/STM32H7xx_HAL_Driver/Src/stm32h7xx_hal_rcc.o
LOAD ./Drivers/STM32H7xx_HAL_Driver/Src/stm32h7xx_hal_rcc_ex.o
LOAD ./Drivers/STM32H7xx_HAL_Driver/Src/stm32h7xx_hal_spi.o
LOAD ./Drivers/STM32H7xx_HAL_Driver/Src/stm32h7xx_hal_spi_ex.o
LOAD ./Drivers/STM32H7xx_HAL_Driver/Src/stm32h7xx_hal_tim.o
LOAD ./Drivers/STM32H7xx_HAL_Driver/Src/stm32h7xx_hal_tim_ex.o
LOAD ./Drivers/STM32H7xx_HAL_Driver/Src/stm32h7xx_hal_uart.o
LOAD ./Drivers/STM32H7xx_HAL_Driver/Src/stm32h7xx_hal_uart_ex.o
LOAD ./Drivers/STM32H7xx_HAL_Driver/Src/stm32h7xx_hal_usart.o
LOAD ./Drivers/STM32H7xx_HAL_Driver/Src/stm32h7xx_hal_usart_ex.o
LOAD ./Middlewares/Third_Party/FreeRTOS/Source/CMSIS_RTOS_V2/cmsis_os2.o
LOAD ./Middlewares/Third_Party/FreeRTOS/Source/croutine.o
LOAD ./Middlewares/Third_Party/FreeRTOS/Source/event_groups.o
LOAD ./Middlewares/Third_Party/FreeRTOS/Source/list.o
LOAD ./Middlewares/Third_Party/FreeRTOS/Source/queue.o
LOAD ./Middlewares/Third_Party/FreeRTOS/Source/stream_buffer.o
LOAD ./Middlewares/Third_Party/FreeRTOS/Source/tasks.o
LOAD ./Middlewares/Third_Party/FreeRTOS/Source/timers.o
LOAD ./Middlewares/Third_Party/FreeRTOS/Source/portable/GCC/ARM_CM4F/port.o
LOAD ./Middlewares/Third_Party/FreeRTOS/Source/portable/MemMang/heap_4.o
START GROUP
LOAD /opt/st/stm32cubeide_1.17.0/plugins/com.st.stm32cube.ide.mcu.externaltools.gnu-tools-for-stm32.12.3.rel1.linux64_1.1.0.202410170702/tools/bin/../lib/gcc/arm-none-eabi/12.3.1/../../../../arm-none-eabi/lib/thumb/v7e-m+dp/hard/libc_nano.a
LOAD /opt/st/stm32cubeide_1.17.0/plugins/com.st.stm32cube.ide.mcu.externaltools.gnu-tools-for-stm32.12.3.rel1.linux64_1.1.0.202410170702/tools/bin/../lib/gcc/arm-none-eabi/12.3.1/../../../../arm-none-eabi/lib/thumb/v7e-m+dp/hard/libm.a
END GROUP
START GROUP
LOAD /opt/st/stm32cubeide_1.17.0/plugins/com.st.stm32cube.ide.mcu.externaltools.gnu-tools-for-stm32.12.3.rel1.linux64_1.1.0.202410170702/tools/bin/../lib/gcc/arm-none-eabi/12.3.1/thumb/v7e-m+dp/hard/libgcc.a
LOAD /opt/st/stm32cubeide_1.17.0/plugins/com.st.stm32cube.ide.mcu.externaltools.gnu-tools-for-stm32.12.3.rel1.linux64_1.1.0.202410170702/tools/bin/../lib/gcc/arm-none-eabi/12.3.1/../../../../arm-none-eabi/lib/thumb/v7e-m+dp/hard/libc_nano.a
END GROUP
START GROUP
LOAD /opt/st/stm32cubeide_1.17.0/plugins/com.st.stm32cube.ide.mcu.externaltools.gnu-tools-for-stm32.12.3.rel1.linux64_1.1.0.202410170702/tools/bin/../lib/gcc/arm-none-eabi/12.3.1/thumb/v7e-m+dp/hard/libgcc.a
LOAD /opt/st/stm32cubeide_1.17.0/plugins/com.st.stm32cube.ide.mcu.externaltools.gnu-tools-for-stm32.12.3.rel1.linux64_1.1.0.202410170702/tools/bin/../lib/gcc/arm-none-eabi/12.3.1/../../../../arm-none-eabi/lib/thumb/v7e-m+dp/hard/libc_nano.a
LOAD /opt/st/stm32cubeide_1.17.0/plugins/com.st.stm32cube.ide.mcu.externaltools.gnu-tools-for-stm32.12.3.rel1.linux64_1.1.0.202410170702/tools/bin/../lib/gcc/arm-none-eabi/12.3.1/../../../../arm-none-eabi/lib/thumb/v7e-m+dp/hard/libnosys.a
END GROUP
START GROUP
LOAD /opt/st/stm32cubeide_1.17.0/plugins/com.st.stm32cube.ide.mcu.externaltools.gnu-tools-for-stm32.12.3.rel1.linux64_1.1.0.202410170702/tools/bin/../lib/gcc/arm-none-eabi/12.3.1/thumb/v7e-m+dp/hard/libgcc.a
LOAD /opt/st/stm32cubeide_1.17.0/plugins/com.st.stm32cube.ide.mcu.externaltools.gnu-tools-for-stm32.12.3.rel1.linux64_1.1.0.202410170702/tools/bin/../lib/gcc/arm-none-eabi/12.3.1/../../../../arm-none-eabi/lib/thumb/v7e-m+dp/hard/libc_nano.a
LOAD /opt/st/stm32cubeide_1.17.0/plugins/com.st.stm32cube.ide.mcu.externaltools.gnu-tools-for-stm32.12.3.rel1.linux64_1.1.0.202410170702/tools/bin/../lib/gcc/arm-none-eabi/12.3.1/../../../../arm-none-eabi/lib/thumb/v7e-m+dp/hard/libnosys.a
END GROUP
LOAD /opt/st/stm32cubeide_1.17.0/plugins/com.st.stm32cube.ide.mcu.externaltools.gnu-tools-for-stm32.12.3.rel1.linux64_1.1.0.202410170702/tools/bin/../lib/gcc/arm-none-eabi/12.3.1/thumb/v7e-m+dp/hard/crtend.o
LOAD /opt/st/stm32cubeide_1.17.0/plugins/com.st.stm32cube.ide.mcu.externaltools.gnu-tools-for-stm32.12.3.rel1.linux64_1.1.0.202410170702/tools/bin/../lib/gcc/arm-none-eabi/12.3.1/thumb/v7e-m+dp/hard/crtn.o
                0x24100000                        _estack = (ORIGIN (RAM) + LENGTH (RAM))
                0x00000200                        _Min_Heap_Size = 0x200
                0x00000400                        _Min_Stack_Size = 0x400

.isr_vector     0x08000000      0x2ac
                0x08000000                        . = ALIGN (0x4)
 *(.isr_vector)
 .isr_vector    0x08000000      0x2ac ./Core/Startup/startup_stm32h7a3zitxq.o
                0x08000000                g_pfnVectors
                0x080002ac                        . = ALIGN (0x4)

.text           0x080002b0    0x12ce0
                0x080002b0                        . = ALIGN (0x4)
 *(.text)
 .text          0x080002b0       0x40 /opt/st/stm32cubeide_1.17.0/plugins/com.st.stm32cube.ide.mcu.externaltools.gnu-tools-for-stm32.12.3.rel1.linux64_1.1.0.202410170702/tools/bin/../lib/gcc/arm-none-eabi/12.3.1/thumb/v7e-m+dp/hard/crtbegin.o
 .text          0x080002f0       0x30 /opt/st/stm32cubeide_1.17.0/plugins/com.st.stm32cube.ide.mcu.externaltools.gnu-tools-for-stm32.12.3.rel1.linux64_1.1.0.202410170702/tools/bin/../lib/gcc/arm-none-eabi/12.3.1/thumb/v7e-m+dp/hard/libgcc.a(_aeabi_uldivmod.o)
                0x080002f0                __aeabi_uldivmod
 .text          0x08000320      0x2bc /opt/st/stm32cubeide_1.17.0/plugins/com.st.stm32cube.ide.mcu.externaltools.gnu-tools-for-stm32.12.3.rel1.linux64_1.1.0.202410170702/tools/bin/../lib/gcc/arm-none-eabi/12.3.1/thumb/v7e-m+dp/hard/libgcc.a(_udivmoddi4.o)
                0x08000320                __udivmoddi4
 .text          0x080005dc        0x4 /opt/st/stm32cubeide_1.17.0/plugins/com.st.stm32cube.ide.mcu.externaltools.gnu-tools-for-stm32.12.3.rel1.linux64_1.1.0.202410170702/tools/bin/../lib/gcc/arm-none-eabi/12.3.1/thumb/v7e-m+dp/hard/libgcc.a(_dvmd_tls.o)
                0x080005dc                __aeabi_ldiv0
                0x080005dc                __aeabi_idiv0
 *(.text*)
 .text.ADS1292R_SetBuffer
                0x080005e0      0x3bc ./Core/Src/ads1292r.o
                0x080005e0                ADS1292R_SetBuffer
 .text.ADS1292R_SPI_TransmitReceive
                0x0800099c       0x30 ./Core/Src/ads1292r.o
                0x0800099c                ADS1292R_SPI_TransmitReceive
 .text.ADS1292R_SendCmd
                0x080009cc       0x48 ./Core/Src/ads1292r.o
                0x080009cc                ADS1292R_SendCmd
 .text.ADS1292R_RwReg
                0x08000a14       0x78 ./Core/Src/ads1292r.o
                0x08000a14                ADS1292R_RwReg
 .text.ADS1292R_WriteMultiRegs
                0x08000a8c       0x8c ./Core/Src/ads1292r.o
                0x08000a8c                ADS1292R_WriteMultiRegs
 .text.ADS1292R_GetValue
                0x08000b18       0x44 ./Core/Src/ads1292r.o
                0x08000b18                ADS1292R_GetValue
 .text.ADS1292R_Init
                0x08000b5c       0xfc ./Core/Src/ads1292r.o
                0x08000b5c                ADS1292R_Init
 .text.ADS1292R_ADCStartNormal
                0x08000c58       0x48 ./Core/Src/ads1292r.o
                0x08000c58                ADS1292R_ADCStartNormal
 .text.ADS1292R_Decode
                0x08000ca0       0x86 ./Core/Src/ads1292r.o
                0x08000ca0                ADS1292R_Decode
 *fill*         0x08000d26        0x2 
 .text.MX_DMA_Init
                0x08000d28       0x50 ./Core/Src/dma.o
                0x08000d28                MX_DMA_Init
 .text.MX_FREERTOS_Init
                0x08000d78      0x160 ./Core/Src/freertos.o
                0x08000d78                MX_FREERTOS_Init
 .text.StartTaskEMG
                0x08000ed8       0xa4 ./Core/Src/freertos.o
                0x08000ed8                StartTaskEMG
 .text.StartTaskPPG
                0x08000f7c      0x14c ./Core/Src/freertos.o
                0x08000f7c                StartTaskPPG
 .text.StartTaskIMU
                0x080010c8       0x9c ./Core/Src/freertos.o
                0x080010c8                StartTaskIMU
 .text.StartTaskTemp
                0x08001164      0x138 ./Core/Src/freertos.o
                0x08001164                StartTaskTemp
 .text.StartTaskDSP
                0x0800129c       0x10 ./Core/Src/freertos.o
                0x0800129c                StartTaskDSP
 .text.MX_GPIO_Init
                0x080012ac      0x198 ./Core/Src/gpio.o
                0x080012ac                MX_GPIO_Init
 .text.MX_I2C1_Init
                0x08001444       0x80 ./Core/Src/i2c.o
                0x08001444                MX_I2C1_Init
 .text.HAL_I2C_MspInit
                0x080014c4       0xd0 ./Core/Src/i2c.o
                0x080014c4                HAL_I2C_MspInit
 .text.LSM6DSO_SPI_Write
                0x08001594       0x84 ./Core/Src/lsm6dso_imu.o
 .text.LSM6DSO_SPI_Read
                0x08001618       0x8c ./Core/Src/lsm6dso_imu.o
 .text.LSM6DSO_IMU_Init
                0x080016a4      0x140 ./Core/Src/lsm6dso_imu.o
                0x080016a4                LSM6DSO_IMU_Init
 .text.LSM6DSO_IMU_Start
                0x080017e4       0x5c ./Core/Src/lsm6dso_imu.o
                0x080017e4                LSM6DSO_IMU_Start
 .text.LSM6DSO_IMU_ReadFIFO
                0x08001840      0x244 ./Core/Src/lsm6dso_imu.o
                0x08001840                LSM6DSO_IMU_ReadFIFO
 .text.main     0x08001a84      0x14c ./Core/Src/main.o
                0x08001a84                main
 .text.SystemClock_Config
                0x08001bd0       0xec ./Core/Src/main.o
                0x08001bd0                SystemClock_Config
 .text.MX_NVIC_Init
                0x08001cbc       0x18 ./Core/Src/main.o
 .text.MPU_Config
                0x08001cd4       0x58 ./Core/Src/main.o
 .text.HAL_TIM_PeriodElapsedCallback
                0x08001d2c       0x24 ./Core/Src/main.o
                0x08001d2c                HAL_TIM_PeriodElapsedCallback
 .text.Error_Handler
                0x08001d50        0xc ./Core/Src/main.o
                0x08001d50                Error_Handler
 .text.CS_LOW   0x08001d5c       0x20 ./Core/Src/max86141.o
 .text.CS_HIGH  0x08001d7c       0x20 ./Core/Src/max86141.o
 .text.MAX86141_WriteReg
                0x08001d9c       0x4a ./Core/Src/max86141.o
                0x08001d9c                MAX86141_WriteReg
 .text.MAX86141_ReadReg
                0x08001de6       0x56 ./Core/Src/max86141.o
                0x08001de6                MAX86141_ReadReg
 .text.MAX86141_Init
                0x08001e3c      0x110 ./Core/Src/max86141.o
                0x08001e3c                MAX86141_Init
 .text.MAX86141_GetFIFOCount
                0x08001f4c       0x2c ./Core/Src/max86141.o
                0x08001f4c                MAX86141_GetFIFOCount
 .text.MAX86141_DecodeFIFO
                0x08001f78      0x158 ./Core/Src/max86141.o
                0x08001f78                MAX86141_DecodeFIFO
 .text.shtc3_read_id
                0x080020d0       0x8c ./Core/Src/shtc3.o
                0x080020d0                shtc3_read_id
 .text.shtc3_sleep
                0x0800215c       0x38 ./Core/Src/shtc3.o
                0x0800215c                shtc3_sleep
 .text.shtc3_wakeup
                0x08002194       0x38 ./Core/Src/shtc3.o
                0x08002194                shtc3_wakeup
 .text.checkCRC
                0x080021cc       0x96 ./Core/Src/shtc3.o
 *fill*         0x08002262        0x2 
 .text._read_values
                0x08002264       0xb8 ./Core/Src/shtc3.o
 .text._perform_measurements
                0x0800231c       0x68 ./Core/Src/shtc3.o
 .text.shtc3_perform_measurements
                0x08002384       0x24 ./Core/Src/shtc3.o
                0x08002384                shtc3_perform_measurements
 .text.MX_SPI2_Init
                0x080023a8       0xac ./Core/Src/spi.o
                0x080023a8                MX_SPI2_Init
 .text.HAL_SPI_MspInit
                0x08002454      0x1f4 ./Core/Src/spi.o
                0x08002454                HAL_SPI_MspInit
 .text.HAL_MspInit
                0x08002648       0x3c ./Core/Src/stm32h7xx_hal_msp.o
                0x08002648                HAL_MspInit
 .text.HAL_InitTick
                0x08002684       0xd8 ./Core/Src/stm32h7xx_hal_timebase_tim.o
                0x08002684                HAL_InitTick
 .text.NMI_Handler
                0x0800275c        0x8 ./Core/Src/stm32h7xx_it.o
                0x0800275c                NMI_Handler
 .text.HardFault_Handler
                0x08002764        0x8 ./Core/Src/stm32h7xx_it.o
                0x08002764                HardFault_Handler
 .text.MemManage_Handler
                0x0800276c        0x8 ./Core/Src/stm32h7xx_it.o
                0x0800276c                MemManage_Handler
 .text.BusFault_Handler
                0x08002774        0x8 ./Core/Src/stm32h7xx_it.o
                0x08002774                BusFault_Handler
 .text.UsageFault_Handler
                0x0800277c        0x8 ./Core/Src/stm32h7xx_it.o
                0x0800277c                UsageFault_Handler
 .text.DebugMon_Handler
                0x08002784        0xe ./Core/Src/stm32h7xx_it.o
                0x08002784                DebugMon_Handler
 *fill*         0x08002792        0x2 
 .text.DMA1_Stream3_IRQHandler
                0x08002794       0x14 ./Core/Src/stm32h7xx_it.o
                0x08002794                DMA1_Stream3_IRQHandler
 .text.DMA1_Stream4_IRQHandler
                0x080027a8       0x14 ./Core/Src/stm32h7xx_it.o
                0x080027a8                DMA1_Stream4_IRQHandler
 .text.TIM2_IRQHandler
                0x080027bc       0x14 ./Core/Src/stm32h7xx_it.o
                0x080027bc                TIM2_IRQHandler
 .text.SPI2_IRQHandler
                0x080027d0       0x14 ./Core/Src/stm32h7xx_it.o
                0x080027d0                SPI2_IRQHandler
 .text.EXTI15_10_IRQHandler
                0x080027e4       0x20 ./Core/Src/stm32h7xx_it.o
                0x080027e4                EXTI15_10_IRQHandler
 .text.TIM7_IRQHandler
                0x08002804       0x14 ./Core/Src/stm32h7xx_it.o
                0x08002804                TIM7_IRQHandler
 .text.HAL_GPIO_EXTI_Callback
                0x08002818       0xb4 ./Core/Src/stm32h7xx_it.o
                0x08002818                HAL_GPIO_EXTI_Callback
 .text.HAL_SPI_RxCpltCallback
                0x080028cc       0x60 ./Core/Src/stm32h7xx_it.o
                0x080028cc                HAL_SPI_RxCpltCallback
 .text.SystemInit
                0x0800292c      0x120 ./Core/Src/system_stm32h7xx.o
                0x0800292c                SystemInit
 .text.ExitRun0Mode
                0x08002a4c       0x30 ./Core/Src/system_stm32h7xx.o
                0x08002a4c                ExitRun0Mode
 .text.MX_TIM2_Init
                0x08002a7c       0x9c ./Core/Src/tim.o
                0x08002a7c                MX_TIM2_Init
 .text.HAL_TIM_Base_MspInit
                0x08002b18       0x4c ./Core/Src/tim.o
                0x08002b18                HAL_TIM_Base_MspInit
 .text.init     0x08002b64       0x52 ./Core/Src/tmp117.o
                0x08002b64                init
 .text.getResultTemperature
                0x08002bb6       0x22 ./Core/Src/tmp117.o
                0x08002bb6                getResultTemperature
 .text.getConfig
                0x08002bd8       0x22 ./Core/Src/tmp117.o
                0x08002bd8                getConfig
 .text.setConfig
                0x08002bfa       0x24 ./Core/Src/tmp117.o
 .text.setAveraging
                0x08002c1e       0x62 ./Core/Src/tmp117.o
                0x08002c1e                setAveraging
 .text.setAlertMode
                0x08002c80       0x88 ./Core/Src/tmp117.o
                0x08002c80                setAlertMode
 .text.setConversionMode
                0x08002d08       0x68 ./Core/Src/tmp117.o
                0x08002d08                setConversionMode
 .text.setAlertPolarity
                0x08002d70       0x66 ./Core/Src/tmp117.o
                0x08002d70                setAlertPolarity
 .text.setConversionTime
                0x08002dd6       0x68 ./Core/Src/tmp117.o
                0x08002dd6                setConversionTime
 .text.twosCompToInt
                0x08002e3e       0x32 ./Core/Src/tmp117.o
 .text.readReg2B
                0x08002e70       0xb4 ./Core/Src/tmp117.o
 .text.writeReg2B
                0x08002f24       0x7c ./Core/Src/tmp117.o
 .text.getTemperature
                0x08002fa0       0x70 ./Core/Src/tmp117.o
 .text.Reset_Handler
                0x08003010       0x54 ./Core/Startup/startup_stm32h7a3zitxq.o
                0x08003010                Reset_Handler
 .text.Default_Handler
                0x08003064        0x2 ./Core/Startup/startup_stm32h7a3zitxq.o
                0x08003064                RTC_Alarm_IRQHandler
                0x08003064                EXTI2_IRQHandler
                0x08003064                TIM8_CC_IRQHandler
                0x08003064                UART8_IRQHandler
                0x08003064                BDMA2_Channel1_IRQHandler
                0x08003064                SPI4_IRQHandler
                0x08003064                BDMA2_Channel0_IRQHandler
                0x08003064                TIM1_CC_IRQHandler
                0x08003064                DMA2_Stream5_IRQHandler
                0x08003064                JPEG_IRQHandler
                0x08003064                DMA1_Stream5_IRQHandler
                0x08003064                EXTI3_IRQHandler
                0x08003064                LPTIM4_IRQHandler
                0x08003064                TIM8_TRG_COM_TIM14_IRQHandler
                0x08003064                LPTIM2_IRQHandler
                0x08003064                DFSDM1_FLT1_IRQHandler
                0x08003064                DMAMUX2_OVR_IRQHandler
                0x08003064                GFXMMU_IRQHandler
                0x08003064                TIM8_UP_TIM13_IRQHandler
                0x08003064                I2C3_ER_IRQHandler
                0x08003064                DFSDM1_FLT2_IRQHandler
                0x08003064                USART10_IRQHandler
                0x08003064                MDMA_IRQHandler
                0x08003064                LPTIM3_IRQHandler
                0x08003064                BDMA2_Channel3_IRQHandler
                0x08003064                HSEM1_IRQHandler
                0x08003064                EXTI0_IRQHandler
                0x08003064                I2C2_EV_IRQHandler
                0x08003064                DAC2_IRQHandler
                0x08003064                DMA1_Stream2_IRQHandler
                0x08003064                FPU_IRQHandler
                0x08003064                OTG_HS_WKUP_IRQHandler
                0x08003064                FDCAN1_IT1_IRQHandler
                0x08003064                LTDC_ER_IRQHandler
                0x08003064                DMA2_Stream2_IRQHandler
                0x08003064                SPI1_IRQHandler
                0x08003064                OCTOSPI1_IRQHandler
                0x08003064                TIM6_DAC_IRQHandler
                0x08003064                BDMA2_Channel6_IRQHandler
                0x08003064                DMA2_Stream3_IRQHandler
                0x08003064                OCTOSPI2_IRQHandler
                0x08003064                SAI2_IRQHandler
                0x08003064                BDMA1_IRQHandler
                0x08003064                DFSDM1_FLT3_IRQHandler
                0x08003064                USART6_IRQHandler
                0x08003064                TIM17_IRQHandler
                0x08003064                USART3_IRQHandler
                0x08003064                LPTIM5_IRQHandler
                0x08003064                UART5_IRQHandler
                0x08003064                DMA2_Stream0_IRQHandler
                0x08003064                TIM4_IRQHandler
                0x08003064                I2C1_EV_IRQHandler
                0x08003064                DMA1_Stream6_IRQHandler
                0x08003064                DMAMUX1_OVR_IRQHandler
                0x08003064                DMA1_Stream1_IRQHandler
                0x08003064                TIM16_IRQHandler
                0x08003064                UART4_IRQHandler
                0x08003064                TIM3_IRQHandler
                0x08003064                RCC_IRQHandler
                0x08003064                UART9_IRQHandler
                0x08003064                TIM8_BRK_TIM12_IRQHandler
                0x08003064                TIM1_TRG_COM_IRQHandler
                0x08003064                Default_Handler
                0x08003064                ECC_IRQHandler
                0x08003064                BDMA2_Channel2_IRQHandler
                0x08003064                CEC_IRQHandler
                0x08003064                DFSDM1_FLT4_IRQHandler
                0x08003064                ADC_IRQHandler
                0x08003064                DMA1_Stream7_IRQHandler
                0x08003064                SPI5_IRQHandler
                0x08003064                SDMMC1_IRQHandler
                0x08003064                TIM5_IRQHandler
                0x08003064                DMA2_Stream7_IRQHandler
                0x08003064                TIM15_IRQHandler
                0x08003064                I2C3_EV_IRQHandler
                0x08003064                DFSDM2_IRQHandler
                0x08003064                EXTI9_5_IRQHandler
                0x08003064                RTC_WKUP_IRQHandler
                0x08003064                LTDC_IRQHandler
                0x08003064                SPDIF_RX_IRQHandler
                0x08003064                PVD_PVM_IRQHandler
                0x08003064                OTG_HS_EP1_IN_IRQHandler
                0x08003064                DFSDM1_FLT5_IRQHandler
                0x08003064                DMA1_Stream0_IRQHandler
                0x08003064                CRS_IRQHandler
                0x08003064                EXTI4_IRQHandler
                0x08003064                DFSDM1_FLT6_IRQHandler
                0x08003064                RNG_IRQHandler
                0x08003064                FDCAN2_IT1_IRQHandler
                0x08003064                COMP_IRQHandler
                0x08003064                TIM1_UP_IRQHandler
                0x08003064                OTG_HS_EP1_OUT_IRQHandler
                0x08003064                WWDG_IRQHandler
                0x08003064                SPI6_IRQHandler
                0x08003064                MDIOS_IRQHandler
                0x08003064                I2C4_EV_IRQHandler
                0x08003064                FDCAN2_IT0_IRQHandler
                0x08003064                LPUART1_IRQHandler
                0x08003064                FDCAN1_IT0_IRQHandler
                0x08003064                BDMA2_Channel5_IRQHandler
                0x08003064                OTG_HS_IRQHandler
                0x08003064                DMA2D_IRQHandler
                0x08003064                TIM1_BRK_IRQHandler
                0x08003064                EXTI1_IRQHandler
                0x08003064                SDMMC2_IRQHandler
                0x08003064                DTS_IRQHandler
                0x08003064                UART7_IRQHandler
                0x08003064                MDIOS_WKUP_IRQHandler
                0x08003064                USART2_IRQHandler
                0x08003064                DFSDM1_FLT0_IRQHandler
                0x08003064                I2C2_ER_IRQHandler
                0x08003064                DMA2_Stream1_IRQHandler
                0x08003064                DFSDM1_FLT7_IRQHandler
                0x08003064                FLASH_IRQHandler
                0x08003064                DMA2_Stream4_IRQHandler
                0x08003064                USART1_IRQHandler
                0x08003064                SPI3_IRQHandler
                0x08003064                WAKEUP_PIN_IRQHandler
                0x08003064                I2C1_ER_IRQHandler
                0x08003064                FMC_IRQHandler
                0x08003064                BDMA2_Channel7_IRQHandler
                0x08003064                FDCAN_CAL_IRQHandler
                0x08003064                SWPMI1_IRQHandler
                0x08003064                LPTIM1_IRQHandler
                0x08003064                DCMI_PSSI_IRQHandler
                0x08003064                I2C4_ER_IRQHandler
                0x08003064                DMA2_Stream6_IRQHandler
                0x08003064                SAI1_IRQHandler
                0x08003064                RTC_TAMP_STAMP_CSS_LSE_IRQHandler
                0x08003064                BDMA2_Channel4_IRQHandler
 .text.lsm6dso_read_reg
                0x08003066       0x3c ./Drivers/BSP/Components/lsm6dso/lsm6dso_reg.o
                0x08003066                lsm6dso_read_reg
 .text.lsm6dso_write_reg
                0x080030a2       0x3c ./Drivers/BSP/Components/lsm6dso/lsm6dso_reg.o
                0x080030a2                lsm6dso_write_reg
 *fill*         0x080030de        0x2 
 .text.lsm6dso_from_fs4_to_mg
                0x080030e0       0x30 ./Drivers/BSP/Components/lsm6dso/lsm6dso_reg.o
                0x080030e0                lsm6dso_from_fs4_to_mg
 .text.lsm6dso_from_fs2000_to_mdps
                0x08003110       0x30 ./Drivers/BSP/Components/lsm6dso/lsm6dso_reg.o
                0x08003110                lsm6dso_from_fs2000_to_mdps
 .text.lsm6dso_xl_full_scale_set
                0x08003140       0x4c ./Drivers/BSP/Components/lsm6dso/lsm6dso_reg.o
                0x08003140                lsm6dso_xl_full_scale_set
 .text.lsm6dso_xl_data_rate_set
                0x0800318c      0x1f4 ./Drivers/BSP/Components/lsm6dso/lsm6dso_reg.o
                0x0800318c                lsm6dso_xl_data_rate_set
 .text.lsm6dso_gy_full_scale_set
                0x08003380       0x4c ./Drivers/BSP/Components/lsm6dso/lsm6dso_reg.o
                0x08003380                lsm6dso_gy_full_scale_set
 .text.lsm6dso_gy_data_rate_set
                0x080033cc      0x1f4 ./Drivers/BSP/Components/lsm6dso/lsm6dso_reg.o
                0x080033cc                lsm6dso_gy_data_rate_set
 .text.lsm6dso_block_data_update_set
                0x080035c0       0x4c ./Drivers/BSP/Components/lsm6dso/lsm6dso_reg.o
                0x080035c0                lsm6dso_block_data_update_set
 .text.lsm6dso_fifo_out_raw_get
                0x0800360c       0x22 ./Drivers/BSP/Components/lsm6dso/lsm6dso_reg.o
                0x0800360c                lsm6dso_fifo_out_raw_get
 .text.lsm6dso_mem_bank_set
                0x0800362e       0x3a ./Drivers/BSP/Components/lsm6dso/lsm6dso_reg.o
                0x0800362e                lsm6dso_mem_bank_set
 .text.lsm6dso_device_id_get
                0x08003668       0x22 ./Drivers/BSP/Components/lsm6dso/lsm6dso_reg.o
                0x08003668                lsm6dso_device_id_get
 .text.lsm6dso_reset_set
                0x0800368a       0x4c ./Drivers/BSP/Components/lsm6dso/lsm6dso_reg.o
                0x0800368a                lsm6dso_reset_set
 .text.lsm6dso_reset_get
                0x080036d6       0x32 ./Drivers/BSP/Components/lsm6dso/lsm6dso_reg.o
                0x080036d6                lsm6dso_reset_get
 .text.lsm6dso_auto_increment_set
                0x08003708       0x4c ./Drivers/BSP/Components/lsm6dso/lsm6dso_reg.o
                0x08003708                lsm6dso_auto_increment_set
 .text.lsm6dso_fifo_watermark_set
                0x08003754       0x70 ./Drivers/BSP/Components/lsm6dso/lsm6dso_reg.o
                0x08003754                lsm6dso_fifo_watermark_set
 .text.lsm6dso_fifo_xl_batch_set
                0x080037c4       0x4c ./Drivers/BSP/Components/lsm6dso/lsm6dso_reg.o
                0x080037c4                lsm6dso_fifo_xl_batch_set
 .text.lsm6dso_fifo_gy_batch_set
                0x08003810       0x4c ./Drivers/BSP/Components/lsm6dso/lsm6dso_reg.o
                0x08003810                lsm6dso_fifo_gy_batch_set
 .text.lsm6dso_fifo_mode_set
                0x0800385c       0x4c ./Drivers/BSP/Components/lsm6dso/lsm6dso_reg.o
                0x0800385c                lsm6dso_fifo_mode_set
 .text.lsm6dso_fifo_data_level_get
                0x080038a8       0x50 ./Drivers/BSP/Components/lsm6dso/lsm6dso_reg.o
                0x080038a8                lsm6dso_fifo_data_level_get
 .text.lsm6dso_fifo_sensor_tag_get
                0x080038f8      0x158 ./Drivers/BSP/Components/lsm6dso/lsm6dso_reg.o
                0x080038f8                lsm6dso_fifo_sensor_tag_get
 .text.lsm6dso_fsm_enable_get
                0x08003a50       0x42 ./Drivers/BSP/Components/lsm6dso/lsm6dso_reg.o
                0x08003a50                lsm6dso_fsm_enable_get
 *fill*         0x08003a92        0x2 
 .text.lsm6dso_fsm_data_rate_get
                0x08003a94       0x9c ./Drivers/BSP/Components/lsm6dso/lsm6dso_reg.o
                0x08003a94                lsm6dso_fsm_data_rate_get
 .text.lsm6dso_pin_int1_route_set
                0x08003b30      0x74c ./Drivers/BSP/Components/lsm6dso/lsm6dso_reg.o
                0x08003b30                lsm6dso_pin_int1_route_set
 .text.lsm6dso_pin_int2_route_get
                0x0800427c      0x3d8 ./Drivers/BSP/Components/lsm6dso/lsm6dso_reg.o
                0x0800427c                lsm6dso_pin_int2_route_get
 .text.BSP_LED_Init
                0x08004654       0xec ./Drivers/BSP/STM32H7xx_Nucleo/stm32h7xx_nucleo.o
                0x08004654                BSP_LED_Init
 .text.BSP_LED_On
                0x08004740       0x54 ./Drivers/BSP/STM32H7xx_Nucleo/stm32h7xx_nucleo.o
                0x08004740                BSP_LED_On
 .text.BSP_PB_Init
                0x08004794       0xe4 ./Drivers/BSP/STM32H7xx_Nucleo/stm32h7xx_nucleo.o
                0x08004794                BSP_PB_Init
 .text.BSP_PB_Callback
                0x08004878       0x16 ./Drivers/BSP/STM32H7xx_Nucleo/stm32h7xx_nucleo.o
                0x08004878                BSP_PB_Callback
 *fill*         0x0800488e        0x2 
 .text.BSP_COM_Init
                0x08004890       0x60 ./Drivers/BSP/STM32H7xx_Nucleo/stm32h7xx_nucleo.o
                0x08004890                BSP_COM_Init
 .text.MX_USART3_Init
                0x080048f0       0x64 ./Drivers/BSP/STM32H7xx_Nucleo/stm32h7xx_nucleo.o
                0x080048f0                MX_USART3_Init
 .text.BUTTON_USER_EXTI_Callback
                0x08004954        0xe ./Drivers/BSP/STM32H7xx_Nucleo/stm32h7xx_nucleo.o
 *fill*         0x08004962        0x2 
 .text.COM1_MspInit
                0x08004964       0xb0 ./Drivers/BSP/STM32H7xx_Nucleo/stm32h7xx_nucleo.o
 .text.HAL_Init
                0x08004a14       0x78 ./Drivers/STM32H7xx_HAL_Driver/Src/stm32h7xx_hal.o
                0x08004a14                HAL_Init
 .text.HAL_IncTick
                0x08004a8c       0x28 ./Drivers/STM32H7xx_HAL_Driver/Src/stm32h7xx_hal.o
                0x08004a8c                HAL_IncTick
 .text.HAL_GetTick
                0x08004ab4       0x18 ./Drivers/STM32H7xx_HAL_Driver/Src/stm32h7xx_hal.o
                0x08004ab4                HAL_GetTick
 .text.HAL_Delay
                0x08004acc       0x48 ./Drivers/STM32H7xx_HAL_Driver/Src/stm32h7xx_hal.o
                0x08004acc                HAL_Delay
 .text.__NVIC_SetPriorityGrouping
                0x08004b14       0x48 ./Drivers/STM32H7xx_HAL_Driver/Src/stm32h7xx_hal_cortex.o
 .text.__NVIC_GetPriorityGrouping
                0x08004b5c       0x1c ./Drivers/STM32H7xx_HAL_Driver/Src/stm32h7xx_hal_cortex.o
 .text.__NVIC_EnableIRQ
                0x08004b78       0x3c ./Drivers/STM32H7xx_HAL_Driver/Src/stm32h7xx_hal_cortex.o
 .text.__NVIC_SetPriority
                0x08004bb4       0x54 ./Drivers/STM32H7xx_HAL_Driver/Src/stm32h7xx_hal_cortex.o
 .text.NVIC_EncodePriority
                0x08004c08       0x66 ./Drivers/STM32H7xx_HAL_Driver/Src/stm32h7xx_hal_cortex.o
 .text.HAL_NVIC_SetPriorityGrouping
                0x08004c6e       0x16 ./Drivers/STM32H7xx_HAL_Driver/Src/stm32h7xx_hal_cortex.o
                0x08004c6e                HAL_NVIC_SetPriorityGrouping
 .text.HAL_NVIC_SetPriority
                0x08004c84       0x34 ./Drivers/STM32H7xx_HAL_Driver/Src/stm32h7xx_hal_cortex.o
                0x08004c84                HAL_NVIC_SetPriority
 .text.HAL_NVIC_EnableIRQ
                0x08004cb8       0x1c ./Drivers/STM32H7xx_HAL_Driver/Src/stm32h7xx_hal_cortex.o
                0x08004cb8                HAL_NVIC_EnableIRQ
 .text.HAL_MPU_Disable
                0x08004cd4       0x30 ./Drivers/STM32H7xx_HAL_Driver/Src/stm32h7xx_hal_cortex.o
                0x08004cd4                HAL_MPU_Disable
 .text.HAL_MPU_Enable
                0x08004d04       0x40 ./Drivers/STM32H7xx_HAL_Driver/Src/stm32h7xx_hal_cortex.o
                0x08004d04                HAL_MPU_Enable
 .text.HAL_MPU_ConfigRegion
                0x08004d44       0x80 ./Drivers/STM32H7xx_HAL_Driver/Src/stm32h7xx_hal_cortex.o
                0x08004d44                HAL_MPU_ConfigRegion
 .text.HAL_DMA_Init
                0x08004dc4      0x71c ./Drivers/STM32H7xx_HAL_Driver/Src/stm32h7xx_hal_dma.o
                0x08004dc4                HAL_DMA_Init
 .text.HAL_DMA_Start_IT
                0x080054e0      0x4d4 ./Drivers/STM32H7xx_HAL_Driver/Src/stm32h7xx_hal_dma.o
                0x080054e0                HAL_DMA_Start_IT
 .text.HAL_DMA_Abort
                0x080059b4      0x63c ./Drivers/STM32H7xx_HAL_Driver/Src/stm32h7xx_hal_dma.o
                0x080059b4                HAL_DMA_Abort
 .text.HAL_DMA_Abort_IT
                0x08005ff0      0x48c ./Drivers/STM32H7xx_HAL_Driver/Src/stm32h7xx_hal_dma.o
                0x08005ff0                HAL_DMA_Abort_IT
 .text.HAL_DMA_IRQHandler
                0x0800647c      0xec4 ./Drivers/STM32H7xx_HAL_Driver/Src/stm32h7xx_hal_dma.o
                0x0800647c                HAL_DMA_IRQHandler
 .text.HAL_DMA_GetError
                0x08007340       0x18 ./Drivers/STM32H7xx_HAL_Driver/Src/stm32h7xx_hal_dma.o
                0x08007340                HAL_DMA_GetError
 .text.DMA_SetConfig
                0x08007358      0x3c8 ./Drivers/STM32H7xx_HAL_Driver/Src/stm32h7xx_hal_dma.o
 .text.DMA_CalcBaseAndBitshift
                0x08007720      0x164 ./Drivers/STM32H7xx_HAL_Driver/Src/stm32h7xx_hal_dma.o
 .text.DMA_CheckFifoParam
                0x08007884       0xf8 ./Drivers/STM32H7xx_HAL_Driver/Src/stm32h7xx_hal_dma.o
 .text.DMA_CalcDMAMUXChannelBaseAndMask
                0x0800797c      0x134 ./Drivers/STM32H7xx_HAL_Driver/Src/stm32h7xx_hal_dma.o
 .text.DMA_CalcDMAMUXRequestGenBaseAndMask
                0x08007ab0       0xe8 ./Drivers/STM32H7xx_HAL_Driver/Src/stm32h7xx_hal_dma.o
 .text.HAL_EXTI_RegisterCallback
                0x08007b98       0x3e ./Drivers/STM32H7xx_HAL_Driver/Src/stm32h7xx_hal_exti.o
                0x08007b98                HAL_EXTI_RegisterCallback
 .text.HAL_EXTI_GetHandle
                0x08007bd6       0x28 ./Drivers/STM32H7xx_HAL_Driver/Src/stm32h7xx_hal_exti.o
                0x08007bd6                HAL_EXTI_GetHandle
 *fill*         0x08007bfe        0x2 
 .text.HAL_GPIO_Init
                0x08007c00      0x360 ./Drivers/STM32H7xx_HAL_Driver/Src/stm32h7xx_hal_gpio.o
                0x08007c00                HAL_GPIO_Init
 .text.HAL_GPIO_WritePin
                0x08007f60       0x32 ./Drivers/STM32H7xx_HAL_Driver/Src/stm32h7xx_hal_gpio.o
                0x08007f60                HAL_GPIO_WritePin
 .text.HAL_GPIO_EXTI_IRQHandler
                0x08007f92       0x34 ./Drivers/STM32H7xx_HAL_Driver/Src/stm32h7xx_hal_gpio.o
                0x08007f92                HAL_GPIO_EXTI_IRQHandler
 *fill*         0x08007fc6        0x2 
 .text.HAL_I2C_Init
                0x08007fc8      0x138 ./Drivers/STM32H7xx_HAL_Driver/Src/stm32h7xx_hal_i2c.o
                0x08007fc8                HAL_I2C_Init
 .text.HAL_I2C_Master_Transmit
                0x08008100      0x230 ./Drivers/STM32H7xx_HAL_Driver/Src/stm32h7xx_hal_i2c.o
                0x08008100                HAL_I2C_Master_Transmit
 .text.HAL_I2C_Master_Receive
                0x08008330      0x1ec ./Drivers/STM32H7xx_HAL_Driver/Src/stm32h7xx_hal_i2c.o
                0x08008330                HAL_I2C_Master_Receive
 .text.I2C_Flush_TXDR
                0x0800851c       0x48 ./Drivers/STM32H7xx_HAL_Driver/Src/stm32h7xx_hal_i2c.o
 .text.I2C_WaitOnFlagUntilTimeout
                0x08008564       0xb2 ./Drivers/STM32H7xx_HAL_Driver/Src/stm32h7xx_hal_i2c.o
 .text.I2C_WaitOnTXISFlagUntilTimeout
                0x08008616       0x8e ./Drivers/STM32H7xx_HAL_Driver/Src/stm32h7xx_hal_i2c.o
 .text.I2C_WaitOnSTOPFlagUntilTimeout
                0x080086a4       0x86 ./Drivers/STM32H7xx_HAL_Driver/Src/stm32h7xx_hal_i2c.o
 *fill*         0x0800872a        0x2 
 .text.I2C_WaitOnRXNEFlagUntilTimeout
                0x0800872c      0x118 ./Drivers/STM32H7xx_HAL_Driver/Src/stm32h7xx_hal_i2c.o
 .text.I2C_IsErrorOccurred
                0x08008844      0x1c0 ./Drivers/STM32H7xx_HAL_Driver/Src/stm32h7xx_hal_i2c.o
 .text.I2C_TransferConfig
                0x08008a04       0x64 ./Drivers/STM32H7xx_HAL_Driver/Src/stm32h7xx_hal_i2c.o
 .text.HAL_I2CEx_ConfigAnalogFilter
                0x08008a68       0x96 ./Drivers/STM32H7xx_HAL_Driver/Src/stm32h7xx_hal_i2c_ex.o
                0x08008a68                HAL_I2CEx_ConfigAnalogFilter
 .text.HAL_I2CEx_ConfigDigitalFilter
                0x08008afe       0x98 ./Drivers/STM32H7xx_HAL_Driver/Src/stm32h7xx_hal_i2c_ex.o
                0x08008afe                HAL_I2CEx_ConfigDigitalFilter
 *fill*         0x08008b96        0x2 
 .text.HAL_PWREx_ConfigSupply
                0x08008b98       0xb4 ./Drivers/STM32H7xx_HAL_Driver/Src/stm32h7xx_hal_pwr_ex.o
                0x08008b98                HAL_PWREx_ConfigSupply
 .text.HAL_RCC_OscConfig
                0x08008c4c      0x864 ./Drivers/STM32H7xx_HAL_Driver/Src/stm32h7xx_hal_rcc.o
                0x08008c4c                HAL_RCC_OscConfig
 .text.HAL_RCC_ClockConfig
                0x080094b0      0x36c ./Drivers/STM32H7xx_HAL_Driver/Src/stm32h7xx_hal_rcc.o
                0x080094b0                HAL_RCC_ClockConfig
 .text.HAL_RCC_GetSysClockFreq
                0x0800981c      0x2f4 ./Drivers/STM32H7xx_HAL_Driver/Src/stm32h7xx_hal_rcc.o
                0x0800981c                HAL_RCC_GetSysClockFreq
 .text.HAL_RCC_GetHCLKFreq
                0x08009b10       0x60 ./Drivers/STM32H7xx_HAL_Driver/Src/stm32h7xx_hal_rcc.o
                0x08009b10                HAL_RCC_GetHCLKFreq
 .text.HAL_RCC_GetPCLK1Freq
                0x08009b70       0x2c ./Drivers/STM32H7xx_HAL_Driver/Src/stm32h7xx_hal_rcc.o
                0x08009b70                HAL_RCC_GetPCLK1Freq
 .text.HAL_RCC_GetPCLK2Freq
                0x08009b9c       0x2c ./Drivers/STM32H7xx_HAL_Driver/Src/stm32h7xx_hal_rcc.o
                0x08009b9c                HAL_RCC_GetPCLK2Freq
 .text.HAL_RCC_GetClockConfig
                0x08009bc8       0x84 ./Drivers/STM32H7xx_HAL_Driver/Src/stm32h7xx_hal_rcc.o
                0x08009bc8                HAL_RCC_GetClockConfig
 .text.HAL_RCCEx_PeriphCLKConfig
                0x08009c4c     0x137c ./Drivers/STM32H7xx_HAL_Driver/Src/stm32h7xx_hal_rcc_ex.o
                0x08009c4c                HAL_RCCEx_PeriphCLKConfig
 .text.HAL_RCCEx_GetD3PCLK1Freq
                0x0800afc8       0x2c ./Drivers/STM32H7xx_HAL_Driver/Src/stm32h7xx_hal_rcc_ex.o
                0x0800afc8                HAL_RCCEx_GetD3PCLK1Freq
 .text.HAL_RCCEx_GetPLL2ClockFreq
                0x0800aff4      0x2a8 ./Drivers/STM32H7xx_HAL_Driver/Src/stm32h7xx_hal_rcc_ex.o
                0x0800aff4                HAL_RCCEx_GetPLL2ClockFreq
 .text.HAL_RCCEx_GetPLL3ClockFreq
                0x0800b29c      0x2a8 ./Drivers/STM32H7xx_HAL_Driver/Src/stm32h7xx_hal_rcc_ex.o
                0x0800b29c                HAL_RCCEx_GetPLL3ClockFreq
 .text.RCCEx_PLL2_Config
                0x0800b544      0x164 ./Drivers/STM32H7xx_HAL_Driver/Src/stm32h7xx_hal_rcc_ex.o
 .text.RCCEx_PLL3_Config
                0x0800b6a8      0x164 ./Drivers/STM32H7xx_HAL_Driver/Src/stm32h7xx_hal_rcc_ex.o
 .text.HAL_SPI_Init
                0x0800b80c      0x248 ./Drivers/STM32H7xx_HAL_Driver/Src/stm32h7xx_hal_spi.o
                0x0800b80c                HAL_SPI_Init
 .text.HAL_SPI_Transmit
                0x0800ba54      0x3dc ./Drivers/STM32H7xx_HAL_Driver/Src/stm32h7xx_hal_spi.o
                0x0800ba54                HAL_SPI_Transmit
 .text.HAL_SPI_Receive
                0x0800be30      0x4e4 ./Drivers/STM32H7xx_HAL_Driver/Src/stm32h7xx_hal_spi.o
                0x0800be30                HAL_SPI_Receive
 .text.HAL_SPI_TransmitReceive
                0x0800c314      0x674 ./Drivers/STM32H7xx_HAL_Driver/Src/stm32h7xx_hal_spi.o
                0x0800c314                HAL_SPI_TransmitReceive
 .text.HAL_SPI_TransmitReceive_DMA
                0x0800c988      0x370 ./Drivers/STM32H7xx_HAL_Driver/Src/stm32h7xx_hal_spi.o
                0x0800c988                HAL_SPI_TransmitReceive_DMA
 .text.HAL_SPI_IRQHandler
                0x0800ccf8      0x39c ./Drivers/STM32H7xx_HAL_Driver/Src/stm32h7xx_hal_spi.o
                0x0800ccf8                HAL_SPI_IRQHandler
 .text.HAL_SPI_TxCpltCallback
                0x0800d094       0x14 ./Drivers/STM32H7xx_HAL_Driver/Src/stm32h7xx_hal_spi.o
                0x0800d094                HAL_SPI_TxCpltCallback
 .text.HAL_SPI_TxRxCpltCallback
                0x0800d0a8       0x14 ./Drivers/STM32H7xx_HAL_Driver/Src/stm32h7xx_hal_spi.o
                0x0800d0a8                HAL_SPI_TxRxCpltCallback
 .text.HAL_SPI_TxRxHalfCpltCallback
                0x0800d0bc       0x14 ./Drivers/STM32H7xx_HAL_Driver/Src/stm32h7xx_hal_spi.o
                0x0800d0bc                HAL_SPI_TxRxHalfCpltCallback
 .text.HAL_SPI_ErrorCallback
                0x0800d0d0       0x14 ./Drivers/STM32H7xx_HAL_Driver/Src/stm32h7xx_hal_spi.o
                0x0800d0d0                HAL_SPI_ErrorCallback
 .text.HAL_SPI_SuspendCallback
                0x0800d0e4       0x14 ./Drivers/STM32H7xx_HAL_Driver/Src/stm32h7xx_hal_spi.o
                0x0800d0e4                HAL_SPI_SuspendCallback
 .text.SPI_DMATransmitReceiveCplt
                0x0800d0f8       0x46 ./Drivers/STM32H7xx_HAL_Driver/Src/stm32h7xx_hal_spi.o
 .text.SPI_DMAHalfTransmitReceiveCplt
                0x0800d13e       0x1c ./Drivers/STM32H7xx_HAL_Driver/Src/stm32h7xx_hal_spi.o
 .text.SPI_DMAError
                0x0800d15a       0x46 ./Drivers/STM32H7xx_HAL_Driver/Src/stm32h7xx_hal_spi.o
 .text.SPI_DMAAbortOnError
                0x0800d1a0       0x34 ./Drivers/STM32H7xx_HAL_Driver/Src/stm32h7xx_hal_spi.o
 .text.SPI_CloseTransfer
                0x0800d1d4      0x140 ./Drivers/STM32H7xx_HAL_Driver/Src/stm32h7xx_hal_spi.o
 .text.SPI_WaitOnFlagUntilTimeout
                0x0800d314       0x5c ./Drivers/STM32H7xx_HAL_Driver/Src/stm32h7xx_hal_spi.o
 .text.SPI_GetPacketSize
                0x0800d370       0x36 ./Drivers/STM32H7xx_HAL_Driver/Src/stm32h7xx_hal_spi.o
 .text.HAL_TIM_Base_Init
                0x0800d3a6       0xae ./Drivers/STM32H7xx_HAL_Driver/Src/stm32h7xx_hal_tim.o
                0x0800d3a6                HAL_TIM_Base_Init
 .text.HAL_TIM_Base_Start_IT
                0x0800d454       0xf0 ./Drivers/STM32H7xx_HAL_Driver/Src/stm32h7xx_hal_tim.o
                0x0800d454                HAL_TIM_Base_Start_IT
 .text.HAL_TIM_IRQHandler
                0x0800d544      0x20e ./Drivers/STM32H7xx_HAL_Driver/Src/stm32h7xx_hal_tim.o
                0x0800d544                HAL_TIM_IRQHandler
 *fill*         0x0800d752        0x2 
 .text.HAL_TIM_ConfigClockSource
                0x0800d754      0x1f0 ./Drivers/STM32H7xx_HAL_Driver/Src/stm32h7xx_hal_tim.o
                0x0800d754                HAL_TIM_ConfigClockSource
 .text.HAL_TIM_OC_DelayElapsedCallback
                0x0800d944       0x14 ./Drivers/STM32H7xx_HAL_Driver/Src/stm32h7xx_hal_tim.o
                0x0800d944                HAL_TIM_OC_DelayElapsedCallback
 .text.HAL_TIM_IC_CaptureCallback
                0x0800d958       0x14 ./Drivers/STM32H7xx_HAL_Driver/Src/stm32h7xx_hal_tim.o
                0x0800d958                HAL_TIM_IC_CaptureCallback
 .text.HAL_TIM_PWM_PulseFinishedCallback
                0x0800d96c       0x14 ./Drivers/STM32H7xx_HAL_Driver/Src/stm32h7xx_hal_tim.o
                0x0800d96c                HAL_TIM_PWM_PulseFinishedCallback
 .text.HAL_TIM_TriggerCallback
                0x0800d980       0x14 ./Drivers/STM32H7xx_HAL_Driver/Src/stm32h7xx_hal_tim.o
                0x0800d980                HAL_TIM_TriggerCallback
 .text.TIM_Base_SetConfig
                0x0800d994      0x140 ./Drivers/STM32H7xx_HAL_Driver/Src/stm32h7xx_hal_tim.o
                0x0800d994                TIM_Base_SetConfig
 .text.TIM_TI1_ConfigInputStage
                0x0800dad4       0x5e ./Drivers/STM32H7xx_HAL_Driver/Src/stm32h7xx_hal_tim.o
 .text.TIM_TI2_ConfigInputStage
                0x0800db32       0x60 ./Drivers/STM32H7xx_HAL_Driver/Src/stm32h7xx_hal_tim.o
 *fill*         0x0800db92        0x2 
 .text.TIM_ITRx_SetConfig
                0x0800db94       0x3c ./Drivers/STM32H7xx_HAL_Driver/Src/stm32h7xx_hal_tim.o
 .text.TIM_ETR_SetConfig
                0x0800dbd0       0x40 ./Drivers/STM32H7xx_HAL_Driver/Src/stm32h7xx_hal_tim.o
                0x0800dbd0                TIM_ETR_SetConfig
 .text.HAL_TIMEx_MasterConfigSynchronization
                0x0800dc10      0x11c ./Drivers/STM32H7xx_HAL_Driver/Src/stm32h7xx_hal_tim_ex.o
                0x0800dc10                HAL_TIMEx_MasterConfigSynchronization
 .text.HAL_TIMEx_CommutCallback
                0x0800dd2c       0x14 ./Drivers/STM32H7xx_HAL_Driver/Src/stm32h7xx_hal_tim_ex.o
                0x0800dd2c                HAL_TIMEx_CommutCallback
 .text.HAL_TIMEx_BreakCallback
                0x0800dd40       0x14 ./Drivers/STM32H7xx_HAL_Driver/Src/stm32h7xx_hal_tim_ex.o
                0x0800dd40                HAL_TIMEx_BreakCallback
 .text.HAL_TIMEx_Break2Callback
                0x0800dd54       0x14 ./Drivers/STM32H7xx_HAL_Driver/Src/stm32h7xx_hal_tim_ex.o
                0x0800dd54                HAL_TIMEx_Break2Callback
 .text.HAL_UART_Init
                0x0800dd68       0xa0 ./Drivers/STM32H7xx_HAL_Driver/Src/stm32h7xx_hal_uart.o
                0x0800dd68                HAL_UART_Init
 .text.HAL_UART_MspInit
                0x0800de08       0x14 ./Drivers/STM32H7xx_HAL_Driver/Src/stm32h7xx_hal_uart.o
                0x0800de08                HAL_UART_MspInit
 .text.UART_SetConfig
                0x0800de1c      0xcd8 ./Drivers/STM32H7xx_HAL_Driver/Src/stm32h7xx_hal_uart.o
                0x0800de1c                UART_SetConfig
 .text.UART_AdvFeatureConfig
                0x0800eaf4      0x144 ./Drivers/STM32H7xx_HAL_Driver/Src/stm32h7xx_hal_uart.o
                0x0800eaf4                UART_AdvFeatureConfig
 .text.UART_CheckIdleState
                0x0800ec38      0x154 ./Drivers/STM32H7xx_HAL_Driver/Src/stm32h7xx_hal_uart.o
                0x0800ec38                UART_CheckIdleState
 .text.UART_WaitOnFlagUntilTimeout
                0x0800ed8c       0xda ./Drivers/STM32H7xx_HAL_Driver/Src/stm32h7xx_hal_uart.o
                0x0800ed8c                UART_WaitOnFlagUntilTimeout
 *fill*         0x0800ee66        0x2 
 .text.UART_EndRxTransfer
                0x0800ee68       0xcc ./Drivers/STM32H7xx_HAL_Driver/Src/stm32h7xx_hal_uart.o
 .text.__NVIC_SetPriority
                0x0800ef34       0x54 ./Middlewares/Third_Party/FreeRTOS/Source/CMSIS_RTOS_V2/cmsis_os2.o
 .text.SysTick_Handler
                0x0800ef88       0x20 ./Middlewares/Third_Party/FreeRTOS/Source/CMSIS_RTOS_V2/cmsis_os2.o
                0x0800ef88                SysTick_Handler
 .text.SVC_Setup
                0x0800efa8       0x12 ./Middlewares/Third_Party/FreeRTOS/Source/CMSIS_RTOS_V2/cmsis_os2.o
 *fill*         0x0800efba        0x2 
 .text.osKernelInitialize
                0x0800efbc       0x48 ./Middlewares/Third_Party/FreeRTOS/Source/CMSIS_RTOS_V2/cmsis_os2.o
                0x0800efbc                osKernelInitialize
 .text.osKernelStart
                0x0800f004       0x4c ./Middlewares/Third_Party/FreeRTOS/Source/CMSIS_RTOS_V2/cmsis_os2.o
                0x0800f004                osKernelStart
 .text.osThreadNew
                0x0800f050      0x124 ./Middlewares/Third_Party/FreeRTOS/Source/CMSIS_RTOS_V2/cmsis_os2.o
                0x0800f050                osThreadNew
 .text.osDelay  0x0800f174       0x36 ./Middlewares/Third_Party/FreeRTOS/Source/CMSIS_RTOS_V2/cmsis_os2.o
                0x0800f174                osDelay
 .text.osMutexNew
                0x0800f1aa      0x10c ./Middlewares/Third_Party/FreeRTOS/Source/CMSIS_RTOS_V2/cmsis_os2.o
                0x0800f1aa                osMutexNew
 .text.osMessageQueueNew
                0x0800f2b6       0xe6 ./Middlewares/Third_Party/FreeRTOS/Source/CMSIS_RTOS_V2/cmsis_os2.o
                0x0800f2b6                osMessageQueueNew
 .text.osMessageQueuePut
                0x0800f39c       0xc0 ./Middlewares/Third_Party/FreeRTOS/Source/CMSIS_RTOS_V2/cmsis_os2.o
                0x0800f39c                osMessageQueuePut
 .text.vApplicationGetIdleTaskMemory
                0x0800f45c       0x34 ./Middlewares/Third_Party/FreeRTOS/Source/CMSIS_RTOS_V2/cmsis_os2.o
                0x0800f45c                vApplicationGetIdleTaskMemory
 .text.vApplicationGetTimerTaskMemory
                0x0800f490       0x34 ./Middlewares/Third_Party/FreeRTOS/Source/CMSIS_RTOS_V2/cmsis_os2.o
                0x0800f490                vApplicationGetTimerTaskMemory
 .text.vListInitialise
                0x0800f4c4       0x40 ./Middlewares/Third_Party/FreeRTOS/Source/list.o
                0x0800f4c4                vListInitialise
 .text.vListInitialiseItem
                0x0800f504       0x1a ./Middlewares/Third_Party/FreeRTOS/Source/list.o
                0x0800f504                vListInitialiseItem
 .text.vListInsertEnd
                0x0800f51e       0x48 ./Middlewares/Third_Party/FreeRTOS/Source/list.o
                0x0800f51e                vListInsertEnd
 .text.vListInsert
                0x0800f566       0x72 ./Middlewares/Third_Party/FreeRTOS/Source/list.o
                0x0800f566                vListInsert
 .text.uxListRemove
                0x0800f5d8       0x54 ./Middlewares/Third_Party/FreeRTOS/Source/list.o
                0x0800f5d8                uxListRemove
 .text.xQueueGenericReset
                0x0800f62c       0xd4 ./Middlewares/Third_Party/FreeRTOS/Source/queue.o
                0x0800f62c                xQueueGenericReset
 .text.xQueueGenericCreateStatic
                0x0800f700       0xfa ./Middlewares/Third_Party/FreeRTOS/Source/queue.o
                0x0800f700                xQueueGenericCreateStatic
 .text.xQueueGenericCreate
                0x0800f7fa       0x76 ./Middlewares/Third_Party/FreeRTOS/Source/queue.o
                0x0800f7fa                xQueueGenericCreate
 .text.prvInitialiseNewQueue
                0x0800f870       0x46 ./Middlewares/Third_Party/FreeRTOS/Source/queue.o
 .text.prvInitialiseMutex
                0x0800f8b6       0x34 ./Middlewares/Third_Party/FreeRTOS/Source/queue.o
 .text.xQueueCreateMutex
                0x0800f8ea       0x30 ./Middlewares/Third_Party/FreeRTOS/Source/queue.o
                0x0800f8ea                xQueueCreateMutex
 .text.xQueueCreateMutexStatic
                0x0800f91a       0x36 ./Middlewares/Third_Party/FreeRTOS/Source/queue.o
                0x0800f91a                xQueueCreateMutexStatic
 .text.xQueueGenericSend
                0x0800f950      0x204 ./Middlewares/Third_Party/FreeRTOS/Source/queue.o
                0x0800f950                xQueueGenericSend
 .text.xQueueGenericSendFromISR
                0x0800fb54      0x13c ./Middlewares/Third_Party/FreeRTOS/Source/queue.o
                0x0800fb54                xQueueGenericSendFromISR
 .text.xQueueGiveFromISR
                0x0800fc90      0x120 ./Middlewares/Third_Party/FreeRTOS/Source/queue.o
                0x0800fc90                xQueueGiveFromISR
 .text.xQueueReceive
                0x0800fdb0      0x1c4 ./Middlewares/Third_Party/FreeRTOS/Source/queue.o
                0x0800fdb0                xQueueReceive
 .text.xQueueSemaphoreTake
                0x0800ff74      0x220 ./Middlewares/Third_Party/FreeRTOS/Source/queue.o
                0x0800ff74                xQueueSemaphoreTake
 .text.prvGetDisinheritPriorityAfterTimeout
                0x08010194       0x30 ./Middlewares/Third_Party/FreeRTOS/Source/queue.o
 .text.prvCopyDataToQueue
                0x080101c4       0xd4 ./Middlewares/Third_Party/FreeRTOS/Source/queue.o
 .text.prvCopyDataFromQueue
                0x08010298       0x4c ./Middlewares/Third_Party/FreeRTOS/Source/queue.o
 .text.prvUnlockQueue
                0x080102e4       0xa4 ./Middlewares/Third_Party/FreeRTOS/Source/queue.o
 .text.prvIsQueueEmpty
                0x08010388       0x2c ./Middlewares/Third_Party/FreeRTOS/Source/queue.o
 .text.prvIsQueueFull
                0x080103b4       0x30 ./Middlewares/Third_Party/FreeRTOS/Source/queue.o
 .text.vQueueAddToRegistry
                0x080103e4       0x54 ./Middlewares/Third_Party/FreeRTOS/Source/queue.o
                0x080103e4                vQueueAddToRegistry
 .text.vQueueWaitForMessageRestricted
                0x08010438       0x68 ./Middlewares/Third_Party/FreeRTOS/Source/queue.o
                0x08010438                vQueueWaitForMessageRestricted
 .text.xStreamBufferGenericCreate
                0x080104a0       0xbc ./Middlewares/Third_Party/FreeRTOS/Source/stream_buffer.o
                0x080104a0                xStreamBufferGenericCreate
 .text.xStreamBufferSpacesAvailable
                0x0801055c       0x68 ./Middlewares/Third_Party/FreeRTOS/Source/stream_buffer.o
                0x0801055c                xStreamBufferSpacesAvailable
 .text.xStreamBufferSend
                0x080105c4      0x172 ./Middlewares/Third_Party/FreeRTOS/Source/stream_buffer.o
                0x080105c4                xStreamBufferSend
 .text.prvWriteMessageToBuffer
                0x08010736       0x7a ./Middlewares/Third_Party/FreeRTOS/Source/stream_buffer.o
 .text.prvWriteBytesToBuffer
                0x080107b0       0xea ./Middlewares/Third_Party/FreeRTOS/Source/stream_buffer.o
 .text.prvBytesInBuffer
                0x0801089a       0x40 ./Middlewares/Third_Party/FreeRTOS/Source/stream_buffer.o
 .text.prvInitialiseNewStreamBuffer
                0x080108da       0x68 ./Middlewares/Third_Party/FreeRTOS/Source/stream_buffer.o
 .text.xTaskCreateStatic
                0x08010942       0xc0 ./Middlewares/Third_Party/FreeRTOS/Source/tasks.o
                0x08010942                xTaskCreateStatic
 .text.xTaskCreate
                0x08010a02       0x8a ./Middlewares/Third_Party/FreeRTOS/Source/tasks.o
                0x08010a02                xTaskCreate
 .text.prvInitialiseNewTask
                0x08010a8c      0x150 ./Middlewares/Third_Party/FreeRTOS/Source/tasks.o
 .text.prvAddNewTaskToReadyList
                0x08010bdc       0xe0 ./Middlewares/Third_Party/FreeRTOS/Source/tasks.o
 .text.vTaskDelay
                0x08010cbc       0x6c ./Middlewares/Third_Party/FreeRTOS/Source/tasks.o
                0x08010cbc                vTaskDelay
 .text.vTaskStartScheduler
                0x08010d28       0xe0 ./Middlewares/Third_Party/FreeRTOS/Source/tasks.o
                0x08010d28                vTaskStartScheduler
 .text.vTaskSuspendAll
                0x08010e08       0x1c ./Middlewares/Third_Party/FreeRTOS/Source/tasks.o
                0x08010e08                vTaskSuspendAll
 .text.xTaskResumeAll
                0x08010e24      0x13c ./Middlewares/Third_Party/FreeRTOS/Source/tasks.o
                0x08010e24                xTaskResumeAll
 .text.xTaskGetTickCount
                0x08010f60       0x20 ./Middlewares/Third_Party/FreeRTOS/Source/tasks.o
                0x08010f60                xTaskGetTickCount
 .text.xTaskIncrementTick
                0x08010f80      0x174 ./Middlewares/Third_Party/FreeRTOS/Source/tasks.o
                0x08010f80                xTaskIncrementTick
 .text.vTaskSwitchContext
                0x080110f4       0xcc ./Middlewares/Third_Party/FreeRTOS/Source/tasks.o
                0x080110f4                vTaskSwitchContext
 .text.vTaskPlaceOnEventList
                0x080111c0       0x4c ./Middlewares/Third_Party/FreeRTOS/Source/tasks.o
                0x080111c0                vTaskPlaceOnEventList
 .text.vTaskPlaceOnEventListRestricted
                0x0801120c       0x58 ./Middlewares/Third_Party/FreeRTOS/Source/tasks.o
                0x0801120c                vTaskPlaceOnEventListRestricted
 .text.xTaskRemoveFromEventList
                0x08011264       0xc8 ./Middlewares/Third_Party/FreeRTOS/Source/tasks.o
                0x08011264                xTaskRemoveFromEventList
 .text.vTaskSetTimeOutState
                0x0801132c       0x50 ./Middlewares/Third_Party/FreeRTOS/Source/tasks.o
                0x0801132c                vTaskSetTimeOutState
 .text.vTaskInternalSetTimeOutState
                0x0801137c       0x2c ./Middlewares/Third_Party/FreeRTOS/Source/tasks.o
                0x0801137c                vTaskInternalSetTimeOutState
 .text.xTaskCheckForTimeOut
                0x080113a8       0xc8 ./Middlewares/Third_Party/FreeRTOS/Source/tasks.o
                0x080113a8                xTaskCheckForTimeOut
 .text.vTaskMissedYield
                0x08011470       0x18 ./Middlewares/Third_Party/FreeRTOS/Source/tasks.o
                0x08011470                vTaskMissedYield
 .text.prvIdleTask
                0x08011488       0x30 ./Middlewares/Third_Party/FreeRTOS/Source/tasks.o
 .text.prvInitialiseTaskLists
                0x080114b8       0x80 ./Middlewares/Third_Party/FreeRTOS/Source/tasks.o
 .text.prvCheckTasksWaitingTermination
                0x08011538       0x5c ./Middlewares/Third_Party/FreeRTOS/Source/tasks.o
 .text.prvDeleteTCB
                0x08011594       0x6a ./Middlewares/Third_Party/FreeRTOS/Source/tasks.o
 *fill*         0x080115fe        0x2 
 .text.prvResetNextTaskUnblockTime
                0x08011600       0x40 ./Middlewares/Third_Party/FreeRTOS/Source/tasks.o
 .text.xTaskGetCurrentTaskHandle
                0x08011640       0x20 ./Middlewares/Third_Party/FreeRTOS/Source/tasks.o
                0x08011640                xTaskGetCurrentTaskHandle
 .text.xTaskGetSchedulerState
                0x08011660       0x3c ./Middlewares/Third_Party/FreeRTOS/Source/tasks.o
                0x08011660                xTaskGetSchedulerState
 .text.xTaskPriorityInherit
                0x0801169c       0xd0 ./Middlewares/Third_Party/FreeRTOS/Source/tasks.o
                0x0801169c                xTaskPriorityInherit
 .text.xTaskPriorityDisinherit
                0x0801176c       0xe0 ./Middlewares/Third_Party/FreeRTOS/Source/tasks.o
                0x0801176c                xTaskPriorityDisinherit
 .text.vTaskPriorityDisinheritAfterTimeout
                0x0801184c      0x108 ./Middlewares/Third_Party/FreeRTOS/Source/tasks.o
                0x0801184c                vTaskPriorityDisinheritAfterTimeout
 .text.pvTaskIncrementMutexHeldCount
                0x08011954       0x28 ./Middlewares/Third_Party/FreeRTOS/Source/tasks.o
                0x08011954                pvTaskIncrementMutexHeldCount
 .text.ulTaskNotifyTake
                0x0801197c       0x98 ./Middlewares/Third_Party/FreeRTOS/Source/tasks.o
                0x0801197c                ulTaskNotifyTake
 .text.xTaskNotifyWait
                0x08011a14       0xc0 ./Middlewares/Third_Party/FreeRTOS/Source/tasks.o
                0x08011a14                xTaskNotifyWait
 .text.xTaskGenericNotify
                0x08011ad4      0x184 ./Middlewares/Third_Party/FreeRTOS/Source/tasks.o
                0x08011ad4                xTaskGenericNotify
 .text.vTaskNotifyGiveFromISR
                0x08011c58      0x12c ./Middlewares/Third_Party/FreeRTOS/Source/tasks.o
                0x08011c58                vTaskNotifyGiveFromISR
 .text.xTaskNotifyStateClear
                0x08011d84       0x4c ./Middlewares/Third_Party/FreeRTOS/Source/tasks.o
                0x08011d84                xTaskNotifyStateClear
 .text.prvAddCurrentTaskToDelayedList
                0x08011dd0       0xa8 ./Middlewares/Third_Party/FreeRTOS/Source/tasks.o
 .text.xTimerCreateTimerTask
                0x08011e78       0x94 ./Middlewares/Third_Party/FreeRTOS/Source/timers.o
                0x08011e78                xTimerCreateTimerTask
 .text.xTimerGenericCommand
                0x08011f0c       0x9c ./Middlewares/Third_Party/FreeRTOS/Source/timers.o
                0x08011f0c                xTimerGenericCommand
 .text.prvProcessExpiredTimer
                0x08011fa8       0x9c ./Middlewares/Third_Party/FreeRTOS/Source/timers.o
 .text.prvTimerTask
                0x08012044       0x26 ./Middlewares/Third_Party/FreeRTOS/Source/timers.o
 *fill*         0x0801206a        0x2 
 .text.prvProcessTimerOrBlockTask
                0x0801206c       0x9c ./Middlewares/Third_Party/FreeRTOS/Source/timers.o
 .text.prvGetNextExpireTime
                0x08012108       0x48 ./Middlewares/Third_Party/FreeRTOS/Source/timers.o
 .text.prvSampleTimeNow
                0x08012150       0x40 ./Middlewares/Third_Party/FreeRTOS/Source/timers.o
 .text.prvInsertTimerInActiveList
                0x08012190       0x84 ./Middlewares/Third_Party/FreeRTOS/Source/timers.o
 .text.prvProcessReceivedCommands
                0x08012214      0x1cc ./Middlewares/Third_Party/FreeRTOS/Source/timers.o
 .text.prvSwitchTimerLists
                0x080123e0       0xcc ./Middlewares/Third_Party/FreeRTOS/Source/timers.o
 .text.prvCheckForValidListAndQueue
                0x080124ac       0x80 ./Middlewares/Third_Party/FreeRTOS/Source/timers.o
 .text.pxPortInitialiseStack
                0x0801252c       0x68 ./Middlewares/Third_Party/FreeRTOS/Source/portable/GCC/ARM_CM4F/port.o
                0x0801252c                pxPortInitialiseStack
 .text.prvTaskExitError
                0x08012594       0x5c ./Middlewares/Third_Party/FreeRTOS/Source/portable/GCC/ARM_CM4F/port.o
 .text.SVC_Handler
                0x080125f0       0x28 ./Middlewares/Third_Party/FreeRTOS/Source/portable/GCC/ARM_CM4F/port.o
                0x080125f0                SVC_Handler
 .text.prvPortStartFirstTask
                0x08012618       0x28 ./Middlewares/Third_Party/FreeRTOS/Source/portable/GCC/ARM_CM4F/port.o
 .text.xPortStartScheduler
                0x08012640      0x148 ./Middlewares/Third_Party/FreeRTOS/Source/portable/GCC/ARM_CM4F/port.o
                0x08012640                xPortStartScheduler
 .text.vPortEnterCritical
                0x08012788       0x64 ./Middlewares/Third_Party/FreeRTOS/Source/portable/GCC/ARM_CM4F/port.o
                0x08012788                vPortEnterCritical
 .text.vPortExitCritical
                0x080127ec       0x54 ./Middlewares/Third_Party/FreeRTOS/Source/portable/GCC/ARM_CM4F/port.o
                0x080127ec                vPortExitCritical
 .text.PendSV_Handler
                0x08012840       0x68 ./Middlewares/Third_Party/FreeRTOS/Source/portable/GCC/ARM_CM4F/port.o
                0x08012840                PendSV_Handler
 .text.xPortSysTickHandler
                0x080128a8       0x44 ./Middlewares/Third_Party/FreeRTOS/Source/portable/GCC/ARM_CM4F/port.o
                0x080128a8                xPortSysTickHandler
 .text.vPortSetupTimerInterrupt
                0x080128ec       0x48 ./Middlewares/Third_Party/FreeRTOS/Source/portable/GCC/ARM_CM4F/port.o
                0x080128ec                vPortSetupTimerInterrupt
 .text.vPortEnableVFP
                0x08012934       0x14 ./Middlewares/Third_Party/FreeRTOS/Source/portable/GCC/ARM_CM4F/port.o
 .text.vPortValidateInterruptPriority
                0x08012948       0x84 ./Middlewares/Third_Party/FreeRTOS/Source/portable/GCC/ARM_CM4F/port.o
                0x08012948                vPortValidateInterruptPriority
 .text.pvPortMalloc
                0x080129cc      0x19c ./Middlewares/Third_Party/FreeRTOS/Source/portable/MemMang/heap_4.o
                0x080129cc                pvPortMalloc
 .text.vPortFree
                0x08012b68       0xc8 ./Middlewares/Third_Party/FreeRTOS/Source/portable/MemMang/heap_4.o
                0x08012b68                vPortFree
 .text.prvHeapInit
                0x08012c30       0xc4 ./Middlewares/Third_Party/FreeRTOS/Source/portable/MemMang/heap_4.o
 .text.prvInsertBlockIntoFreeList
                0x08012cf4       0xb4 ./Middlewares/Third_Party/FreeRTOS/Source/portable/MemMang/heap_4.o
 .text.memset   0x08012da8       0x10 /opt/st/stm32cubeide_1.17.0/plugins/com.st.stm32cube.ide.mcu.externaltools.gnu-tools-for-stm32.12.3.rel1.linux64_1.1.0.202410170702/tools/bin/../lib/gcc/arm-none-eabi/12.3.1/../../../../arm-none-eabi/lib/thumb/v7e-m+dp/hard/libc_nano.a(libc_a-memset.o)
                0x08012da8                memset
 .text._reclaim_reent
                0x08012db8       0xac /opt/st/stm32cubeide_1.17.0/plugins/com.st.stm32cube.ide.mcu.externaltools.gnu-tools-for-stm32.12.3.rel1.linux64_1.1.0.202410170702/tools/bin/../lib/gcc/arm-none-eabi/12.3.1/../../../../arm-none-eabi/lib/thumb/v7e-m+dp/hard/libc_nano.a(libc_a-reent.o)
                0x08012db8                _reclaim_reent
 .text.__libc_init_array
                0x08012e64       0x48 /opt/st/stm32cubeide_1.17.0/plugins/com.st.stm32cube.ide.mcu.externaltools.gnu-tools-for-stm32.12.3.rel1.linux64_1.1.0.202410170702/tools/bin/../lib/gcc/arm-none-eabi/12.3.1/../../../../arm-none-eabi/lib/thumb/v7e-m+dp/hard/libc_nano.a(libc_a-init.o)
                0x08012e64                __libc_init_array
 .text.__retarget_lock_acquire_recursive
                0x08012eac        0x2 /opt/st/stm32cubeide_1.17.0/plugins/com.st.stm32cube.ide.mcu.externaltools.gnu-tools-for-stm32.12.3.rel1.linux64_1.1.0.202410170702/tools/bin/../lib/gcc/arm-none-eabi/12.3.1/../../../../arm-none-eabi/lib/thumb/v7e-m+dp/hard/libc_nano.a(libc_a-lock.o)
                0x08012eac                __retarget_lock_acquire_recursive
 .text.__retarget_lock_release_recursive
                0x08012eae        0x2 /opt/st/stm32cubeide_1.17.0/plugins/com.st.stm32cube.ide.mcu.externaltools.gnu-tools-for-stm32.12.3.rel1.linux64_1.1.0.202410170702/tools/bin/../lib/gcc/arm-none-eabi/12.3.1/../../../../arm-none-eabi/lib/thumb/v7e-m+dp/hard/libc_nano.a(libc_a-lock.o)
                0x08012eae                __retarget_lock_release_recursive
 .text.memcpy   0x08012eb0       0x1c /opt/st/stm32cubeide_1.17.0/plugins/com.st.stm32cube.ide.mcu.externaltools.gnu-tools-for-stm32.12.3.rel1.linux64_1.1.0.202410170702/tools/bin/../lib/gcc/arm-none-eabi/12.3.1/../../../../arm-none-eabi/lib/thumb/v7e-m+dp/hard/libc_nano.a(libc_a-memcpy-stub.o)
                0x08012eb0                memcpy
 .text._free_r  0x08012ecc       0x94 /opt/st/stm32cubeide_1.17.0/plugins/com.st.stm32cube.ide.mcu.externaltools.gnu-tools-for-stm32.12.3.rel1.linux64_1.1.0.202410170702/tools/bin/../lib/gcc/arm-none-eabi/12.3.1/../../../../arm-none-eabi/lib/thumb/v7e-m+dp/hard/libc_nano.a(libc_a-freer.o)
                0x08012ecc                _free_r
 .text.__malloc_lock
                0x08012f60        0xc /opt/st/stm32cubeide_1.17.0/plugins/com.st.stm32cube.ide.mcu.externaltools.gnu-tools-for-stm32.12.3.rel1.linux64_1.1.0.202410170702/tools/bin/../lib/gcc/arm-none-eabi/12.3.1/../../../../arm-none-eabi/lib/thumb/v7e-m+dp/hard/libc_nano.a(libc_a-mlock.o)
                0x08012f60                __malloc_lock
 .text.__malloc_unlock
                0x08012f6c        0xc /opt/st/stm32cubeide_1.17.0/plugins/com.st.stm32cube.ide.mcu.externaltools.gnu-tools-for-stm32.12.3.rel1.linux64_1.1.0.202410170702/tools/bin/../lib/gcc/arm-none-eabi/12.3.1/../../../../arm-none-eabi/lib/thumb/v7e-m+dp/hard/libc_nano.a(libc_a-mlock.o)
                0x08012f6c                __malloc_unlock
 *(.glue_7)
 .glue_7        0x08012f78        0x0 linker stubs
 *(.glue_7t)
 .glue_7t       0x08012f78        0x0 linker stubs
 *(.eh_frame)
 .eh_frame      0x08012f78        0x0 /opt/st/stm32cubeide_1.17.0/plugins/com.st.stm32cube.ide.mcu.externaltools.gnu-tools-for-stm32.12.3.rel1.linux64_1.1.0.202410170702/tools/bin/../lib/gcc/arm-none-eabi/12.3.1/thumb/v7e-m+dp/hard/crtbegin.o
 *(.init)
 .init          0x08012f78        0x4 /opt/st/stm32cubeide_1.17.0/plugins/com.st.stm32cube.ide.mcu.externaltools.gnu-tools-for-stm32.12.3.rel1.linux64_1.1.0.202410170702/tools/bin/../lib/gcc/arm-none-eabi/12.3.1/thumb/v7e-m+dp/hard/crti.o
                0x08012f78                _init
 .init          0x08012f7c        0x8 /opt/st/stm32cubeide_1.17.0/plugins/com.st.stm32cube.ide.mcu.externaltools.gnu-tools-for-stm32.12.3.rel1.linux64_1.1.0.202410170702/tools/bin/../lib/gcc/arm-none-eabi/12.3.1/thumb/v7e-m+dp/hard/crtn.o
 *(.fini)
 .fini          0x08012f84        0x4 /opt/st/stm32cubeide_1.17.0/plugins/com.st.stm32cube.ide.mcu.externaltools.gnu-tools-for-stm32.12.3.rel1.linux64_1.1.0.202410170702/tools/bin/../lib/gcc/arm-none-eabi/12.3.1/thumb/v7e-m+dp/hard/crti.o
                0x08012f84                _fini
 .fini          0x08012f88        0x8 /opt/st/stm32cubeide_1.17.0/plugins/com.st.stm32cube.ide.mcu.externaltools.gnu-tools-for-stm32.12.3.rel1.linux64_1.1.0.202410170702/tools/bin/../lib/gcc/arm-none-eabi/12.3.1/thumb/v7e-m+dp/hard/crtn.o
                0x08012f90                        . = ALIGN (0x4)
                0x08012f90                        _etext = .

.vfp11_veneer   0x08012f90        0x0
 .vfp11_veneer  0x08012f90        0x0 linker stubs

.v4_bx          0x08012f90        0x0
 .v4_bx         0x08012f90        0x0 linker stubs

.iplt           0x08012f90        0x0
 .iplt          0x08012f90        0x0 /opt/st/stm32cubeide_1.17.0/plugins/com.st.stm32cube.ide.mcu.externaltools.gnu-tools-for-stm32.12.3.rel1.linux64_1.1.0.202410170702/tools/bin/../lib/gcc/arm-none-eabi/12.3.1/thumb/v7e-m+dp/hard/crtbegin.o

.rodata         0x08012f90      0x1e4
                0x08012f90                        . = ALIGN (0x4)
 *(.rodata)
 .rodata        0x08012f90       0x69 ./Core/Src/freertos.o
 *fill*         0x08012ff9        0x3 
 .rodata        0x08012ffc       0x1f ./Core/Src/tmp117.o
 *fill*         0x0801301b        0x1 
 .rodata        0x0801301c        0x5 ./Middlewares/Third_Party/FreeRTOS/Source/tasks.o
 *fill*         0x08013021        0x3 
 .rodata        0x08013024        0xd ./Middlewares/Third_Party/FreeRTOS/Source/timers.o
 *(.rodata*)
 *fill*         0x08013031        0x3 
 .rodata.vTaskEMGAcq_attributes
                0x08013034       0x24 ./Core/Src/freertos.o
                0x08013034                vTaskEMGAcq_attributes
 .rodata.vTaskPPGAcq_attributes
                0x08013058       0x24 ./Core/Src/freertos.o
                0x08013058                vTaskPPGAcq_attributes
 .rodata.vTaskIMUAcq_attributes
                0x0801307c       0x24 ./Core/Src/freertos.o
                0x0801307c                vTaskIMUAcq_attributes
 .rodata.vTaskTempAcq_attributes
                0x080130a0       0x24 ./Core/Src/freertos.o
                0x080130a0                vTaskTempAcq_attributes
 .rodata.vTaskDSP_attributes
                0x080130c4       0x24 ./Core/Src/freertos.o
                0x080130c4                vTaskDSP_attributes
 .rodata.Q_TEMP_attributes
                0x080130e8       0x18 ./Core/Src/freertos.o
                0x080130e8                Q_TEMP_attributes
 .rodata.Q_RESULTS_attributes
                0x08013100       0x18 ./Core/Src/freertos.o
                0x08013100                Q_RESULTS_attributes
 .rodata.MTX_SPI2_attributes
                0x08013118       0x10 ./Core/Src/freertos.o
                0x08013118                MTX_SPI2_attributes
 .rodata.MTX_I2C1_attributes
                0x08013128       0x10 ./Core/Src/freertos.o
                0x08013128                MTX_I2C1_attributes
 .rodata.D1CorePrescTable
                0x08013138       0x10 ./Core/Src/system_stm32h7xx.o
                0x08013138                D1CorePrescTable
 .rodata.LED_PIN
                0x08013148        0x6 ./Drivers/BSP/STM32H7xx_Nucleo/stm32h7xx_nucleo.o
 *fill*         0x0801314e        0x2 
 .rodata.BUTTON_EXTI_LINE.2
                0x08013150        0x4 ./Drivers/BSP/STM32H7xx_Nucleo/stm32h7xx_nucleo.o
 .rodata.flagBitshiftOffset.0
                0x08013154        0x8 ./Drivers/STM32H7xx_HAL_Driver/Src/stm32h7xx_hal_dma.o
 .rodata.UARTPrescTable
                0x0801315c       0x18 ./Drivers/STM32H7xx_HAL_Driver/Src/stm32h7xx_hal_uart.o
                0x0801315c                UARTPrescTable
                0x08013174                        . = ALIGN (0x4)

.ARM.extab
 *(.ARM.extab* .gnu.linkonce.armextab.*)

.ARM            0x08013174        0x8
                0x08013174                        __exidx_start = .
 *(.ARM.exidx*)
 .ARM.exidx     0x08013174        0x8 /opt/st/stm32cubeide_1.17.0/plugins/com.st.stm32cube.ide.mcu.externaltools.gnu-tools-for-stm32.12.3.rel1.linux64_1.1.0.202410170702/tools/bin/../lib/gcc/arm-none-eabi/12.3.1/thumb/v7e-m+dp/hard/libgcc.a(_udivmoddi4.o)
                0x0801317c                        __exidx_end = .

.preinit_array  0x0801317c        0x0
                0x0801317c                        PROVIDE (__preinit_array_start = .)
 *(.preinit_array*)
                0x0801317c                        PROVIDE (__preinit_array_end = .)

.init_array     0x0801317c        0x4
                0x0801317c                        PROVIDE (__init_array_start = .)
 *(SORT_BY_NAME(.init_array.*))
 *(.init_array*)
 .init_array    0x0801317c        0x4 /opt/st/stm32cubeide_1.17.0/plugins/com.st.stm32cube.ide.mcu.externaltools.gnu-tools-for-stm32.12.3.rel1.linux64_1.1.0.202410170702/tools/bin/../lib/gcc/arm-none-eabi/12.3.1/thumb/v7e-m+dp/hard/crtbegin.o
                0x08013180                        PROVIDE (__init_array_end = .)

.fini_array     0x08013180        0x4
                [!provide]                        PROVIDE (__fini_array_start = .)
 *(SORT_BY_NAME(.fini_array.*))
 *(.fini_array*)
 .fini_array    0x08013180        0x4 /opt/st/stm32cubeide_1.17.0/plugins/com.st.stm32cube.ide.mcu.externaltools.gnu-tools-for-stm32.12.3.rel1.linux64_1.1.0.202410170702/tools/bin/../lib/gcc/arm-none-eabi/12.3.1/thumb/v7e-m+dp/hard/crtbegin.o
                [!provide]                        PROVIDE (__fini_array_end = .)
                0x08013184                        _sidata = LOADADDR (.data)

.rel.dyn        0x08013184        0x0
 .rel.iplt      0x08013184        0x0 /opt/st/stm32cubeide_1.17.0/plugins/com.st.stm32cube.ide.mcu.externaltools.gnu-tools-for-stm32.12.3.rel1.linux64_1.1.0.202410170702/tools/bin/../lib/gcc/arm-none-eabi/12.3.1/thumb/v7e-m+dp/hard/crtbegin.o

.data           0x24000000       0xac load address 0x08013184
                0x24000000                        . = ALIGN (0x4)
                0x24000000                        _sdata = .
 *(.data)
 *(.data*)
 .data.ADS1292R_config1
                0x24000000        0x1 ./Core/Src/ads1292r.o
                0x24000000                ADS1292R_config1
 *fill*         0x24000001        0x3 
 .data.ADS1292R_config2
                0x24000004        0x6 ./Core/Src/ads1292r.o
                0x24000004                ADS1292R_config2
 *fill*         0x2400000a        0x2 
 .data.ADS1292R_ch1set
                0x2400000c        0x3 ./Core/Src/ads1292r.o
                0x2400000c                ADS1292R_ch1set
 *fill*         0x2400000f        0x1 
 .data.ADS1292R_ch2set
                0x24000010        0x3 ./Core/Src/ads1292r.o
                0x24000010                ADS1292R_ch2set
 *fill*         0x24000013        0x1 
 .data.ADS1292R_rld_sens
                0x24000014        0x6 ./Core/Src/ads1292r.o
                0x24000014                ADS1292R_rld_sens
 *fill*         0x2400001a        0x2 
 .data.ADS1292R_loff_sens
                0x2400001c        0x6 ./Core/Src/ads1292r.o
                0x2400001c                ADS1292R_loff_sens
 *fill*         0x24000022        0x2 
 .data.ADS1292R_resp1
                0x24000024        0x4 ./Core/Src/ads1292r.o
                0x24000024                ADS1292R_resp1
 .data.ADS1292R_resp2
                0x24000028        0x3 ./Core/Src/ads1292r.o
                0x24000028                ADS1292R_resp2
 *fill*         0x2400002b        0x1 
 .data.SystemCoreClock
                0x2400002c        0x4 ./Core/Src/system_stm32h7xx.o
                0x2400002c                SystemCoreClock
 .data.SystemD2Clock
                0x24000030        0x4 ./Core/Src/system_stm32h7xx.o
                0x24000030                SystemD2Clock
 .data.COM_USART
                0x24000034        0x4 ./Drivers/BSP/STM32H7xx_Nucleo/stm32h7xx_nucleo.o
                0x24000034                COM_USART
 .data.LED_PORT
                0x24000038        0xc ./Drivers/BSP/STM32H7xx_Nucleo/stm32h7xx_nucleo.o
 .data.BUTTON_PORT
                0x24000044        0x4 ./Drivers/BSP/STM32H7xx_Nucleo/stm32h7xx_nucleo.o
 .data.ButtonCallback.1
                0x24000048        0x4 ./Drivers/BSP/STM32H7xx_Nucleo/stm32h7xx_nucleo.o
 .data.BSP_BUTTON_PRIO.0
                0x2400004c        0x4 ./Drivers/BSP/STM32H7xx_Nucleo/stm32h7xx_nucleo.o
 .data.uwTickPrio
                0x24000050        0x4 ./Drivers/STM32H7xx_HAL_Driver/Src/stm32h7xx_hal.o
                0x24000050                uwTickPrio
 .data.uwTickFreq
                0x24000054        0x1 ./Drivers/STM32H7xx_HAL_Driver/Src/stm32h7xx_hal.o
                0x24000054                uwTickFreq
 *fill*         0x24000055        0x3 
 .data.uxCriticalNesting
                0x24000058        0x4 ./Middlewares/Third_Party/FreeRTOS/Source/portable/GCC/ARM_CM4F/port.o
 .data._impure_ptr
                0x2400005c        0x4 /opt/st/stm32cubeide_1.17.0/plugins/com.st.stm32cube.ide.mcu.externaltools.gnu-tools-for-stm32.12.3.rel1.linux64_1.1.0.202410170702/tools/bin/../lib/gcc/arm-none-eabi/12.3.1/../../../../arm-none-eabi/lib/thumb/v7e-m+dp/hard/libc_nano.a(libc_a-impure.o)
                0x2400005c                _impure_ptr
 .data._impure_data
                0x24000060       0x4c /opt/st/stm32cubeide_1.17.0/plugins/com.st.stm32cube.ide.mcu.externaltools.gnu-tools-for-stm32.12.3.rel1.linux64_1.1.0.202410170702/tools/bin/../lib/gcc/arm-none-eabi/12.3.1/../../../../arm-none-eabi/lib/thumb/v7e-m+dp/hard/libc_nano.a(libc_a-impure.o)
                0x24000060                _impure_data
 *(.RamFunc)
 *(.RamFunc*)
                0x240000ac                        . = ALIGN (0x4)
                0x240000ac                        _edata = .

.igot.plt       0x240000ac        0x0 load address 0x08013230
 .igot.plt      0x240000ac        0x0 /opt/st/stm32cubeide_1.17.0/plugins/com.st.stm32cube.ide.mcu.externaltools.gnu-tools-for-stm32.12.3.rel1.linux64_1.1.0.202410170702/tools/bin/../lib/gcc/arm-none-eabi/12.3.1/thumb/v7e-m+dp/hard/crtbegin.o
                0x240000ac                        . = ALIGN (0x4)

.bss            0x240000ac     0x95e4 load address 0x08013230
                0x240000ac                        _sbss = .
                0x240000ac                        __bss_start__ = _sbss
 *(.bss)
 .bss           0x240000ac       0x1c /opt/st/stm32cubeide_1.17.0/plugins/com.st.stm32cube.ide.mcu.externaltools.gnu-tools-for-stm32.12.3.rel1.linux64_1.1.0.202410170702/tools/bin/../lib/gcc/arm-none-eabi/12.3.1/thumb/v7e-m+dp/hard/crtbegin.o
 *(.bss*)
 .bss.ADS1292R_data_buf
                0x240000c8        0x9 ./Core/Src/ads1292r.o
                0x240000c8                ADS1292R_data_buf
 *fill*         0x240000d1        0x3 
 .bss.ADS1292R_tmp
                0x240000d4        0x9 ./Core/Src/ads1292r.o
                0x240000d4                ADS1292R_tmp
 *fill*         0x240000dd        0x3 
 .bss.ADS1292R_reg
                0x240000e0        0xc ./Core/Src/ads1292r.o
                0x240000e0                ADS1292R_reg
 .bss.SB_PPG    0x240000ec        0x4 ./Core/Src/freertos.o
                0x240000ec                SB_PPG
 .bss.SB_EMG    0x240000f0        0x4 ./Core/Src/freertos.o
                0x240000f0                SB_EMG
 .bss.SB_IMU    0x240000f4        0x4 ./Core/Src/freertos.o
                0x240000f4                SB_IMU
 .bss.sem_dma_ppg
                0x240000f8        0x4 ./Core/Src/freertos.o
                0x240000f8                sem_dma_ppg
 .bss.vTaskEMGAcqHandle
                0x240000fc        0x4 ./Core/Src/freertos.o
                0x240000fc                vTaskEMGAcqHandle
 .bss.vTaskPPGAcqHandle
                0x24000100        0x4 ./Core/Src/freertos.o
                0x24000100                vTaskPPGAcqHandle
 .bss.vTaskIMUAcqHandle
                0x24000104        0x4 ./Core/Src/freertos.o
                0x24000104                vTaskIMUAcqHandle
 .bss.vTaskTempAcqHandle
                0x24000108        0x4 ./Core/Src/freertos.o
                0x24000108                vTaskTempAcqHandle
 .bss.vTaskDSPHandle
                0x2400010c        0x4 ./Core/Src/freertos.o
                0x2400010c                vTaskDSPHandle
 .bss.Q_TEMPHandle
                0x24000110        0x4 ./Core/Src/freertos.o
                0x24000110                Q_TEMPHandle
 .bss.Q_RESULTSHandle
                0x24000114        0x4 ./Core/Src/freertos.o
                0x24000114                Q_RESULTSHandle
 .bss.MTX_SPI2Handle
                0x24000118        0x4 ./Core/Src/freertos.o
                0x24000118                MTX_SPI2Handle
 .bss.MTX_I2C1Handle
                0x2400011c        0x4 ./Core/Src/freertos.o
                0x2400011c                MTX_I2C1Handle
 .bss.ppg_dummy_tx.2
                0x24000120      0x181 ./Core/Src/freertos.o
 *fill*         0x240002a1        0x3 
 .bss.ppg_rx_buf.1
                0x240002a4      0x181 ./Core/Src/freertos.o
 *fill*         0x24000425        0x3 
 .bss.tmp117_buf.0
                0x24000428        0x4 ./Core/Src/freertos.o
 .bss.hi2c1     0x2400042c       0x54 ./Core/Src/i2c.o
                0x2400042c                hi2c1
 .bss.lsm6dso_ctx
                0x24000480       0x10 ./Core/Src/lsm6dso_imu.o
                0x24000480                lsm6dso_ctx
 .bss._hspi     0x24000490        0x4 ./Core/Src/lsm6dso_imu.o
 .bss._cs_port  0x24000494        0x4 ./Core/Src/lsm6dso_imu.o
 .bss._cs_pin   0x24000498        0x2 ./Core/Src/lsm6dso_imu.o
 *fill*         0x2400049a        0x2 
 .bss.BspCOMInit
                0x2400049c       0x10 ./Core/Src/main.o
                0x2400049c                BspCOMInit
 .bss.hspi2     0x240004ac       0x88 ./Core/Src/spi.o
                0x240004ac                hspi2
 .bss.hdma_spi2_rx
                0x24000534       0x78 ./Core/Src/spi.o
                0x24000534                hdma_spi2_rx
 .bss.hdma_spi2_tx
                0x240005ac       0x78 ./Core/Src/spi.o
                0x240005ac                hdma_spi2_tx
 .bss.htim7     0x24000624       0x4c ./Core/Src/stm32h7xx_hal_timebase_tim.o
                0x24000624                htim7
 .bss.ppg_isr_timestamp
                0x24000670        0x4 ./Core/Src/stm32h7xx_it.o
                0x24000670                ppg_isr_timestamp
 .bss.emg_isr_timestamp
                0x24000674        0x4 ./Core/Src/stm32h7xx_it.o
                0x24000674                emg_isr_timestamp
 .bss.Imu_isr_timestamp
                0x24000678        0x4 ./Core/Src/stm32h7xx_it.o
                0x24000678                Imu_isr_timestamp
 .bss.htim2     0x2400067c       0x4c ./Core/Src/tim.o
                0x2400067c                htim2
 .bss.hpb_exti  0x240006c8        0x8 ./Drivers/BSP/STM32H7xx_Nucleo/stm32h7xx_nucleo.o
                0x240006c8                hpb_exti
 .bss.hcom_uart
                0x240006d0       0x94 ./Drivers/BSP/STM32H7xx_Nucleo/stm32h7xx_nucleo.o
                0x240006d0                hcom_uart
 .bss.uwTick    0x24000764        0x4 ./Drivers/STM32H7xx_HAL_Driver/Src/stm32h7xx_hal.o
                0x24000764                uwTick
 .bss.KernelState
                0x24000768        0x4 ./Middlewares/Third_Party/FreeRTOS/Source/CMSIS_RTOS_V2/cmsis_os2.o
 .bss.Idle_TCB.3
                0x2400076c       0xa8 ./Middlewares/Third_Party/FreeRTOS/Source/CMSIS_RTOS_V2/cmsis_os2.o
 .bss.Idle_Stack.2
                0x24000814      0x200 ./Middlewares/Third_Party/FreeRTOS/Source/CMSIS_RTOS_V2/cmsis_os2.o
 .bss.Timer_TCB.1
                0x24000a14       0xa8 ./Middlewares/Third_Party/FreeRTOS/Source/CMSIS_RTOS_V2/cmsis_os2.o
 .bss.Timer_Stack.0
                0x24000abc      0x400 ./Middlewares/Third_Party/FreeRTOS/Source/CMSIS_RTOS_V2/cmsis_os2.o
 .bss.xQueueRegistry
                0x24000ebc       0x40 ./Middlewares/Third_Party/FreeRTOS/Source/queue.o
                0x24000ebc                xQueueRegistry
 .bss.pxCurrentTCB
                0x24000efc        0x4 ./Middlewares/Third_Party/FreeRTOS/Source/tasks.o
                0x24000efc                pxCurrentTCB
 .bss.pxReadyTasksLists
                0x24000f00      0x460 ./Middlewares/Third_Party/FreeRTOS/Source/tasks.o
 .bss.xDelayedTaskList1
                0x24001360       0x14 ./Middlewares/Third_Party/FreeRTOS/Source/tasks.o
 .bss.xDelayedTaskList2
                0x24001374       0x14 ./Middlewares/Third_Party/FreeRTOS/Source/tasks.o
 .bss.pxDelayedTaskList
                0x24001388        0x4 ./Middlewares/Third_Party/FreeRTOS/Source/tasks.o
 .bss.pxOverflowDelayedTaskList
                0x2400138c        0x4 ./Middlewares/Third_Party/FreeRTOS/Source/tasks.o
 .bss.xPendingReadyList
                0x24001390       0x14 ./Middlewares/Third_Party/FreeRTOS/Source/tasks.o
 .bss.xTasksWaitingTermination
                0x240013a4       0x14 ./Middlewares/Third_Party/FreeRTOS/Source/tasks.o
 .bss.uxDeletedTasksWaitingCleanUp
                0x240013b8        0x4 ./Middlewares/Third_Party/FreeRTOS/Source/tasks.o
 .bss.xSuspendedTaskList
                0x240013bc       0x14 ./Middlewares/Third_Party/FreeRTOS/Source/tasks.o
 .bss.uxCurrentNumberOfTasks
                0x240013d0        0x4 ./Middlewares/Third_Party/FreeRTOS/Source/tasks.o
 .bss.xTickCount
                0x240013d4        0x4 ./Middlewares/Third_Party/FreeRTOS/Source/tasks.o
 .bss.uxTopReadyPriority
                0x240013d8        0x4 ./Middlewares/Third_Party/FreeRTOS/Source/tasks.o
 .bss.xSchedulerRunning
                0x240013dc        0x4 ./Middlewares/Third_Party/FreeRTOS/Source/tasks.o
 .bss.xPendedTicks
                0x240013e0        0x4 ./Middlewares/Third_Party/FreeRTOS/Source/tasks.o
 .bss.xYieldPending
                0x240013e4        0x4 ./Middlewares/Third_Party/FreeRTOS/Source/tasks.o
 .bss.xNumOfOverflows
                0x240013e8        0x4 ./Middlewares/Third_Party/FreeRTOS/Source/tasks.o
 .bss.uxTaskNumber
                0x240013ec        0x4 ./Middlewares/Third_Party/FreeRTOS/Source/tasks.o
 .bss.xNextTaskUnblockTime
                0x240013f0        0x4 ./Middlewares/Third_Party/FreeRTOS/Source/tasks.o
 .bss.xIdleTaskHandle
                0x240013f4        0x4 ./Middlewares/Third_Party/FreeRTOS/Source/tasks.o
 .bss.uxSchedulerSuspended
                0x240013f8        0x4 ./Middlewares/Third_Party/FreeRTOS/Source/tasks.o
 .bss.xActiveTimerList1
                0x240013fc       0x14 ./Middlewares/Third_Party/FreeRTOS/Source/timers.o
 .bss.xActiveTimerList2
                0x24001410       0x14 ./Middlewares/Third_Party/FreeRTOS/Source/timers.o
 .bss.pxCurrentTimerList
                0x24001424        0x4 ./Middlewares/Third_Party/FreeRTOS/Source/timers.o
 .bss.pxOverflowTimerList
                0x24001428        0x4 ./Middlewares/Third_Party/FreeRTOS/Source/timers.o
 .bss.xTimerQueue
                0x2400142c        0x4 ./Middlewares/Third_Party/FreeRTOS/Source/timers.o
 .bss.xTimerTaskHandle
                0x24001430        0x4 ./Middlewares/Third_Party/FreeRTOS/Source/timers.o
 .bss.xLastTime.2
                0x24001434        0x4 ./Middlewares/Third_Party/FreeRTOS/Source/timers.o
 .bss.ucStaticTimerQueueStorage.1
                0x24001438       0xa0 ./Middlewares/Third_Party/FreeRTOS/Source/timers.o
 .bss.xStaticTimerQueue.0
                0x240014d8       0x50 ./Middlewares/Third_Party/FreeRTOS/Source/timers.o
 .bss.ucMaxSysCallPriority
                0x24001528        0x1 ./Middlewares/Third_Party/FreeRTOS/Source/portable/GCC/ARM_CM4F/port.o
 *fill*         0x24001529        0x3 
 .bss.ulMaxPRIGROUPValue
                0x2400152c        0x4 ./Middlewares/Third_Party/FreeRTOS/Source/portable/GCC/ARM_CM4F/port.o
 .bss.ucHeap    0x24001530     0x8000 ./Middlewares/Third_Party/FreeRTOS/Source/portable/MemMang/heap_4.o
 .bss.xStart    0x24009530        0x8 ./Middlewares/Third_Party/FreeRTOS/Source/portable/MemMang/heap_4.o
 .bss.pxEnd     0x24009538        0x4 ./Middlewares/Third_Party/FreeRTOS/Source/portable/MemMang/heap_4.o
 .bss.xFreeBytesRemaining
                0x2400953c        0x4 ./Middlewares/Third_Party/FreeRTOS/Source/portable/MemMang/heap_4.o
 .bss.xMinimumEverFreeBytesRemaining
                0x24009540        0x4 ./Middlewares/Third_Party/FreeRTOS/Source/portable/MemMang/heap_4.o
 .bss.xNumberOfSuccessfulAllocations
                0x24009544        0x4 ./Middlewares/Third_Party/FreeRTOS/Source/portable/MemMang/heap_4.o
 .bss.xNumberOfSuccessfulFrees
                0x24009548        0x4 ./Middlewares/Third_Party/FreeRTOS/Source/portable/MemMang/heap_4.o
 .bss.xBlockAllocatedBit
                0x2400954c        0x4 ./Middlewares/Third_Party/FreeRTOS/Source/portable/MemMang/heap_4.o
 .bss.__sf      0x24009550      0x138 /opt/st/stm32cubeide_1.17.0/plugins/com.st.stm32cube.ide.mcu.externaltools.gnu-tools-for-stm32.12.3.rel1.linux64_1.1.0.202410170702/tools/bin/../lib/gcc/arm-none-eabi/12.3.1/../../../../arm-none-eabi/lib/thumb/v7e-m+dp/hard/libc_nano.a(libc_a-findfp.o)
                0x24009550                __sf
 .bss.__lock___malloc_recursive_mutex
                0x24009688        0x1 /opt/st/stm32cubeide_1.17.0/plugins/com.st.stm32cube.ide.mcu.externaltools.gnu-tools-for-stm32.12.3.rel1.linux64_1.1.0.202410170702/tools/bin/../lib/gcc/arm-none-eabi/12.3.1/../../../../arm-none-eabi/lib/thumb/v7e-m+dp/hard/libc_nano.a(libc_a-lock.o)
                0x24009688                __lock___malloc_recursive_mutex
 *fill*         0x24009689        0x3 
 .bss.__malloc_free_list
                0x2400968c        0x4 /opt/st/stm32cubeide_1.17.0/plugins/com.st.stm32cube.ide.mcu.externaltools.gnu-tools-for-stm32.12.3.rel1.linux64_1.1.0.202410170702/tools/bin/../lib/gcc/arm-none-eabi/12.3.1/../../../../arm-none-eabi/lib/thumb/v7e-m+dp/hard/libc_nano.a(libc_a-mallocr.o)
                0x2400968c                __malloc_free_list
 *(COMMON)
                0x24009690                        . = ALIGN (0x4)
                0x24009690                        _ebss = .
                0x24009690                        __bss_end__ = _ebss

._user_heap_stack
                0x24009690      0x600 load address 0x08013230
                0x24009690                        . = ALIGN (0x8)
                [!provide]                        PROVIDE (end = .)
                0x24009690                        PROVIDE (_end = .)
                0x24009890                        . = (. + _Min_Heap_Size)
 *fill*         0x24009690      0x200 
                0x24009c90                        . = (. + _Min_Stack_Size)
 *fill*         0x24009890      0x400 
                0x24009c90                        . = ALIGN (0x8)

/DISCARD/
 libc.a(*)
 libm.a(*)
 libgcc.a(*)

.ARM.attributes
                0x00000000       0x2e
 *(.ARM.attributes)
 .ARM.attributes
                0x00000000       0x20 /opt/st/stm32cubeide_1.17.0/plugins/com.st.stm32cube.ide.mcu.externaltools.gnu-tools-for-stm32.12.3.rel1.linux64_1.1.0.202410170702/tools/bin/../lib/gcc/arm-none-eabi/12.3.1/thumb/v7e-m+dp/hard/crti.o
 .ARM.attributes