../Core/Src/stm32h7xx_it.c:84:6:NMI_Handler	4	static
../Core/Src/stm32h7xx_it.c:99:6:HardFault_Handler	4	static
../Core/Src/stm32h7xx_it.c:114:6:MemManage_Handler	4	static
../Core/Src/stm32h7xx_it.c:129:6:BusFault_Handler	4	static
../Core/Src/stm32h7xx_it.c:144:6:UsageFault_Handler	4	static
../Core/Src/stm32h7xx_it.c:159:6:DebugMon_Handler	4	static
../Core/Src/stm32h7xx_it.c:179:6:DMA1_Stream3_IRQHandler	8	static
../Core/Src/stm32h7xx_it.c:193:6:DMA1_Stream4_IRQHandler	8	static
../Core/Src/stm32h7xx_it.c:207:6:TIM2_IRQHandler	8	static
../Core/Src/stm32h7xx_it.c:221:6:SPI2_IRQHandler	8	static
../Core/Src/stm32h7xx_it.c:235:6:EXTI15_10_IRQHandler	8	static
../Core/Src/stm32h7xx_it.c:252:6:TIM7_IRQHandler	8	static
../Core/Src/stm32h7xx_it.c:265:6:HAL_GPIO_EXTI_Callback	24	static,ignoring_inline_asm
../Core/Src/stm32h7xx_it.c:289:6:HAL_SPI_RxCpltCallback	24	static,ignoring_inline_asm
